###############################################################
#  Generated by:      Cadence Innovus 15.23-s045_1
#  OS:                Linux x86_64(Host ID ieng6-ece-02.ucsd.edu)
#  Generated on:      Mon Mar 16 21:40:34 2026
#  Design:            core
#  Command:           verifyConnectivity
###############################################################
Verify Connectivity Report is created on Mon Mar 16 21:40:34 2026



Net VDD: has special routes with opens at (20.000, 447.620) (1220.000, 1122.385)
Net VDD: has special routes with opens at (20.000, 98.420) (1220.000, 380.785)
Net VDD: has special routes with opens at (20.000, 1218.040) (1220.000, 1218.965)
Net VDD: has special routes with opens at (20.000, 1214.440) (1220.000, 1215.980)
Net VDD: has special routes with opens at (20.000, 1210.820) (1220.000, 1212.380)
Net VDD: has special routes with opens at (20.000, 1207.240) (1220.000, 1208.780)
Net VDD: has special routes with opens at (20.000, 1203.620) (1220.000, 1205.170)
Net VDD: has special routes with opens at (20.000, 1164.015) (1220.000, 1165.585)
Net VDD: has special routes with opens at (20.000, 1167.615) (1220.000, 1169.185)
Net VDD: has special routes with opens at (20.000, 1171.215) (1220.000, 1172.785)
Net VDD: has special routes with opens at (20.000, 1200.020) (1220.000, 1201.565)
Net VDD: has special routes with opens at (20.000, 1196.440) (1220.000, 1197.980)
Net VDD: has special routes with opens at (20.000, 1192.820) (1220.000, 1194.380)
Net VDD: has special routes with opens at (20.000, 1189.240) (1220.000, 1190.760)
Net VDD: has special routes with opens at (20.000, 1185.635) (1220.000, 1187.160)
Net VDD: has special routes with opens at (20.000, 1182.015) (1220.000, 1183.580)
Net VDD: has special routes with opens at (20.000, 1178.415) (1220.000, 1179.985)
Net VDD: has special routes with opens at (20.000, 1174.815) (1220.000, 1176.385)
Net VDD: has special routes with opens at (20.000, 1124.415) (1220.000, 1125.985)
Net VDD: has special routes with opens at (20.000, 1128.015) (1220.000, 1129.585)
Net VDD: has special routes with opens at (20.000, 1131.615) (1220.000, 1133.185)
Net VDD: has special routes with opens at (20.000, 1135.215) (1220.000, 1136.760)
Net VDD: has special routes with opens at (20.000, 1138.815) (1220.000, 1140.385)
Net VDD: has special routes with opens at (20.000, 1160.415) (1220.000, 1161.985)
Net VDD: has special routes with opens at (20.000, 1156.815) (1220.000, 1158.385)
Net VDD: has special routes with opens at (20.000, 1153.220) (1220.000, 1154.780)
Net VDD: has special routes with opens at (20.000, 1149.620) (1220.000, 1151.180)
Net VDD: has special routes with opens at (20.000, 1146.015) (1220.000, 1147.560)
Net VDD: has special routes with opens at (20.000, 1142.420) (1220.000, 1143.970)
Net VDD: has special routes with opens at (20.000, 444.020) (1220.000, 445.580)
Net VDD: has special routes with opens at (20.000, 440.420) (1220.000, 441.980)
Net VDD: has special routes with opens at (20.000, 436.820) (1220.000, 438.360)
Net VDD: has special routes with opens at (20.000, 433.220) (1220.000, 434.780)
Net VDD: has special routes with opens at (20.000, 429.635) (1220.000, 431.160)
Net VDD: has special routes with opens at (20.000, 426.040) (1220.000, 427.580)
Net VDD: has special routes with opens at (20.000, 390.020) (1220.000, 391.580)
Net VDD: has special routes with opens at (20.000, 393.620) (1220.000, 395.180)
Net VDD: has special routes with opens at (20.000, 397.220) (1220.000, 398.780)
Net VDD: has special routes with opens at (20.000, 400.820) (1220.000, 402.380)
Net VDD: has special routes with opens at (20.000, 404.420) (1220.000, 405.980)
Net VDD: has special routes with opens at (20.000, 408.020) (1220.000, 409.580)
Net VDD: has special routes with opens at (20.000, 411.620) (1220.000, 413.180)
Net VDD: has special routes with opens at (20.000, 422.420) (1220.000, 423.980)
Net VDD: has special routes with opens at (20.000, 418.820) (1220.000, 420.380)
Net VDD: has special routes with opens at (20.000, 415.240) (1220.000, 416.765)
Net VDD: has special routes with opens at (20.000, 386.420) (1220.000, 387.980)
Net VDD: has special routes with opens at (20.000, 382.820) (1220.000, 384.385)
Net VDD: has special routes with opens at (20.000, 80.420) (1220.000, 81.980)
Net VDD: has special routes with opens at (20.000, 84.020) (1220.000, 85.580)
Net VDD: has special routes with opens at (20.000, 87.620) (1220.000, 89.200)
Net VDD: has special routes with opens at (20.000, 91.220) (1220.000, 92.780)
Net VDD: has special routes with opens at (20.000, 94.800) (1220.000, 96.380)
Net VDD: has special routes with opens at (20.000, 73.235) (1220.000, 74.780)
Net VDD: has special routes with opens at (20.000, 69.620) (1220.000, 71.180)
Net VDD: has special routes with opens at (20.000, 66.020) (1220.000, 67.580)
Net VDD: has special routes with opens at (20.000, 62.420) (1220.000, 63.980)
Net VDD: has special routes with opens at (20.000, 58.820) (1220.000, 60.380)
Net VDD: has special routes with opens at (20.000, 55.220) (1220.000, 56.780)
Net VDD: has special routes with opens at (20.000, 51.620) (1220.000, 53.180)
Net VDD: has special routes with opens at (20.000, 48.040) (1220.000, 49.580)
Net VDD: has special routes with opens at (20.000, 44.420) (1220.000, 45.965)
Net VDD: has special routes with opens at (20.000, 40.835) (1220.000, 42.380)
Net VDD: has special routes with opens at (20.000, 19.835) (1220.000, 20.780)
Net VDD: has special routes with opens at (20.000, 22.840) (1220.000, 24.380)
Net VDD: has special routes with opens at (20.000, 26.435) (1220.000, 27.980)
Net VDD: has special routes with opens at (20.000, 30.035) (1220.000, 31.580)
Net VDD: has special routes with opens at (20.000, 33.640) (1220.000, 35.160)
Net VDD: has special routes with opens at (20.000, 37.235) (1220.000, 38.780)
Net VDD: has special routes with opens at (20.000, 76.820) (1220.000, 78.380)
Net VDD: has special routes with opens at (20.000, 1208.920) (1220.000, 1209.920)
Net VDD: has special routes with opens at (20.000, 1159.590) (1220.000, 1160.590)
Net VDD: has special routes with opens at (20.000, 419.640) (1220.000, 420.640)
Net VDD: has special routes with opens at (20.000, 74.330) (1220.000, 75.330)
Net VDD: has special routes with opens at (20.000, 25.000) (1220.000, 26.000)
Net VDD: dangling Wire at (20.000, 1209.420) (20.000, 1209.420) on layer: M5
Net VDD: dangling Wire at (1220.000, 1209.420) (1220.000, 1209.420) on layer: M5
Net VDD: dangling Wire at (20.000, 1110.760) (20.000, 1110.760) on layer: M5
Net VDD: dangling Wire at (1220.000, 1110.760) (1220.000, 1110.760) on layer: M5
Net VDD: dangling Wire at (20.000, 1160.090) (20.000, 1160.090) on layer: M5
Net VDD: dangling Wire at (1220.000, 1160.090) (1220.000, 1160.090) on layer: M5
Net VDD: dangling Wire at (20.000, 1061.430) (20.000, 1061.430) on layer: M5
Net VDD: dangling Wire at (1220.000, 1061.430) (1220.000, 1061.430) on layer: M5
Net VDD: dangling Wire at (20.000, 1012.100) (20.000, 1012.100) on layer: M5
Net VDD: dangling Wire at (1220.000, 1012.100) (1220.000, 1012.100) on layer: M5
Net VDD: dangling Wire at (20.000, 962.770) (20.000, 962.770) on layer: M5
Net VDD: dangling Wire at (1220.000, 962.770) (1220.000, 962.770) on layer: M5
Net VDD: dangling Wire at (20.000, 666.790) (20.000, 666.790) on layer: M5
Net VDD: dangling Wire at (1220.000, 666.790) (1220.000, 666.790) on layer: M5
Net VDD: dangling Wire at (20.000, 716.120) (20.000, 716.120) on layer: M5
Net VDD: dangling Wire at (1220.000, 716.120) (1220.000, 716.120) on layer: M5
Net VDD: dangling Wire at (20.000, 765.450) (20.000, 765.450) on layer: M5
Net VDD: dangling Wire at (1220.000, 765.450) (1220.000, 765.450) on layer: M5
Net VDD: dangling Wire at (20.000, 814.780) (20.000, 814.780) on layer: M5
Net VDD: dangling Wire at (1220.000, 814.780) (1220.000, 814.780) on layer: M5
Net VDD: dangling Wire at (20.000, 864.110) (20.000, 864.110) on layer: M5
Net VDD: dangling Wire at (1220.000, 864.110) (1220.000, 864.110) on layer: M5
Net VDD: dangling Wire at (20.000, 913.440) (20.000, 913.440) on layer: M5
Net VDD: dangling Wire at (1220.000, 913.440) (1220.000, 913.440) on layer: M5
Net VDD: dangling Wire at (20.000, 617.460) (20.000, 617.460) on layer: M5
Net VDD: dangling Wire at (1220.000, 617.460) (1220.000, 617.460) on layer: M5
Net VDD: dangling Wire at (20.000, 568.130) (20.000, 568.130) on layer: M5
Net VDD: dangling Wire at (1220.000, 568.130) (1220.000, 568.130) on layer: M5
Net VDD: dangling Wire at (20.000, 518.800) (20.000, 518.800) on layer: M5
Net VDD: dangling Wire at (1220.000, 518.800) (1220.000, 518.800) on layer: M5
Net VDD: dangling Wire at (20.000, 469.470) (20.000, 469.470) on layer: M5
Net VDD: dangling Wire at (1220.000, 469.470) (1220.000, 469.470) on layer: M5
Net VDD: dangling Wire at (20.000, 420.140) (20.000, 420.140) on layer: M5
Net VDD: dangling Wire at (1220.000, 420.140) (1220.000, 420.140) on layer: M5
Net VDD: dangling Wire at (20.000, 321.480) (20.000, 321.480) on layer: M5
Net VDD: dangling Wire at (1220.000, 321.480) (1220.000, 321.480) on layer: M5
Net VDD: dangling Wire at (20.000, 370.810) (20.000, 370.810) on layer: M5
Net VDD: dangling Wire at (1220.000, 370.810) (1220.000, 370.810) on layer: M5
Net VDD: dangling Wire at (20.000, 272.150) (20.000, 272.150) on layer: M5
Net VDD: dangling Wire at (1220.000, 272.150) (1220.000, 272.150) on layer: M5
Net VDD: dangling Wire at (20.000, 222.820) (20.000, 222.820) on layer: M5
Net VDD: dangling Wire at (1220.000, 222.820) (1220.000, 222.820) on layer: M5
Net VDD: dangling Wire at (20.000, 173.490) (20.000, 173.490) on layer: M5
Net VDD: dangling Wire at (1220.000, 173.490) (1220.000, 173.490) on layer: M5
Net VDD: dangling Wire at (20.000, 124.160) (20.000, 124.160) on layer: M5
Net VDD: dangling Wire at (1220.000, 124.160) (1220.000, 124.160) on layer: M5
Net VDD: dangling Wire at (20.000, 74.830) (20.000, 74.830) on layer: M5
Net VDD: dangling Wire at (1220.000, 74.830) (1220.000, 74.830) on layer: M5
Net VDD: dangling Wire at (20.000, 25.500) (20.000, 25.500) on layer: M5
Net VDD: dangling Wire at (1220.000, 25.500) (1220.000, 25.500) on layer: M5
Net VSS: has special routes with opens at (20.000, 447.500) (1220.000, 1122.500)
Net VSS: has special routes with opens at (20.000, 96.705) (1220.000, 380.700)
Net VSS: has special routes with opens at (20.000, 1216.295) (1220.000, 1217.705)
Net VSS: has special routes with opens at (20.000, 1212.695) (1220.000, 1214.105)
Net VSS: has special routes with opens at (20.000, 1209.095) (1220.000, 1210.505)
Net VSS: has special routes with opens at (20.000, 1205.495) (1220.000, 1206.905)
Net VSS: has special routes with opens at (20.000, 1201.895) (1220.000, 1203.305)
Net VSS: has special routes with opens at (20.000, 1162.295) (1220.000, 1163.705)
Net VSS: has special routes with opens at (20.000, 1165.895) (1220.000, 1167.305)
Net VSS: has special routes with opens at (20.000, 1169.495) (1220.000, 1170.905)
Net VSS: has special routes with opens at (20.000, 1173.095) (1220.000, 1174.505)
Net VSS: has special routes with opens at (20.000, 1176.695) (1220.000, 1178.105)
Net VSS: has special routes with opens at (20.000, 1198.295) (1220.000, 1199.705)
Net VSS: has special routes with opens at (20.000, 1194.695) (1220.000, 1196.105)
Net VSS: has special routes with opens at (20.000, 1191.095) (1220.000, 1192.505)
Net VSS: has special routes with opens at (20.000, 1187.495) (1220.000, 1188.905)
Net VSS: has special routes with opens at (20.000, 1183.895) (1220.000, 1185.305)
Net VSS: has special routes with opens at (20.000, 1180.295) (1220.000, 1181.705)
Net VSS: has special routes with opens at (20.000, 1122.695) (1220.000, 1124.105)
Net VSS: has special routes with opens at (20.000, 1126.295) (1220.000, 1127.705)
Net VSS: has special routes with opens at (20.000, 1129.895) (1220.000, 1131.305)
Net VSS: has special routes with opens at (20.000, 1133.495) (1220.000, 1134.905)
Net VSS: has special routes with opens at (20.000, 1137.105) (1220.000, 1138.505)
Net VSS: has special routes with opens at (20.000, 1140.695) (1220.000, 1142.095)
Net VSS: has special routes with opens at (20.000, 1144.295) (1220.000, 1145.705)
Net VSS: has special routes with opens at (20.000, 1147.895) (1220.000, 1149.305)
Net VSS: has special routes with opens at (20.000, 1151.495) (1220.000, 1152.905)
Net VSS: has special routes with opens at (20.000, 1155.095) (1220.000, 1156.505)
Net VSS: has special routes with opens at (20.000, 1158.695) (1220.000, 1160.105)
Net VSS: has special routes with opens at (20.000, 442.305) (1220.000, 443.705)
Net VSS: has special routes with opens at (20.000, 445.895) (1220.000, 447.295)
Net VSS: has special routes with opens at (20.000, 438.705) (1220.000, 440.105)
Net VSS: has special routes with opens at (20.000, 435.105) (1220.000, 436.495)
Net VSS: has special routes with opens at (20.000, 431.495) (1220.000, 432.895)
Net VSS: has special routes with opens at (20.000, 427.895) (1220.000, 429.305)
Net VSS: has special routes with opens at (20.000, 388.295) (1220.000, 389.705)
Net VSS: has special routes with opens at (20.000, 391.895) (1220.000, 393.305)
Net VSS: has special routes with opens at (20.000, 395.495) (1220.000, 396.905)
Net VSS: has special routes with opens at (20.000, 399.095) (1220.000, 400.505)
Net VSS: has special routes with opens at (20.000, 402.695) (1220.000, 404.105)
Net VSS: has special routes with opens at (20.000, 406.295) (1220.000, 407.705)
Net VSS: has special routes with opens at (20.000, 409.905) (1220.000, 411.305)
Net VSS: has special routes with opens at (20.000, 424.295) (1220.000, 425.705)
Net VSS: has special routes with opens at (20.000, 420.705) (1220.000, 422.105)
Net VSS: has special routes with opens at (20.000, 417.095) (1220.000, 418.505)
Net VSS: has special routes with opens at (20.000, 413.495) (1220.000, 414.905)
Net VSS: has special routes with opens at (20.000, 381.095) (1220.000, 382.505)
Net VSS: has special routes with opens at (20.000, 384.695) (1220.000, 386.105)
Net VSS: has special routes with opens at (20.000, 78.695) (1220.000, 80.105)
Net VSS: has special routes with opens at (20.000, 82.295) (1220.000, 83.705)
Net VSS: has special routes with opens at (20.000, 85.905) (1220.000, 87.305)
Net VSS: has special routes with opens at (20.000, 89.495) (1220.000, 90.905)
Net VSS: has special routes with opens at (20.000, 93.095) (1220.000, 94.505)
Net VSS: has special routes with opens at (20.000, 75.105) (1220.000, 76.495)
Net VSS: has special routes with opens at (20.000, 71.495) (1220.000, 72.905)
Net VSS: has special routes with opens at (20.000, 67.895) (1220.000, 69.305)
Net VSS: has special routes with opens at (20.000, 64.295) (1220.000, 65.705)
Net VSS: has special routes with opens at (20.000, 60.695) (1220.000, 62.105)
Net VSS: has special routes with opens at (20.000, 57.095) (1220.000, 58.505)
Net VSS: has special routes with opens at (20.000, 53.495) (1220.000, 54.905)
Net VSS: has special routes with opens at (20.000, 49.895) (1220.000, 51.305)
Net VSS: has special routes with opens at (20.000, 46.295) (1220.000, 47.705)
Net VSS: has special routes with opens at (20.000, 42.705) (1220.000, 44.105)
Net VSS: has special routes with opens at (20.000, 39.095) (1220.000, 40.505)
Net VSS: has special routes with opens at (20.000, 21.095) (1220.000, 22.495)
Net VSS: has special routes with opens at (20.000, 24.695) (1220.000, 26.105)
Net VSS: has special routes with opens at (20.000, 28.295) (1220.000, 29.705)
Net VSS: has special routes with opens at (20.000, 31.895) (1220.000, 33.305)
Net VSS: has special routes with opens at (20.000, 35.495) (1220.000, 36.905)
Net VSS: has special routes with opens at (20.000, 1213.920) (1220.000, 1214.920)
Net VSS: has special routes with opens at (20.000, 1164.590) (1220.000, 1165.590)
Net VSS: has special routes with opens at (20.000, 424.640) (1220.000, 425.640)
Net VSS: has special routes with opens at (20.000, 79.330) (1220.000, 80.330)
Net VSS: has special routes with opens at (20.000, 30.000) (1220.000, 31.000)
Net VSS: dangling Wire at (20.000, 1214.420) (20.000, 1214.420) on layer: M5
Net VSS: dangling Wire at (1220.000, 1214.420) (1220.000, 1214.420) on layer: M5
Net VSS: dangling Wire at (20.000, 1165.090) (20.000, 1165.090) on layer: M5
Net VSS: dangling Wire at (1220.000, 1165.090) (1220.000, 1165.090) on layer: M5
Net VSS: dangling Wire at (20.000, 1115.760) (20.000, 1115.760) on layer: M5
Net VSS: dangling Wire at (1220.000, 1115.760) (1220.000, 1115.760) on layer: M5
Net VSS: dangling Wire at (20.000, 967.770) (20.000, 967.770) on layer: M5
Net VSS: dangling Wire at (1220.000, 967.770) (1220.000, 967.770) on layer: M5
Net VSS: dangling Wire at (20.000, 1017.100) (20.000, 1017.100) on layer: M5
Net VSS: dangling Wire at (1220.000, 1017.100) (1220.000, 1017.100) on layer: M5
Net VSS: dangling Wire at (20.000, 1066.430) (20.000, 1066.430) on layer: M5
Net VSS: dangling Wire at (1220.000, 1066.430) (1220.000, 1066.430) on layer: M5
Net VSS: dangling Wire at (20.000, 918.440) (20.000, 918.440) on layer: M5
Net VSS: dangling Wire at (1220.000, 918.440) (1220.000, 918.440) on layer: M5
Net VSS: dangling Wire at (20.000, 869.110) (20.000, 869.110) on layer: M5
Net VSS: dangling Wire at (1220.000, 869.110) (1220.000, 869.110) on layer: M5
Net VSS: dangling Wire at (20.000, 819.780) (20.000, 819.780) on layer: M5
Net VSS: dangling Wire at (1220.000, 819.780) (1220.000, 819.780) on layer: M5
Net VSS: dangling Wire at (20.000, 770.450) (20.000, 770.450) on layer: M5
Net VSS: dangling Wire at (1220.000, 770.450) (1220.000, 770.450) on layer: M5
Net VSS: dangling Wire at (20.000, 721.120) (20.000, 721.120) on layer: M5
Net VSS: dangling Wire at (1220.000, 721.120) (1220.000, 721.120) on layer: M5
Net VSS: dangling Wire at (20.000, 671.790) (20.000, 671.790) on layer: M5
Net VSS: dangling Wire at (1220.000, 671.790) (1220.000, 671.790) on layer: M5
Net VSS: dangling Wire at (20.000, 622.460) (20.000, 622.460) on layer: M5
Net VSS: dangling Wire at (1220.000, 622.460) (1220.000, 622.460) on layer: M5
Net VSS: dangling Wire at (20.000, 474.470) (20.000, 474.470) on layer: M5
Net VSS: dangling Wire at (1220.000, 474.470) (1220.000, 474.470) on layer: M5
Net VSS: dangling Wire at (20.000, 523.800) (20.000, 523.800) on layer: M5
Net VSS: dangling Wire at (1220.000, 523.800) (1220.000, 523.800) on layer: M5
Net VSS: dangling Wire at (20.000, 573.130) (20.000, 573.130) on layer: M5
Net VSS: dangling Wire at (1220.000, 573.130) (1220.000, 573.130) on layer: M5
Net VSS: dangling Wire at (20.000, 425.140) (20.000, 425.140) on layer: M5
Net VSS: dangling Wire at (1220.000, 425.140) (1220.000, 425.140) on layer: M5
Net VSS: dangling Wire at (20.000, 375.810) (20.000, 375.810) on layer: M5
Net VSS: dangling Wire at (1220.000, 375.810) (1220.000, 375.810) on layer: M5
Net VSS: dangling Wire at (20.000, 326.480) (20.000, 326.480) on layer: M5
Net VSS: dangling Wire at (1220.000, 326.480) (1220.000, 326.480) on layer: M5
Net VSS: dangling Wire at (20.000, 227.820) (20.000, 227.820) on layer: M5
Net VSS: dangling Wire at (1220.000, 227.820) (1220.000, 227.820) on layer: M5
Net VSS: dangling Wire at (20.000, 178.490) (20.000, 178.490) on layer: M5
Net VSS: dangling Wire at (1220.000, 178.490) (1220.000, 178.490) on layer: M5
Net VSS: dangling Wire at (20.000, 277.150) (20.000, 277.150) on layer: M5
Net VSS: dangling Wire at (1220.000, 277.150) (1220.000, 277.150) on layer: M5
Net VSS: dangling Wire at (20.000, 79.830) (20.000, 79.830) on layer: M5
Net VSS: dangling Wire at (1220.000, 79.830) (1220.000, 79.830) on layer: M5
Net VSS: dangling Wire at (20.000, 129.160) (20.000, 129.160) on layer: M5
Net VSS: dangling Wire at (1220.000, 129.160) (1220.000, 129.160) on layer: M5
Net VSS: dangling Wire at (20.000, 30.500) (20.000, 30.500) on layer: M5
Net VSS: dangling Wire at (1220.000, 30.500) (1220.000, 30.500) on layer: M5

Begin Summary
    148 Problem(s) (IMPVFC-200): Special Wires: Pieces of the net are not connected together.
    100 Problem(s) (IMPVFC-94): The net has dangling wire(s).
    248 total info(s) created.
End Summary
