*----------------------------------------------------------------------------------------
*	Innovus 15.23-s045_1 (64bit) 04/22/2016 12:32 (Linux 2.6.18-194.el5)
*	
*
* 	Date & Time:	2026-Mar-01 18:34:37 (2026-Mar-02 02:34:37 GMT)
*
*----------------------------------------------------------------------------------------
*
*	Design: core
*
*	Liberty Libraries used: 
*	        WC_VIEW: /home/linux/ieng6/ECE260B_WI26_A00/public/PDKdata/lib/tcbn65gpluswc.lib
*
*	Power Domain used: 
*		Rail:        VDD 	Voltage:        0.9 
*
*       Power View : WC_VIEW
*
*       User-Defined Activity : N.A.
*
*       Activity File: N.A.
*
*       Hierarchical Global Activity: N.A.
*
*       Global Activity: N.A.
*
*       Sequential Element Activity: 0.200000
*
*       Primary Input Activity: 0.200000
*
*       Default icg ratio: N.A.
*
*       Global Comb ClockGate Ratio: N.A.
*
*	Power Units = 1mW
*
*	Time Units = 1e-09 secs 
*
*       report_power -outfile core.post_route.power.rpt
*
-----------------------------------------------------------------------------------------


Total Power 
-----------------------------------------------------------------------------------------
Total Internal Power:       95.86956494 	   66.0975%
Total Switching Power:      47.63278536 	   32.8405%
Total Leakage Power:         1.54031951 	    1.0620%
Total Power:               145.04266996 
-----------------------------------------------------------------------------------------


Group                           Internal   Switching     Leakage       Total  Percentage 
                                Power      Power         Power         Power  (%)        
-----------------------------------------------------------------------------------------
Sequential                          50.6       2.506      0.3919        53.5       36.89 
Macro                                  0           0           0           0           0 
IO                                     0           0           0           0           0 
Combinational                      38.11       35.86       1.099       75.07       51.76 
Clock (Combinational)              7.159       9.264     0.04975       16.47       11.36 
Clock (Sequential)                     0           0           0           0           0 
-----------------------------------------------------------------------------------------
Total                              95.87       47.63        1.54         145         100 
-----------------------------------------------------------------------------------------


Rail                  Voltage   Internal   Switching     Leakage       Total  Percentage 
                                Power      Power         Power         Power  (%)        
-----------------------------------------------------------------------------------------
VDD                       0.9      95.87       47.63        1.54         145         100 


Clock                           Internal   Switching     Leakage       Total  Percentage 
                                Power      Power         Power         Power  (%)        
-----------------------------------------------------------------------------------------
clk                                7.159       9.264     0.04975       16.47       11.36 
-----------------------------------------------------------------------------------------
Total (excluding duplicates)       7.159       9.264     0.04975       16.47       11.36 
-----------------------------------------------------------------------------------------


-----------------------------------------------------------------------------------------
*	Power Distribution Summary: 
* 		Highest Average Power:  CTS_ccl_BUF_clk_G0_L4_60 (CKBD16): 	    0.1622 
* 		Highest Leakage Power: mac_array_instance/col_idx_8__mac_col_inst/mac_8in_instance/U368 (FA1D4): 	 0.0002653 
* 		Total Cap: 	2.29432e-10 F
* 		Total instances in design: 36804
* 		Total instances in design with no power:     0
*          Total instances in design with no activity:     0
* 		Total Fillers and Decap:     0
-----------------------------------------------------------------------------------------

