*----------------------------------------------------------------------------------------
*	Innovus 15.23-s045_1 (64bit) 04/22/2016 12:32 (Linux 2.6.18-194.el5)
*	
*
* 	Date & Time:	2026-Mar-19 00:03:38 (2026-Mar-19 07:03:38 GMT)
*
*----------------------------------------------------------------------------------------
*
*	Design: core
*
*	Liberty Libraries used: 
*	        BC_VIEW: /home/linux/ieng6/ECE260B_WI26_A00/public/PDKdata/lib/tcbn65gplusbc.lib
*
*	Power Domain used: 
*		Rail:        VDD 	Voltage:        1.1 
*
*       Power View : BC_VIEW
*
*       User-Defined Activity : N.A.
*
*       Activity File: N.A.
*
*       Hierarchical Global Activity: N.A.
*
*       Global Activity: N.A.
*
*       Sequential Element Activity: 0.200000
*
*       Primary Input Activity: 0.200000
*
*       Default icg ratio: N.A.
*
*       Global Comb ClockGate Ratio: N.A.
*
*	Power Units = 1mW
*
*	Time Units = 1e-09 secs 
*
*       report_power -outfile core.post_route.power.rpt
*
-----------------------------------------------------------------------------------------


Total Power 
-----------------------------------------------------------------------------------------
Total Internal Power:      157.12908035 	   68.0261%
Total Switching Power:      69.32403083 	   30.0126%
Total Leakage Power:         4.53029818 	    1.9613%
Total Power:               230.98340957 
-----------------------------------------------------------------------------------------


Group                           Internal   Switching     Leakage       Total  Percentage 
                                Power      Power         Power         Power  (%)        
-----------------------------------------------------------------------------------------
Sequential                          83.8       3.597       1.404        88.8       38.44 
Macro                                  0           0           0           0           0 
IO                                     0           0           0           0           0 
Combinational                      61.96       52.13       3.027       117.1       50.71 
Clock (Combinational)              11.37        13.6     0.09947       25.06       10.85 
Clock (Sequential)                     0           0           0           0           0 
-----------------------------------------------------------------------------------------
Total                              157.1       69.32        4.53         231         100 
-----------------------------------------------------------------------------------------


Rail                  Voltage   Internal   Switching     Leakage       Total  Percentage 
                                Power      Power         Power         Power  (%)        
-----------------------------------------------------------------------------------------
VDD                       1.1      157.1       69.32        4.53         231         100 


Clock                           Internal   Switching     Leakage       Total  Percentage 
                                Power      Power         Power         Power  (%)        
-----------------------------------------------------------------------------------------
clk                                11.37        13.6     0.09947       25.06       10.85 
-----------------------------------------------------------------------------------------
Total (excluding duplicates)       11.37        13.6     0.09947       25.06       10.85 
-----------------------------------------------------------------------------------------


-----------------------------------------------------------------------------------------
*	Power Distribution Summary: 
* 		Highest Average Power:  CTS_ccl_BUF_clk_G0_L4_60 (CKBD16): 	    0.2398 
* 		Highest Leakage Power: mac_array_instance/col_idx_1__mac_col_inst/mac_8in_instance/U1117 (FA1D4): 	 0.0006261 
* 		Total Cap: 	2.20496e-10 F
* 		Total instances in design: 36804
* 		Total instances in design with no power:     0
*          Total instances in design with no activity:     0
* 		Total Fillers and Decap:     0
-----------------------------------------------------------------------------------------

