###############################################################
#  Generated by:      Cadence Innovus 15.23-s045_1
#  OS:                Linux x86_64(Host ID ieng6-ece-01.ucsd.edu)
#  Generated on:      Thu Mar 19 00:03:25 2026
#  Design:            core
#  Command:           report_timing -max_paths 5 > ${design}.post_route.timing.rpt
###############################################################
Path 1: VIOLATED Hold Check with Pin ofifo_inst/col_idx_3__fifo_instance/q11_
reg_11_/CP 
Endpoint:   ofifo_inst/col_idx_3__fifo_instance/q11_reg_11_/E (v) checked with  
leading edge of 'clk'
Beginpoint: reset                                             (v) triggered by  
leading edge of 'clk'
Path Groups: {clk}
Analysis View: BC_VIEW
Other End Arrival Time          0.520
+ Hold                         -0.011
+ Phase Shift                   0.000
= Required Time                 0.508
  Arrival Time                  0.495
  Slack Time                   -0.014
     Clock Rise Edge                      0.000
     + Input Delay                        0.200
     = Beginpoint Arrival Time            0.200
     +----------------------------------------------------------------------------------------------------------+ 
     |                      Instance                      |     Arc      |  Cell   | Delay | Arrival | Required | 
     |                                                    |              |         |       |  Time   |   Time   | 
     |----------------------------------------------------+--------------+---------+-------+---------+----------| 
     |                                                    | reset v      |         |       |   0.200 |    0.214 | 
     | ofifo_inst/col_idx_3__fifo_instance/FE_PHC5552_res | I v -> Z v   | CKBD0   | 0.030 |   0.229 |    0.243 | 
     | et                                                 |              |         |       |         |          | 
     | ofifo_inst/col_idx_3__fifo_instance/FE_PHC5558_res | I v -> Z v   | CKBD0   | 0.029 |   0.259 |    0.273 | 
     | et                                                 |              |         |       |         |          | 
     | ofifo_inst/col_idx_3__fifo_instance/FE_PHC5547_res | I v -> Z v   | CKBD0   | 0.027 |   0.286 |    0.300 | 
     | et                                                 |              |         |       |         |          | 
     | ofifo_inst/col_idx_3__fifo_instance/FE_PHC5555_res | I v -> Z v   | CKBD0   | 0.032 |   0.318 |    0.332 | 
     | et                                                 |              |         |       |         |          | 
     | ofifo_inst/col_idx_3__fifo_instance/FE_PHC5501_res | I v -> Z v   | CKBD0   | 0.032 |   0.350 |    0.364 | 
     | et                                                 |              |         |       |         |          | 
     | ofifo_inst/col_idx_3__fifo_instance/U143           | A1 v -> ZN ^ | NR2D2   | 0.035 |   0.385 |    0.399 | 
     | ofifo_inst/col_idx_3__fifo_instance/U90            | A1 ^ -> ZN v | CKND2D1 | 0.021 |   0.406 |    0.420 | 
     | ofifo_inst/col_idx_3__fifo_instance/U85            | I v -> ZN ^  | CKND0   | 0.014 |   0.420 |    0.434 | 
     | ofifo_inst/col_idx_3__fifo_instance/U80            | A1 ^ -> ZN v | NR2D0   | 0.010 |   0.430 |    0.444 | 
     | ofifo_inst/col_idx_3__fifo_instance/U75            | B1 v -> ZN ^ | IND2D0  | 0.025 |   0.455 |    0.469 | 
     | ofifo_inst/col_idx_3__fifo_instance/U71            | A2 ^ -> ZN v | NR2D3   | 0.038 |   0.493 |    0.507 | 
     | ofifo_inst/col_idx_3__fifo_instance/q11_reg_11_    | E v          | EDFQD4  | 0.002 |   0.495 |    0.508 | 
     +----------------------------------------------------------------------------------------------------------+ 
Path 2: VIOLATED Hold Check with Pin ofifo_inst/col_idx_5__fifo_instance/q13_
reg_2_/CP 
Endpoint:   ofifo_inst/col_idx_5__fifo_instance/q13_reg_2_/D             (v) 
checked with  leading edge of 'clk'
Beginpoint: mac_array_instance/col_idx_6__mac_col_inst/query_q_reg_24_/Q (v) 
triggered by  leading edge of 'clk'
Path Groups: {clk}
Analysis View: BC_VIEW
Other End Arrival Time          0.483
+ Hold                         -0.006
+ Phase Shift                   0.000
= Required Time                 0.477
  Arrival Time                  0.464
  Slack Time                   -0.014
     Clock Rise Edge                 0.000
     + Clock Network Latency (Prop)  0.079
     = Beginpoint Arrival Time       0.079
     +-----------------------------------------------------------------------------------------------------------+ 
     |                      Instance                      |     Arc      |   Cell   | Delay | Arrival | Required | 
     |                                                    |              |          |       |  Time   |   Time   | 
     |----------------------------------------------------+--------------+----------+-------+---------+----------| 
     | mac_array_instance/col_idx_6__mac_col_inst/query_q | CP ^         |          |       |   0.079 |    0.092 | 
     | _reg_24_                                           |              |          |       |         |          | 
     | mac_array_instance/col_idx_6__mac_col_inst/query_q | CP ^ -> Q v  | EDFCNQD4 | 0.071 |   0.149 |    0.163 | 
     | _reg_24_                                           |              |          |       |         |          | 
     | mac_array_instance/col_idx_6__mac_col_inst/mac_8in | A1 v -> ZN v | INR2XD1  | 0.036 |   0.185 |    0.199 | 
     | _instance/U952                                     |              |          |       |         |          | 
     | mac_array_instance/col_idx_6__mac_col_inst/mac_8in | A v -> S v   | HA1D2    | 0.030 |   0.215 |    0.229 | 
     | _instance/U998                                     |              |          |       |         |          | 
     | mac_array_instance/col_idx_6__mac_col_inst/mac_8in | B v -> CO v  | FA1D0    | 0.054 |   0.269 |    0.283 | 
     | _instance/U1311                                    |              |          |       |         |          | 
     | mac_array_instance/col_idx_6__mac_col_inst/mac_8in | A2 v -> ZN v | IOA21D2  | 0.032 |   0.301 |    0.315 | 
     | _instance/FE_RC_19_0                               |              |          |       |         |          | 
     | mac_array_instance/col_idx_6__mac_col_inst/mac_8in | A2 v -> ZN v | XNR2D1   | 0.051 |   0.352 |    0.366 | 
     | _instance/U183                                     |              |          |       |         |          | 
     | ofifo_inst/col_idx_5__fifo_instance/U65            | A1 v -> ZN ^ | CKND2D0  | 0.041 |   0.393 |    0.407 | 
     | ofifo_inst/col_idx_5__fifo_instance/FE_OFC347_n171 | I ^ -> ZN v  | CKND0    | 0.034 |   0.427 |    0.441 | 
     | ofifo_inst/col_idx_5__fifo_instance/FE_PHC4956_FE_ | I v -> Z v   | CKBD0    | 0.037 |   0.464 |    0.477 | 
     | OFN347_n171                                        |              |          |       |         |          | 
     | ofifo_inst/col_idx_5__fifo_instance/q13_reg_2_     | D v          | EDFQD1   | 0.000 |   0.464 |    0.477 | 
     +-----------------------------------------------------------------------------------------------------------+ 
Path 3: VIOLATED Hold Check with Pin ofifo_inst/col_idx_5__fifo_instance/q7_reg_
2_/CP 
Endpoint:   ofifo_inst/col_idx_5__fifo_instance/q7_reg_2_/D              (v) 
checked with  leading edge of 'clk'
Beginpoint: mac_array_instance/col_idx_6__mac_col_inst/query_q_reg_24_/Q (v) 
triggered by  leading edge of 'clk'
Path Groups: {clk}
Analysis View: BC_VIEW
Other End Arrival Time          0.483
+ Hold                         -0.006
+ Phase Shift                   0.000
= Required Time                 0.477
  Arrival Time                  0.464
  Slack Time                   -0.014
     Clock Rise Edge                 0.000
     + Clock Network Latency (Prop)  0.079
     = Beginpoint Arrival Time       0.079
     +-----------------------------------------------------------------------------------------------------------+ 
     |                      Instance                      |     Arc      |   Cell   | Delay | Arrival | Required | 
     |                                                    |              |          |       |  Time   |   Time   | 
     |----------------------------------------------------+--------------+----------+-------+---------+----------| 
     | mac_array_instance/col_idx_6__mac_col_inst/query_q | CP ^         |          |       |   0.079 |    0.092 | 
     | _reg_24_                                           |              |          |       |         |          | 
     | mac_array_instance/col_idx_6__mac_col_inst/query_q | CP ^ -> Q v  | EDFCNQD4 | 0.071 |   0.149 |    0.163 | 
     | _reg_24_                                           |              |          |       |         |          | 
     | mac_array_instance/col_idx_6__mac_col_inst/mac_8in | A1 v -> ZN v | INR2XD1  | 0.036 |   0.185 |    0.199 | 
     | _instance/U952                                     |              |          |       |         |          | 
     | mac_array_instance/col_idx_6__mac_col_inst/mac_8in | A v -> S v   | HA1D2    | 0.030 |   0.215 |    0.229 | 
     | _instance/U998                                     |              |          |       |         |          | 
     | mac_array_instance/col_idx_6__mac_col_inst/mac_8in | B v -> CO v  | FA1D0    | 0.054 |   0.269 |    0.283 | 
     | _instance/U1311                                    |              |          |       |         |          | 
     | mac_array_instance/col_idx_6__mac_col_inst/mac_8in | A2 v -> ZN v | IOA21D2  | 0.032 |   0.301 |    0.315 | 
     | _instance/FE_RC_19_0                               |              |          |       |         |          | 
     | mac_array_instance/col_idx_6__mac_col_inst/mac_8in | A2 v -> ZN v | XNR2D1   | 0.051 |   0.352 |    0.366 | 
     | _instance/U183                                     |              |          |       |         |          | 
     | ofifo_inst/col_idx_5__fifo_instance/U65            | A1 v -> ZN ^ | CKND2D0  | 0.041 |   0.393 |    0.407 | 
     | ofifo_inst/col_idx_5__fifo_instance/FE_OFC347_n171 | I ^ -> ZN v  | CKND0    | 0.034 |   0.427 |    0.441 | 
     | ofifo_inst/col_idx_5__fifo_instance/FE_PHC4956_FE_ | I v -> Z v   | CKBD0    | 0.037 |   0.464 |    0.477 | 
     | OFN347_n171                                        |              |          |       |         |          | 
     | ofifo_inst/col_idx_5__fifo_instance/q7_reg_2_      | D v          | EDFQD1   | 0.000 |   0.464 |    0.477 | 
     +-----------------------------------------------------------------------------------------------------------+ 
Path 4: VIOLATED Hold Check with Pin ofifo_inst/col_idx_3__fifo_instance/q11_
reg_1_/CP 
Endpoint:   ofifo_inst/col_idx_3__fifo_instance/q11_reg_1_/E (v) checked with  
leading edge of 'clk'
Beginpoint: reset                                            (v) triggered by  
leading edge of 'clk'
Path Groups: {clk}
Analysis View: BC_VIEW
Other End Arrival Time          0.519
+ Hold                         -0.011
+ Phase Shift                   0.000
= Required Time                 0.508
  Arrival Time                  0.495
  Slack Time                   -0.013
     Clock Rise Edge                      0.000
     + Input Delay                        0.200
     = Beginpoint Arrival Time            0.200
     +----------------------------------------------------------------------------------------------------------+ 
     |                      Instance                      |     Arc      |  Cell   | Delay | Arrival | Required | 
     |                                                    |              |         |       |  Time   |   Time   | 
     |----------------------------------------------------+--------------+---------+-------+---------+----------| 
     |                                                    | reset v      |         |       |   0.200 |    0.213 | 
     | ofifo_inst/col_idx_3__fifo_instance/FE_PHC5552_res | I v -> Z v   | CKBD0   | 0.030 |   0.229 |    0.243 | 
     | et                                                 |              |         |       |         |          | 
     | ofifo_inst/col_idx_3__fifo_instance/FE_PHC5558_res | I v -> Z v   | CKBD0   | 0.029 |   0.259 |    0.272 | 
     | et                                                 |              |         |       |         |          | 
     | ofifo_inst/col_idx_3__fifo_instance/FE_PHC5547_res | I v -> Z v   | CKBD0   | 0.027 |   0.286 |    0.300 | 
     | et                                                 |              |         |       |         |          | 
     | ofifo_inst/col_idx_3__fifo_instance/FE_PHC5555_res | I v -> Z v   | CKBD0   | 0.032 |   0.318 |    0.331 | 
     | et                                                 |              |         |       |         |          | 
     | ofifo_inst/col_idx_3__fifo_instance/FE_PHC5501_res | I v -> Z v   | CKBD0   | 0.032 |   0.350 |    0.364 | 
     | et                                                 |              |         |       |         |          | 
     | ofifo_inst/col_idx_3__fifo_instance/U143           | A1 v -> ZN ^ | NR2D2   | 0.035 |   0.385 |    0.399 | 
     | ofifo_inst/col_idx_3__fifo_instance/U90            | A1 ^ -> ZN v | CKND2D1 | 0.021 |   0.406 |    0.420 | 
     | ofifo_inst/col_idx_3__fifo_instance/U85            | I v -> ZN ^  | CKND0   | 0.014 |   0.420 |    0.434 | 
     | ofifo_inst/col_idx_3__fifo_instance/U80            | A1 ^ -> ZN v | NR2D0   | 0.010 |   0.430 |    0.444 | 
     | ofifo_inst/col_idx_3__fifo_instance/U75            | B1 v -> ZN ^ | IND2D0  | 0.025 |   0.455 |    0.468 | 
     | ofifo_inst/col_idx_3__fifo_instance/U71            | A2 ^ -> ZN v | NR2D3   | 0.038 |   0.493 |    0.506 | 
     | ofifo_inst/col_idx_3__fifo_instance/q11_reg_1_     | E v          | EDFQD4  | 0.002 |   0.495 |    0.508 | 
     +----------------------------------------------------------------------------------------------------------+ 
Path 5: VIOLATED Hold Check with Pin ofifo_inst/col_idx_3__fifo_instance/q11_
reg_14_/CP 
Endpoint:   ofifo_inst/col_idx_3__fifo_instance/q11_reg_14_/E (v) checked with  
leading edge of 'clk'
Beginpoint: reset                                             (v) triggered by  
leading edge of 'clk'
Path Groups: {clk}
Analysis View: BC_VIEW
Other End Arrival Time          0.517
+ Hold                         -0.011
+ Phase Shift                   0.000
= Required Time                 0.506
  Arrival Time                  0.495
  Slack Time                   -0.011
     Clock Rise Edge                      0.000
     + Input Delay                        0.200
     = Beginpoint Arrival Time            0.200
     +----------------------------------------------------------------------------------------------------------+ 
     |                      Instance                      |     Arc      |  Cell   | Delay | Arrival | Required | 
     |                                                    |              |         |       |  Time   |   Time   | 
     |----------------------------------------------------+--------------+---------+-------+---------+----------| 
     |                                                    | reset v      |         |       |   0.200 |    0.211 | 
     | ofifo_inst/col_idx_3__fifo_instance/FE_PHC5552_res | I v -> Z v   | CKBD0   | 0.030 |   0.229 |    0.241 | 
     | et                                                 |              |         |       |         |          | 
     | ofifo_inst/col_idx_3__fifo_instance/FE_PHC5558_res | I v -> Z v   | CKBD0   | 0.029 |   0.259 |    0.270 | 
     | et                                                 |              |         |       |         |          | 
     | ofifo_inst/col_idx_3__fifo_instance/FE_PHC5547_res | I v -> Z v   | CKBD0   | 0.027 |   0.286 |    0.298 | 
     | et                                                 |              |         |       |         |          | 
     | ofifo_inst/col_idx_3__fifo_instance/FE_PHC5555_res | I v -> Z v   | CKBD0   | 0.032 |   0.318 |    0.330 | 
     | et                                                 |              |         |       |         |          | 
     | ofifo_inst/col_idx_3__fifo_instance/FE_PHC5501_res | I v -> Z v   | CKBD0   | 0.032 |   0.350 |    0.362 | 
     | et                                                 |              |         |       |         |          | 
     | ofifo_inst/col_idx_3__fifo_instance/U143           | A1 v -> ZN ^ | NR2D2   | 0.035 |   0.385 |    0.397 | 
     | ofifo_inst/col_idx_3__fifo_instance/U90            | A1 ^ -> ZN v | CKND2D1 | 0.021 |   0.406 |    0.418 | 
     | ofifo_inst/col_idx_3__fifo_instance/U85            | I v -> ZN ^  | CKND0   | 0.014 |   0.420 |    0.432 | 
     | ofifo_inst/col_idx_3__fifo_instance/U80            | A1 ^ -> ZN v | NR2D0   | 0.010 |   0.430 |    0.442 | 
     | ofifo_inst/col_idx_3__fifo_instance/U75            | B1 v -> ZN ^ | IND2D0  | 0.025 |   0.455 |    0.467 | 
     | ofifo_inst/col_idx_3__fifo_instance/U71            | A2 ^ -> ZN v | NR2D3   | 0.038 |   0.493 |    0.504 | 
     | ofifo_inst/col_idx_3__fifo_instance/q11_reg_14_    | E v          | EDFQD4  | 0.002 |   0.495 |    0.506 | 
     +----------------------------------------------------------------------------------------------------------+ 

