*----------------------------------------------------------------------------------------
*	Innovus 15.23-s045_1 (64bit) 04/22/2016 12:32 (Linux 2.6.18-194.el5)
*	
*
* 	Date & Time:	2026-Mar-21 11:15:11 (2026-Mar-21 18:15:11 GMT)
*
*----------------------------------------------------------------------------------------
*
*	Design: core
*
*	Liberty Libraries used: 
*	        WC_VIEW: /home/linux/ieng6/ECE260B_WI26_A00/sabhonsle/ECE260BProject/ECE260B-Final-Project/workspace/Step1/pnr/scripts/route.enc.dat/libs/mmmc/tcbn65gpluswc.lib
*
*	Power Domain used: 
*		Rail:        VDD 	Voltage:        0.9 
*
*       Power View : WC_VIEW
*
*       User-Defined Activity : N.A.
*
*	Switching Activity File used: 
*	        ../../gls/waveform/step1.vcd
*                    Vcd Window used(Start Time, Stop Time):  (50,250)  
*                     Vcd Scale Factor: 1 
* *                    Design annotation coverage: 38765/38765 = 100% 
*
*       Hierarchical Global Activity: N.A.
*
*       Global Activity: N.A.
*
*       Sequential Element Activity: 0.200000
*
*       Primary Input Activity: 0.200000
*
*       Default icg ratio: N.A.
*
*       Global Comb ClockGate Ratio: N.A.
*
*	Power Units = 1mW
*
*	Time Units = 1e-09 secs 
*
*       report_power -outfile ./power_step1_vcd.rpt
*
-----------------------------------------------------------------------------------------


Total Power 
-----------------------------------------------------------------------------------------
Total Internal Power:       39.63750765 	   76.8303%
Total Switching Power:      10.40033383 	   20.1592%
Total Leakage Power:         1.55314459 	    3.0105%
Total Power:                51.59098644 
-----------------------------------------------------------------------------------------


Group                           Internal   Switching     Leakage       Total  Percentage 
                                Power      Power         Power         Power  (%)        
-----------------------------------------------------------------------------------------
Sequential                         31.01      0.2759      0.3902       31.68       61.41 
Macro                                  0           0           0           0           0 
IO                                     0           0           0           0           0 
Combinational                      2.061       2.074       1.109       5.244       10.16 
Clock (Combinational)              6.562       8.051      0.0538       14.67       28.43 
Clock (Sequential)                     0           0           0           0           0 
-----------------------------------------------------------------------------------------
Total                              39.64        10.4       1.553       51.59         100 
-----------------------------------------------------------------------------------------


Rail                  Voltage   Internal   Switching     Leakage       Total  Percentage 
                                Power      Power         Power         Power  (%)        
-----------------------------------------------------------------------------------------
VDD                       0.9      39.64        10.4       1.553       51.59         100 


Clock                           Internal   Switching     Leakage       Total  Percentage 
                                Power      Power         Power         Power  (%)        
-----------------------------------------------------------------------------------------
clk                                6.562       8.051      0.0538       14.67       28.43 
-----------------------------------------------------------------------------------------
Total (excluding duplicates)       6.562       8.051      0.0538       14.67       28.43 
-----------------------------------------------------------------------------------------


-----------------------------------------------------------------------------------------
*	Power Distribution Summary: 
* 		Highest Average Power:       FE_USKC2639_CTS_121 (CKBD16): 	    0.1261 
* 		Highest Leakage Power: mac_array_instance/col_idx_6__mac_col_inst/mac_8in_instance/U1258 (FA1D4): 	 0.0002808 
* 		Total Cap: 	2.40528e-10 F
* 		Total instances in design: 36928
* 		Total instances in design with no power:     0
*          Total instances in design with no activity:     0
* 		Total Fillers and Decap:     0
-----------------------------------------------------------------------------------------

