*----------------------------------------------------------------------------------------
*	Innovus 15.23-s045_1 (64bit) 04/22/2016 12:32 (Linux 2.6.18-194.el5)
*	
*
* 	Date & Time:	2026-Mar-20 14:56:14 (2026-Mar-20 21:56:14 GMT)
*
*----------------------------------------------------------------------------------------
*
*	Design: core
*
*	Liberty Libraries used: 
*	        WC_VIEW: /home/linux/ieng6/ECE260B_WI26_A00/sabhonsle/ECE260BProject/ECE260B-Final-Project/workspace/Step1/pnr/scripts/route.enc.dat/libs/mmmc/tcbn65gpluswc.lib
*
*	Power Domain used: 
*		Rail:        VDD 	Voltage:        0.9 
*
*       Power View : WC_VIEW
*
*       User-Defined Activity : N.A.
*
*	Switching Activity File used: 
*	        ../../gls/waveform/step1.vcd
*                    Vcd Window used(Start Time, Stop Time):  (50,250)  
*                     Vcd Scale Factor: 1 
* *                    Design annotation coverage: 38737/38737 = 100% 
*
*       Hierarchical Global Activity: N.A.
*
*       Global Activity: N.A.
*
*       Sequential Element Activity: 0.200000
*
*       Primary Input Activity: 0.200000
*
*       Default icg ratio: N.A.
*
*       Global Comb ClockGate Ratio: N.A.
*
*	Power Units = 1mW
*
*	Time Units = 1e-09 secs 
*
*       report_power -outfile ./power_step1_vcd.rpt
*
-----------------------------------------------------------------------------------------


Total Power 
-----------------------------------------------------------------------------------------
Total Internal Power:       39.20593145 	   77.2666%
Total Switching Power:      10.00389851 	   19.7156%
Total Leakage Power:         1.53131191 	    3.0179%
Total Power:                50.74114226 
-----------------------------------------------------------------------------------------


Group                           Internal   Switching     Leakage       Total  Percentage 
                                Power      Power         Power         Power  (%)        
-----------------------------------------------------------------------------------------
Sequential                         31.18      0.2702      0.4008       31.85       62.76 
Macro                                  0           0           0           0           0 
IO                                     0           0           0           0           0 
Combinational                      1.987       1.912       1.081       4.981       9.816 
Clock (Combinational)              6.044       7.821     0.04923       13.91       27.42 
Clock (Sequential)                     0           0           0           0           0 
-----------------------------------------------------------------------------------------
Total                              39.21          10       1.531       50.74         100 
-----------------------------------------------------------------------------------------


Rail                  Voltage   Internal   Switching     Leakage       Total  Percentage 
                                Power      Power         Power         Power  (%)        
-----------------------------------------------------------------------------------------
VDD                       0.9      39.21          10       1.531       50.74         100 


Clock                           Internal   Switching     Leakage       Total  Percentage 
                                Power      Power         Power         Power  (%)        
-----------------------------------------------------------------------------------------
clk                                6.044       7.821     0.04923       13.91       27.42 
-----------------------------------------------------------------------------------------
Total (excluding duplicates)       6.044       7.821     0.04923       13.91       27.42 
-----------------------------------------------------------------------------------------


-----------------------------------------------------------------------------------------
*	Power Distribution Summary: 
* 		Highest Average Power:  CTS_ccl_BUF_clk_G0_L4_60 (CKBD16): 	     0.137 
* 		Highest Leakage Power: mac_array_instance/col_idx_8__mac_col_inst/mac_8in_instance/U958 (FA1D4): 	 0.0002808 
* 		Total Cap: 	2.29431e-10 F
* 		Total instances in design: 36804
* 		Total instances in design with no power:     0
*          Total instances in design with no activity:     0
* 		Total Fillers and Decap:     0
-----------------------------------------------------------------------------------------

