###############################################################
#  Generated by:      Cadence Innovus 15.23-s045_1
#  OS:                Linux x86_64(Host ID ieng6-ece-02.ucsd.edu)
#  Generated on:      Mon Mar 16 23:40:34 2026
#  Design:            fullchip
#  Command:           verifyGeometry
###############################################################

SHORT: Regular Via of Net fifo_inst_ext_core1_0/FE_USKN8387_CTS_26 & Blockage of Cell fifo_inst_ext_core1_0/FE_USKC8386_CTS_26  ( M1 )
Bounds : ( 1436.610, 1117.550 ) ( 1436.990, 1117.650 )


SHORT: Regular Via of Net fifo_inst_ext_core1_0/FE_USKN8384_CTS_25 & Blockage of Cell fifo_inst_ext_core1_0/FE_USKC8071_CTS_25  ( M1 )
Bounds : ( 1442.810, 1172.550 ) ( 1442.990, 1172.650 )


SHORT: Regular Via of Net fifo_inst_ext_core1_0/FE_USKN3564_CTS_23 & Blockage of Cell fifo_inst_ext_core1_0/FE_USKC3706_CTS_23  ( M1 )
Bounds : ( 1421.210, 1164.150 ) ( 1421.590, 1164.250 )


SHORT: Regular Via of Net fifo_inst_ext_core1_0/n56 & Blockage of Cell fifo_inst_ext_core1_0/U386  ( M1 )
Bounds : ( 1437.010, 1068.150 ) ( 1437.390, 1068.250 )



Begin Summary ...
  Cells       : 0
  SameNet     : 0
  Wiring      : 0
  Antenna     : 0
  Short       : 4
  Overlap     : 0
End Summary

  Total Violations : 4 Viols.
