###############################################################
#  Generated by:      Cadence Innovus 15.23-s045_1
#  OS:                Linux x86_64(Host ID ieng6-ece-02.ucsd.edu)
#  Generated on:      Mon Mar 16 23:42:28 2026
#  Design:            fullchip
#  Command:           report_timing -max_paths 5 > ${design}.post_route.timing.rpt
###############################################################
Path 1: VIOLATED Late External Delay Assertion 
Endpoint:   out[237]                (^) checked with  leading edge of 'clk1'
Beginpoint: core_instance_1/out[77] (^) triggered by  leading edge of 'clk1'
Path Groups: {clk1}
Analysis View: WC_VIEW
Other End Arrival Time          0.000
- External Delay                0.200
+ Phase Shift                   1.000
+ CPPR Adjustment               0.000
= Required Time                 0.800
- Arrival Time                 10.182
= Slack Time                   -9.382
     Clock Rise Edge                 0.000
     + Clock Network Latency (Prop)  7.090
     = Beginpoint Arrival Time       7.090
     +----------------------------------------------------------------------------------+ 
     |       Instance       |        Arc         |  Cell   | Delay | Arrival | Required | 
     |                      |                    |         |       |  Time   |   Time   | 
     |----------------------+--------------------+---------+-------+---------+----------| 
     | core_instance_1      | clk ^              |         |       |   7.090 |   -2.292 | 
     | core_instance_1      | clk ^ -> out[77] ^ | core    | 2.695 |   9.785 |    0.404 | 
     | FE_OCPC1134_out_237_ | I ^ -> Z ^         | BUFFD16 | 0.143 |   9.929 |    0.547 | 
     | FE_PSC3556_out_237_  | I ^ -> Z ^         | BUFFD16 | 0.213 |  10.141 |    0.760 | 
     |                      | out[237] ^         |         | 0.040 |  10.182 |    0.800 | 
     +----------------------------------------------------------------------------------+ 
Path 2: VIOLATED Late External Delay Assertion 
Endpoint:   out[238]                (^) checked with  leading edge of 'clk1'
Beginpoint: core_instance_1/out[78] (^) triggered by  leading edge of 'clk1'
Path Groups: {clk1}
Analysis View: WC_VIEW
Other End Arrival Time          0.000
- External Delay                0.200
+ Phase Shift                   1.000
+ CPPR Adjustment               0.000
= Required Time                 0.800
- Arrival Time                 10.030
= Slack Time                   -9.230
     Clock Rise Edge                 0.000
     + Clock Network Latency (Prop)  7.090
     = Beginpoint Arrival Time       7.090
     +---------------------------------------------------------------------------------------------+ 
     |            Instance             |        Arc         |  Cell   | Delay | Arrival | Required | 
     |                                 |                    |         |       |  Time   |   Time   | 
     |---------------------------------+--------------------+---------+-------+---------+----------| 
     | core_instance_1                 | clk ^              |         |       |   7.090 |   -2.140 | 
     | core_instance_1                 | clk ^ -> out[78] ^ | core    | 2.525 |   9.615 |    0.385 | 
     | FE_PDC7837_FE_OCPN1118_out_238_ | I ^ -> Z ^         | BUFFD2  | 0.203 |   9.817 |    0.587 | 
     | FE_OCPC1119_out_238_            | I ^ -> Z ^         | BUFFD16 | 0.178 |   9.996 |    0.765 | 
     |                                 | out[238] ^         |         | 0.035 |  10.030 |    0.800 | 
     +---------------------------------------------------------------------------------------------+ 
Path 3: VIOLATED Late External Delay Assertion 
Endpoint:   out[298]                 (^) checked with  leading edge of 'clk1'
Beginpoint: core_instance_1/out[138] (^) triggered by  leading edge of 'clk1'
Path Groups: {clk1}
Analysis View: WC_VIEW
Other End Arrival Time          0.000
- External Delay                0.200
+ Phase Shift                   1.000
+ CPPR Adjustment               0.000
= Required Time                 0.800
- Arrival Time                 10.014
= Slack Time                   -9.214
     Clock Rise Edge                 0.000
     + Clock Network Latency (Prop)  7.090
     = Beginpoint Arrival Time       7.090
     +----------------------------------------------------------------------------------+ 
     |      Instance       |         Arc         |  Cell   | Delay | Arrival | Required | 
     |                     |                     |         |       |  Time   |   Time   | 
     |---------------------+---------------------+---------+-------+---------+----------| 
     | core_instance_1     | clk ^               |         |       |   7.090 |   -2.124 | 
     | core_instance_1     | clk ^ -> out[138] ^ | core    | 2.660 |   9.750 |    0.536 | 
     | FE_OCPC923_out_298_ | I ^ -> Z ^          | BUFFD16 | 0.191 |   9.942 |    0.728 | 
     |                     | out[298] ^          |         | 0.072 |  10.014 |    0.800 | 
     +----------------------------------------------------------------------------------+ 
Path 4: VIOLATED Late External Delay Assertion 
Endpoint:   out[317]                 (v) checked with  leading edge of 'clk1'
Beginpoint: core_instance_1/out[157] (v) triggered by  leading edge of 'clk1'
Path Groups: {clk1}
Analysis View: WC_VIEW
Other End Arrival Time          0.000
- External Delay                0.200
+ Phase Shift                   1.000
+ CPPR Adjustment               0.000
= Required Time                 0.800
- Arrival Time                  9.880
= Slack Time                   -9.080
     Clock Rise Edge                 0.000
     + Clock Network Latency (Prop)  7.090
     = Beginpoint Arrival Time       7.090
     +----------------------------------------------------------------------------------+ 
     |       Instance       |         Arc         |  Cell  | Delay | Arrival | Required | 
     |                      |                     |        |       |  Time   |   Time   | 
     |----------------------+---------------------+--------+-------+---------+----------| 
     | core_instance_1      | clk ^               |        |       |   7.090 |   -1.990 | 
     | core_instance_1      | clk ^ -> out[157] v | core   | 2.512 |   9.602 |    0.522 | 
     | FE_OCPC912_out_317_  | I v -> ZN ^         | INVD16 | 0.178 |   9.780 |    0.701 | 
     | FE_OCPC1409_out_317_ | I ^ -> ZN v         | CKND8  | 0.099 |   9.880 |    0.800 | 
     |                      | out[317] v          |        | 0.000 |   9.880 |    0.800 | 
     +----------------------------------------------------------------------------------+ 
Path 5: VIOLATED Late External Delay Assertion 
Endpoint:   out[263]                 (v) checked with  leading edge of 'clk1'
Beginpoint: core_instance_1/out[103] (v) triggered by  leading edge of 'clk1'
Path Groups: {clk1}
Analysis View: WC_VIEW
Other End Arrival Time          0.000
- External Delay                0.200
+ Phase Shift                   1.000
+ CPPR Adjustment               0.000
= Required Time                 0.800
- Arrival Time                  9.875
= Slack Time                   -9.075
     Clock Rise Edge                 0.000
     + Clock Network Latency (Prop)  7.090
     = Beginpoint Arrival Time       7.090
     +-----------------------------------------------------------------------------------+ 
     |       Instance       |         Arc         |  Cell   | Delay | Arrival | Required | 
     |                      |                     |         |       |  Time   |   Time   | 
     |----------------------+---------------------+---------+-------+---------+----------| 
     | core_instance_1      | clk ^               |         |       |   7.090 |   -1.985 | 
     | core_instance_1      | clk ^ -> out[103] v | core    | 2.346 |   9.436 |    0.362 | 
     | FE_OCPC994_out_263_  | I v -> Z v          | BUFFD16 | 0.187 |   9.623 |    0.549 | 
     | FE_OCPC1634_out_263_ | I v -> ZN ^         | CKND16  | 0.050 |   9.673 |    0.599 | 
     | FE_OCPC1635_out_263_ | I ^ -> ZN v         | CKND16  | 0.057 |   9.730 |    0.655 | 
     | FE_OCPC1598_out_263_ | I v -> ZN ^         | INVD16  | 0.072 |   9.802 |    0.728 | 
     | FE_OCPC1616_out_263_ | I ^ -> ZN v         | CKND16  | 0.045 |   9.847 |    0.773 | 
     |                      | out[263] v          |         | 0.027 |   9.875 |    0.800 | 
     +-----------------------------------------------------------------------------------+ 

