*----------------------------------------------------------------------------------------
*	Innovus 15.23-s045_1 (64bit) 04/22/2016 12:32 (Linux 2.6.18-194.el5)
*	
*
* 	Date & Time:	2026-Mar-21 16:11:14 (2026-Mar-21 23:11:14 GMT)
*
*----------------------------------------------------------------------------------------
*
*	Design: fullchip
*
*	Liberty Libraries used: 
*	        WC_VIEW: /home/linux/ieng6/ECE260B_WI26_A00/sabhonsle/ECE260BProject/ECE260B-Final-Project/workspace/Step4_hier/pnr/fullchip_pnr/scripts/route.enc.dat/libs/mmmc/tcbn65gpluswc.lib
*	        WC_VIEW: /home/linux/ieng6/ECE260B_WI26_A00/sabhonsle/ECE260BProject/ECE260B-Final-Project/workspace/Step4_hier/pnr/fullchip_pnr/scripts/route.enc.dat/libs/mmmc/core_WC.lib
*
*	Power Domain used: 
*		Rail:        VDD 	Voltage:        0.9 
*
*       Power View : WC_VIEW
*
*       User-Defined Activity : N.A.
*
*	Switching Activity File used: 
*	        ../../../gls/waveform/fullchip_lockstep_tb.vcd
*                    Vcd Window used(Start Time, Stop Time):  (50,300)  
*                     Vcd Scale Factor: 1 
* *                    Design annotation coverage: 3977/4192 = 94.8712% 
*	        ../../../gls/waveform/fullchip_sepclk.vcd
*                    Vcd Window used(Start Time, Stop Time):  (50,300)  
*                     Vcd Scale Factor: 1 
* *                    Design annotation coverage: 0/4192 = 0% 
*            Total Design annotation coverage: 3977/4192 = 94.8712% 
*
*       Hierarchical Global Activity: N.A.
*
*       Global Activity: N.A.
*
*       Sequential Element Activity: 0.200000
*
*       Primary Input Activity: 0.200000
*
*       Default icg ratio: N.A.
*
*       Global Comb ClockGate Ratio: N.A.
*
*	Power Units = 1mW
*
*	Time Units = 1e-09 secs 
*
*       report_power -outfile ./power_step4_sepclk_vcd.rpt
*
-----------------------------------------------------------------------------------------


Total Power 
-----------------------------------------------------------------------------------------
Total Internal Power:       21.40509446 	   72.0990%
Total Switching Power:       8.01883733 	   27.0099%
Total Leakage Power:         0.26452811 	    0.8910%
Total Power:                29.68845999 
-----------------------------------------------------------------------------------------


Group                           Internal   Switching     Leakage       Total  Percentage 
                                Power      Power         Power         Power  (%)        
-----------------------------------------------------------------------------------------
Sequential                         5.832    0.002767     0.07435       5.909        19.9 
Macro                                  0       1.253           0       1.253       4.219 
IO                                     0           0           0           0           0 
Combinational                    0.06397      0.1815     0.07638      0.3218       1.084 
Clock (Combinational)              15.51       6.582      0.1138       22.21       74.79 
Clock (Sequential)                     0           0           0           0           0 
-----------------------------------------------------------------------------------------
Total                              21.41       8.019      0.2645       29.69         100 
-----------------------------------------------------------------------------------------


Rail                  Voltage   Internal   Switching     Leakage       Total  Percentage 
                                Power      Power         Power         Power  (%)        
-----------------------------------------------------------------------------------------
VDD                       0.9      21.41       8.019      0.2645       29.69         100 


Clock                           Internal   Switching     Leakage       Total  Percentage 
                                Power      Power         Power         Power  (%)        
-----------------------------------------------------------------------------------------
clk1                               4.915       2.194     0.03542       7.144       24.06 
clk0                               10.59       4.388     0.07838       15.06       50.73 
-----------------------------------------------------------------------------------------
Total (excluding duplicates)       15.51       6.582      0.1138       22.21       74.79 
-----------------------------------------------------------------------------------------


-----------------------------------------------------------------------------------------
*	Power Distribution Summary: 
* 		Highest Average Power:           core_instance_1 (core): 	     0.644 
* 		Highest Leakage Power: fifo_inst_ext_core1_0/FE_OFC164_n43 (BUFFD16): 	 0.0002565 
* 		Total Cap: 	1.11664e-10 F
* 		Total instances in design:  3630
* 		Total instances in design with no power:     0
*          Total instances in design with no activity:     0
* 		Total Fillers and Decap:     0
-----------------------------------------------------------------------------------------

