###############################################################
#  Generated by:      Cadence Innovus 15.23-s045_1
#  OS:                Linux x86_64(Host ID ieng6-ece-02.ucsd.edu)
#  Generated on:      Sat Mar 14 21:23:05 2026
#  Design:            sram_160b_w16
#  Command:           report_timing -max_paths 5 > ${design}.post_route.timing.rpt
###############################################################
Path 1: MET Hold Check with Pin memory12_reg_102_/CP 
Endpoint:   memory12_reg_102_/D (v) checked with  leading edge of 'CLK'
Beginpoint: D[102]              (v) triggered by  leading edge of 'CLK'
Path Groups: {CLK}
Analysis View: BC_VIEW
Other End Arrival Time          0.177
+ Hold                          0.013
+ Phase Shift                   0.000
- CPPR Adjustment               0.000
= Required Time                 0.190
  Arrival Time                  0.204
  Slack Time                    0.014
     Clock Rise Edge                      0.000
     + Input Delay                        0.200
     = Beginpoint Arrival Time            0.200
     +-------------------------------------------------------------------+ 
     |     Instance      |   Arc    |  Cell | Delay | Arrival | Required | 
     |                   |          |       |       |  Time   |   Time   | 
     |-------------------+----------+-------+-------+---------+----------| 
     |                   | D[102] v |       |       |   0.200 |    0.186 | 
     | memory12_reg_102_ | D v      | DFQD1 | 0.004 |   0.204 |    0.190 | 
     +-------------------------------------------------------------------+ 
Path 2: MET Hold Check with Pin memory11_reg_61_/CP 
Endpoint:   memory11_reg_61_/D (v) checked with  leading edge of 'CLK'
Beginpoint: D[61]              (v) triggered by  leading edge of 'CLK'
Path Groups: {CLK}
Analysis View: BC_VIEW
Other End Arrival Time          0.177
+ Hold                          0.013
+ Phase Shift                   0.000
- CPPR Adjustment               0.000
= Required Time                 0.190
  Arrival Time                  0.204
  Slack Time                    0.014
     Clock Rise Edge                      0.000
     + Input Delay                        0.200
     = Beginpoint Arrival Time            0.200
     +-----------------------------------------------------------------+ 
     |     Instance     |   Arc   |  Cell | Delay | Arrival | Required | 
     |                  |         |       |       |  Time   |   Time   | 
     |------------------+---------+-------+-------+---------+----------| 
     |                  | D[61] v |       |       |   0.200 |    0.186 | 
     | memory11_reg_61_ | D v     | DFQD1 | 0.004 |   0.204 |    0.190 | 
     +-----------------------------------------------------------------+ 
Path 3: MET Hold Check with Pin memory9_reg_61_/CP 
Endpoint:   memory9_reg_61_/D (v) checked with  leading edge of 'CLK'
Beginpoint: D[61]             (v) triggered by  leading edge of 'CLK'
Path Groups: {CLK}
Analysis View: BC_VIEW
Other End Arrival Time          0.175
+ Hold                          0.014
+ Phase Shift                   0.000
- CPPR Adjustment               0.000
= Required Time                 0.189
  Arrival Time                  0.204
  Slack Time                    0.015
     Clock Rise Edge                      0.000
     + Input Delay                        0.200
     = Beginpoint Arrival Time            0.200
     +----------------------------------------------------------------+ 
     |    Instance     |   Arc   |  Cell | Delay | Arrival | Required | 
     |                 |         |       |       |  Time   |   Time   | 
     |-----------------+---------+-------+-------+---------+----------| 
     |                 | D[61] v |       |       |   0.200 |    0.185 | 
     | memory9_reg_61_ | D v     | DFQD1 | 0.004 |   0.204 |    0.189 | 
     +----------------------------------------------------------------+ 
Path 4: MET Hold Check with Pin memory11_reg_82_/CP 
Endpoint:   memory11_reg_82_/D (v) checked with  leading edge of 'CLK'
Beginpoint: D[82]              (v) triggered by  leading edge of 'CLK'
Path Groups: {CLK}
Analysis View: BC_VIEW
Other End Arrival Time          0.177
+ Hold                          0.013
+ Phase Shift                   0.000
- CPPR Adjustment               0.000
= Required Time                 0.189
  Arrival Time                  0.205
  Slack Time                    0.015
     Clock Rise Edge                      0.000
     + Input Delay                        0.200
     = Beginpoint Arrival Time            0.200
     +-----------------------------------------------------------------+ 
     |     Instance     |   Arc   |  Cell | Delay | Arrival | Required | 
     |                  |         |       |       |  Time   |   Time   | 
     |------------------+---------+-------+-------+---------+----------| 
     |                  | D[82] v |       |       |   0.200 |    0.185 | 
     | memory11_reg_82_ | D v     | DFQD1 | 0.005 |   0.205 |    0.189 | 
     +-----------------------------------------------------------------+ 
Path 5: MET Hold Check with Pin memory11_reg_81_/CP 
Endpoint:   memory11_reg_81_/D (v) checked with  leading edge of 'CLK'
Beginpoint: D[81]              (v) triggered by  leading edge of 'CLK'
Path Groups: {CLK}
Analysis View: BC_VIEW
Other End Arrival Time          0.176
+ Hold                          0.013
+ Phase Shift                   0.000
- CPPR Adjustment               0.000
= Required Time                 0.189
  Arrival Time                  0.205
  Slack Time                    0.016
     Clock Rise Edge                      0.000
     + Input Delay                        0.200
     = Beginpoint Arrival Time            0.200
     +-----------------------------------------------------------------+ 
     |     Instance     |   Arc   |  Cell | Delay | Arrival | Required | 
     |                  |         |       |       |  Time   |   Time   | 
     |------------------+---------+-------+-------+---------+----------| 
     |                  | D[81] v |       |       |   0.200 |    0.184 | 
     | memory11_reg_81_ | D v     | DFQD1 | 0.005 |   0.205 |    0.189 | 
     +-----------------------------------------------------------------+ 

