Depth  Name                                                                                   #Inst  Area (um^2)
----------------------------------------------------------------------------------------------------------------
0      fullchip                                                                               66243  306810.36  
1      clk_gate_core_instance0_ofifo_inst_col_idx_6__fifo_instance_q5_reg                     1      9.72       
1      clk_gate_core_instance1_sfp_instance_fifo_inst_q11_reg                                 1      9.72       
1      clk_gate_core_instance1_ofifo_inst_col_idx_3__fifo_instance_q11_reg                    1      9.72       
1      clk_gate_core0_self_ext_fifo_mem_reg_11_                                               1      9.72       
1      clk_gate_core_instance1_mac_array_instance_col_idx_4__mac_col_inst_cnt_q_reg           1      6.48       
1      clk_gate_core_instance1_ofifo_inst_col_idx_5__fifo_instance_q3_reg                     1      9.72       
1      clk_gate_core_instance0_ofifo_inst_col_idx_5__fifo_instance_q10_reg                    1      7.92       
1      clk_gate_core_instance1_sfp_instance_div_out_r_reg_7_                                  1      6.48       
1      clk_gate_core_instance1_ofifo_inst_col_idx_1__fifo_instance_q6_reg                     1      9.72       
1      clk_gate_core_instance0_mac_array_instance_col_idx_6__mac_col_inst_query_q_reg         1      15.12      
1      clk_gate_core_instance0_ofifo_inst_col_idx_1__fifo_instance_q5_reg                     1      9.72       
1      clk_gate_core_instance0_kmem_instance_memory7_reg                                      1      7.56       
1      clk_gate_core_instance1_ofifo_inst_col_idx_6__fifo_instance_q12_reg                    1      9.72       
1      clk_gate_core_instance1_sfp_instance_gen_div_3__u_div_out_reg                          1      6.48       
1      clk_gate_core_instance0_ofifo_valid_cnt_reg                                            1      7.56       
1      clk_gate_core_instance1_ofifo_inst_col_idx_3__fifo_instance_q0_reg                     1      9.72       
1      clk_gate_core_instance0_ofifo_inst_col_idx_7__fifo_instance_q3_reg                     1      9.72       
1      clk_gate_core_instance0_mac_array_instance_col_idx_1__mac_col_inst_load_ready_q_reg    1      15.12      
1      clk_gate_core_instance0_mac_array_instance_col_idx_8__mac_col_inst_load_ready_q_reg    1      15.12      
1      clk_gate_core_instance0_sfp_instance_gen_div_1__u_div_remainder_reg                    1      10.44      
1      clk_gate_core_instance1_ofifo_inst_col_idx_6__fifo_instance_q1_reg                     1      9.72       
1      clk_gate_core_instance1_ofifo_inst_col_idx_4__fifo_instance_q9_reg                     1      7.92       
1      clk_gate_core_instance0_ofifo_inst_col_idx_4__fifo_instance_q0_reg                     1      9.72       
1      clk_gate_core_instance0_ofifo_inst_col_idx_1__fifo_instance_q13_reg                    1      9.72       
1      clk_gate_core_instance0_ofifo_inst_col_idx_3__fifo_instance_q5_reg                     1      7.56       
1      clk_gate_core_instance0_psum_mem_instance_memory8_reg                                  1      9.72       
1      clk_gate_core_instance0_qmem_instance_memory6_reg                                      1      7.56       
1      clk_gate_core_instance1_ofifo_inst_col_idx_0__fifo_instance_q6_reg                     1      9.72       
1      clk_gate_core0_self_ext_fifo_mem_reg_1_                                                1      9.72       
1      clk_gate_core_instance0_sfp_instance_gen_div_5__u_div_divisor_fix_reg                  1      7.56       
1      clk_gate_core_instance0_ofifo_inst_col_idx_7__fifo_instance_q11_reg                    1      9.72       
1      clk_gate_core_instance1_sfp_instance_fifo_inst_q0_reg                                  1      9.72       
1      clk_gate_core_instance1_ofifo_inst_col_idx_2__fifo_instance_q6_reg                     1      9.72       
1      clk_gate_core_instance0_ofifo_inst_col_idx_2__fifo_instance_q14_reg                    1      9.72       
1      clk_gate_core_instance1_kmem_instance_memory0_reg                                      1      6.48       
1      clk_gate_core_instance1_ofifo_inst_col_idx_1__fifo_instance_q3_reg                     1      9.72       
1      clk_gate_core_instance1_mac_array_instance_col_idx_6__mac_col_inst_query_q_reg         2      16.56      
1      clk_gate_core_instance0_ofifo_inst_col_idx_1__fifo_instance_q2_reg                     1      9.72       
1      clk_gate_core_instance0_kmem_instance_memory4_reg                                      1      7.56       
1      clk_gate_core_instance1_ofifo_inst_col_idx_6__fifo_instance_q9_reg                     1      9.72       
1      clk_gate_core_instance1_ofifo_inst_col_idx_1__fifo_instance_q12_reg                    1      9.72       
1      clk_gate_core_instance0_ofifo_inst_col_idx_6__fifo_instance_q3_reg                     1      9.72       
1      clk_gate_core_instance0_mac_array_instance_col_idx_5__mac_col_inst_query_q_reg         1      15.12      
1      clk_gate_core_instance1_sfp_instance_gen_div_4__u_div_out_reg                          1      6.48       
1      clk_gate_core_instance1_sfp_instance_gen_div_1__u_div_out_reg                          1      6.84       
1      clk_gate_core_instance1_sfp_instance_fifo_inst_q9_reg                                  1      9.72       
1      clk_gate_core_instance1_ofifo_inst_col_idx_5__fifo_instance_q1_reg                     1      9.72       
1      clk_gate_core_instance0_ofifo_inst_col_idx_4__fifo_instance_q11_reg                    1      7.92       
1      clk_gate_core_instance0_ofifo_inst_col_idx_5__fifo_instance_q8_reg                     1      7.92       
1      clk_gate_core_instance0_sfp_instance_fifo_inst_q13_reg                                 1      9.72       
1      clk_gate_core_instance0_ofifo_inst_col_idx_1__fifo_instance_q11_reg                    1      9.72       
1      clk_gate_core_instance0_qmem_instance_memory4_reg                                      1      7.56       
1      clk_gate_core_instance0_ofifo_inst_col_idx_7__fifo_instance_q0_reg                     1      9.72       
1      clk_gate_core_instance1_mac_array_instance_col_idx_1__mac_col_inst_load_ready_q_reg    1      15.12      
1      clk_gate_core_instance1_mac_array_instance_col_idx_8__mac_col_inst_load_ready_q_reg    1      6.48       
1      clk_gate_core_instance0_sfp_instance_gen_div_2__u_div_remainder_reg                    1      10.44      
1      clk_gate_core_instance1_ofifo_inst_col_idx_6__fifo_instance_q15_reg                    1      9.72       
1      clk_gate_core_instance1_ofifo_inst_col_idx_4__fifo_instance_q6_reg                     1      9.72       
1      clk_gate_core_instance1_acc_done_cnt_reg                                               1      15.12      
1      clk_gate_core_instance0_ofifo_inst_col_idx_3__fifo_instance_q2_reg                     1      7.56       
1      clk_gate_core_instance1_psum_mem_instance_memory3_reg                                  1      9.72       
1      clk_gate_core_instance0_psum_mem_instance_memory5_reg                                  2      12.96      
1      clk_gate_core_instance1_ofifo_inst_col_idx_3__fifo_instance_q15_reg                    1      9.72       
1      clk_gate_core_instance0_ofifo_inst_col_idx_2__fifo_instance_q8_reg                     1      7.56       
1      clk_gate_core_instance1_qmem_instance_memory2_reg                                      1      15.12      
1      clk_gate_core1_self_ext_fifo_wr_ptr_bin_reg                                            1      15.12      
1      clk_gate_core_instance0_mac_array_instance_col_idx_7__mac_col_inst_load_ready_q_reg    1      15.12      
1      clk_gate_core_instance1_ofifo_inst_col_idx_6__fifo_instance_q7_reg                     1      9.72       
1      clk_gate_core_instance0_ofifo_inst_col_idx_5__fifo_instance_q14_reg                    1      7.92       
1      clk_gate_core0_self_ext_fifo_mem_reg_7_                                                1      9.72       
1      clk_gate_core_instance0_mac_array_instance_col_idx_3__mac_col_inst_cnt_q_reg           1      6.48       
1      clk_gate_core_instance0_sfp_instance_fifo_inst_q2_reg                                  1      9.72       
1      clk_gate_core_instance1_ofifo_inst_col_idx_5__fifo_instance_q12_reg                    1      7.92       
1      clk_gate_core_instance1_ofifo_inst_col_idx_2__fifo_instance_q3_reg                     1      9.72       
1      clk_gate_core_instance0_ofifo_inst_col_idx_3__fifo_instance_q11_reg                    1      7.56       
1      clk_gate_core_instance0_psum_mem_instance_memory14_reg                                 1      7.56       
1      clk_gate_core_instance1_ofifo_inst_col_idx_1__fifo_instance_q0_reg                     1      9.72       
1      clk_gate_core_instance1_ofifo_inst_col_idx_1__fifo_instance_q9_reg                     1      9.72       
1      clk_gate_core_instance1_sfp_instance_gen_div_5__u_div_out_reg                          1      6.84       
1      clk_gate_core_instance1_sfp_instance_gen_div_2__u_div_out_reg                          1      6.48       
1      clk_gate_core_instance0_ofifo_inst_col_idx_5__fifo_instance_q5_reg                     1      7.56       
1      clk_gate_core_instance0_sfp_instance_fifo_inst_q10_reg                                 1      9.72       
1      clk_gate_core_instance1_psum_mem_instance_memory14_reg                                 1      9.72       
1      clk_gate_core_instance0_ofifo_inst_col_idx_1__fifo_instance_q8_reg                     1      9.72       
1      clk_gate_core_instance0_qmem_instance_memory1_reg                                      1      7.56       
1      clk_gate_core_instance0_ofifo_inst_col_idx_7__fifo_instance_q14_reg                    1      9.72       
1      clk_gate_core_instance0_sfp_instance_gen_div_3__u_div_remainder_reg                    1      15.12      
1      clk_gate_core_instance0_ofifo_inst_col_idx_7__fifo_instance_q6_reg                     1      9.72       
1      clk_gate_core_instance0_sfp_instance_gen_div_0__u_div_remainder_reg                    1      10.44      
1      clk_gate_core1_self_ext_fifo_mem_reg_13_                                               1      9.72       
1      clk_gate_core_instance1_mac_array_instance_col_idx_7__mac_col_inst_load_ready_q_reg    2      16.56      
1      clk_gate_core_instance1_ofifo_inst_col_idx_6__fifo_instance_q4_reg                     1      9.72       
1      clk_gate_core_instance0_ofifo_inst_col_idx_6__fifo_instance_q11_reg                    1      9.72       
1      clk_gate_core0_self_ext_fifo_mem_reg_4_                                                1      9.72       
1      clk_gate_core_instance0_sfp_instance_fifo_inst_wr_ptr_reg                              1      6.48       
1      clk_gate_core_instance1_ofifo_inst_col_idx_2__fifo_instance_q0_reg                     1      9.72       
1      clk_gate_core_instance0_ofifo_inst_col_idx_3__fifo_instance_q1_reg                     1      9.72       
1      clk_gate_core_instance0_psum_mem_instance_memory4_reg                                  1      9.72       
1      clk_gate_core_instance1_mac_array_instance_col_idx_8__mac_col_inst_cnt_q_reg           1      6.48       
1      clk_gate_core_instance0_ofifo_inst_col_idx_2__fifo_instance_q6_reg                     1      9.72       
1      clk_gate_core_instance1_qmem_instance_memory0_reg                                      2      18.36      
1      clk_gate_core_instance1_ofifo_inst_col_idx_7__fifo_instance_q13_reg                    1      9.72       
1      clk_gate_core_instance0_mac_array_instance_col_idx_2__mac_col_inst_cnt_q_reg           1      6.48       
1      clk_gate_core_instance1_ofifo_inst_col_idx_4__fifo_instance_q1_reg                     1      7.92       
1      clk_gate_core_instance1_ofifo_inst_col_idx_0__fifo_instance_q4_reg                     1      9.72       
1      clk_gate_core_instance1_mac_array_instance_col_idx_3__mac_col_inst_query_q_reg         1      6.48       
1      clk_gate_core_instance0_ofifo_inst_col_idx_0__fifo_instance_q3_reg                     1      9.72       
1      clk_gate_core_instance0_sfp_instance_gen_div_6__u_div_out_reg                          1      6.48       
1      clk_gate_core_instance1_ofifo_inst_col_idx_7__fifo_instance_q2_reg                     1      9.72       
1      clk_gate_core_instance1_ofifo_inst_col_idx_5__fifo_instance_q10_reg                    1      7.92       
1      clk_gate_core_instance0_ofifo_inst_col_idx_4__fifo_instance_q6_reg                     1      7.92       
1      clk_gate_core_instance1_ofifo_inst_col_idx_0__fifo_instance_q12_reg                    1      9.72       
1      clk_gate_core_instance0_sfp_instance_gen_div_3__u_div_divisor_fix_reg                  1      7.56       
1      clk_gate_core_instance0_ofifo_inst_col_idx_6__fifo_instance_q1_reg                     1      9.72       
1      clk_gate_core1_self_ext_fifo_mem_reg_3_                                                1      9.72       
1      clk_gate_core_instance1_mac_array_instance_col_idx_5__mac_col_inst_load_ready_q_reg    2      16.56      
1      clk_gate_core_instance1_sfp_instance_fifo_inst_q7_reg                                  1      9.72       
1      clk_gate_core_instance1_ofifo_inst_col_idx_5__fifo_instance_wr_ptr_reg                 1      6.48       
1      clk_gate_core_instance1_ofifo_inst_col_idx_3__fifo_instance_q7_reg                     1      7.92       
1      clk_gate_core_instance0_ofifo_inst_col_idx_3__fifo_instance_q15_reg                    1      7.56       
1      clk_gate_core_instance0_psum_mem_instance_memory1_reg                                  1      7.56       
1      clk_gate_core_instance0_ofifo_inst_col_idx_0__fifo_instance_q11_reg                    1      7.56       
1      clk_gate_core_instance0_ofifo_inst_col_idx_2__fifo_instance_q3_reg                     1      9.72       
1      clk_gate_core_instance1_kmem_instance_memory6_reg                                      1      6.48       
1      clk_gate_core_instance1_ofifo_inst_col_idx_7__fifo_instance_q10_reg                    1      9.72       
1      clk_gate_core_instance1_ofifo_inst_col_idx_2__fifo_instance_q13_reg                    1      9.72       
1      clk_gate_core_instance0_ofifo_inst_col_idx_7__fifo_instance_q4_reg                     1      9.72       
1      clk_gate_core0_self_ext_fifo_wr_ptr_bin_reg                                            1      6.84       
1      clk_gate_core_instance1_mac_array_instance_col_idx_7__mac_col_inst_cnt_q_reg           1      6.48       
1      clk_gate_core_instance0_sfp_instance_gen_div_0__u_div_divisor_fix_reg                  1      7.56       
1      clk_gate_core_instance1_ofifo_inst_col_idx_6__fifo_instance_q2_reg                     1      9.72       
1      clk_gate_core_instance0_ofifo_inst_col_idx_6__fifo_instance_q9_reg                     1      9.72       
1      clk_gate_core_instance0_sfp_instance_fifo_inst_q14_reg                                 1      9.72       
1      clk_gate_core_instance1_sfp_instance_gen_div_6__u_div_divisor_fix_reg                  1      7.56       
1      clk_gate_core_instance0_ofifo_inst_col_idx_2__fifo_instance_q12_reg                    1      9.72       
1      clk_gate_core_instance1_qmem_instance_memory6_reg                                      1      6.48       
1      clk_gate_core_instance1_ofifo_inst_col_idx_0__fifo_instance_q1_reg                     1      9.72       
1      clk_gate_core_instance0_mac_array_instance_col_idx_4__mac_col_inst_query_q_reg         1      15.12      
1      clk_gate_core_instance0_ofifo_inst_col_idx_0__fifo_instance_q0_reg                     1      7.92       
1      clk_gate_core_instance0_sfp_instance_gen_div_7__u_div_out_reg                          1      6.48       
1      clk_gate_core_instance1_ofifo_inst_col_idx_7__fifo_instance_wr_ptr_reg                 1      6.48       
1      clk_gate_core_instance1_ofifo_inst_col_idx_5__fifo_instance_q7_reg                     1      9.72       
1      clk_gate_core_instance1_ofifo_inst_col_idx_0__fifo_instance_q10_reg                    1      9.72       
1      clk_gate_core_instance0_ofifo_inst_col_idx_5__fifo_instance_q1_reg                     1      7.56       
1      clk_gate_core_instance1_mac_array_instance_col_idx_2__mac_col_inst_query_q_reg         1      6.48       
1      clk_gate_core_instance0_ofifo_inst_col_idx_4__fifo_instance_q3_reg                     1      7.92       
1      clk_gate_core_instance0_sfp_instance_gen_div_4__u_div_out_reg                          1      6.48       
1      clk_gate_core_instance0_sfp_instance_fifo_inst_q6_reg                                  1      9.72       
1      clk_gate_core_instance1_ofifo_inst_col_idx_4__fifo_instance_wr_ptr_reg                 1      6.48       
1      clk_gate_core_instance0_ofifo_inst_col_idx_3__fifo_instance_q9_reg                     1      7.56       
1      clk_gate_core_instance1_psum_mem_instance_memory9_reg                                  1      9.72       
1      clk_gate_core_instance0_psum_mem_instance_memory12_reg                                 1      9.72       
1      clk_gate_core_instance0_ofifo_inst_col_idx_0__fifo_instance_q9_reg                     1      7.56       
1      clk_gate_core_instance1_ofifo_inst_col_idx_7__fifo_instance_q8_reg                     1      7.92       
1      clk_gate_core_instance0_ofifo_inst_col_idx_6__fifo_instance_q15_reg                    1      9.72       
1      clk_gate_core1_self_ext_fifo_mem_reg_0_                                                1      9.72       
1      clk_gate_core1_self_ext_fifo_mem_reg_9_                                                1      9.72       
1      clk_gate_core_instance0_mac_array_instance_col_idx_6__mac_col_inst_load_ready_q_reg    1      15.12      
1      clk_gate_core_instance1_sfp_instance_fifo_inst_q4_reg                                  1      9.72       
1      clk_gate_core_instance1_ofifo_inst_col_idx_6__fifo_instance_q13_reg                    1      9.72       
1      clk_gate_core_instance1_ofifo_inst_col_idx_3__fifo_instance_q4_reg                     1      9.72       
1      clk_gate_core_instance1_ofifo_inst_col_idx_3__fifo_instance_q13_reg                    1      7.92       
1      clk_gate_core_instance0_ofifo_inst_col_idx_1__fifo_instance_q6_reg                     1      9.72       
1      clk_gate_core_instance0_qmem_instance_Q_reg                                            1      6.48       
1      clk_gate_core_instance1_ofifo_inst_col_idx_2__fifo_instance_q10_reg                    1      9.72       
1      clk_gate_core0_self_ext_fifo_mem_reg_13_                                               1      9.72       
1      clk_gate_core_instance1_mac_array_instance_col_idx_4__mac_col_inst_load_ready_q_reg    2      16.56      
1      clk_gate_core_instance1_ofifo_inst_col_idx_5__fifo_instance_q5_reg                     1      9.72       
1      clk_gate_core_instance0_ofifo_inst_col_idx_5__fifo_instance_q12_reg                    1      7.92       
1      clk_gate_core_instance1_sfp_instance_gen_div_7__u_div_divisor_fix_reg                  1      7.56       
1      clk_gate_core_instance0_sfp_instance_div_out_r_reg_7_                                  1      6.48       
1      clk_gate_core_instance0_ofifo_inst_col_idx_2__fifo_instance_q9_reg                     1      9.72       
1      clk_gate_core_instance1_qmem_instance_memory3_reg                                      1      15.12      
1      clk_gate_core_instance1_ofifo_inst_col_idx_0__fifo_instance_q15_reg                    1      9.72       
1      clk_gate_core_instance1_sfp_instance_gen_div_0__u_div_out_reg                          1      6.48       
1      clk_gate_core_instance1_ofifo_inst_col_idx_0__fifo_instance_q7_reg                     1      9.72       
1      clk_gate_core_instance0_sfp_instance_gen_div_5__u_div_out_reg                          1      6.48       
1      clk_gate_core_instance1_psum_mem_instance_memory6_reg                                  1      9.72       
1      clk_gate_core_instance0_ofifo_inst_col_idx_0__fifo_instance_q6_reg                     1      9.72       
1      clk_gate_core_instance1_ofifo_inst_col_idx_7__fifo_instance_q5_reg                     1      9.72       
1      clk_gate_core_instance0_ofifo_inst_col_idx_7__fifo_instance_q12_reg                    1      9.72       
1      clk_gate_core_instance1_sfp_instance_fifo_inst_q1_reg                                  1      9.72       
1      clk_gate_core_instance0_ofifo_inst_col_idx_4__fifo_instance_q2_reg                     1      7.92       
1      clk_gate_core_instance0_ofifo_inst_col_idx_0__fifo_instance_q15_reg                    1      7.92       
1      clk_gate_core_instance0_ofifo_inst_col_idx_3__fifo_instance_q7_reg                     1      7.56       
1      clk_gate_core_instance0_psum_mem_instance_memory10_reg                                 1      9.72       
1      clk_gate_core_instance1_ofifo_inst_col_idx_7__fifo_instance_q14_reg                    1      9.72       
1      clk_gate_core0_self_ext_fifo_mem_reg_3_                                                1      9.72       
1      clk_gate_core0_self_ext_fifo_mem_reg_10_                                               1      9.72       
1      clk_gate_core_instance0_mac_array_instance_col_idx_5__mac_col_inst_load_ready_q_reg    1      15.12      
1      clk_gate_core_instance1_ofifo_inst_col_idx_5__fifo_instance_q2_reg                     1      9.72       
1      clk_gate_core_instance1_ofifo_inst_col_idx_2__fifo_instance_q8_reg                     1      9.72       
1      clk_gate_core_instance0_ofifo_inst_col_idx_2__fifo_instance_wr_ptr_reg                 1      6.48       
1      clk_gate_core_instance1_kmem_instance_memory2_reg                                      1      6.84       
1      clk_gate_core_instance1_ofifo_inst_col_idx_1__fifo_instance_q5_reg                     1      9.72       
1      clk_gate_core_instance0_mac_array_instance_col_idx_6__mac_col_inst_cnt_q_reg           1      6.48       
1      clk_gate_core_instance0_ofifo_inst_col_idx_1__fifo_instance_q4_reg                     1      9.72       
1      clk_gate_core_instance0_kmem_instance_memory6_reg                                      1      6.48       
1      clk_gate_core_instance1_ofifo_inst_col_idx_6__fifo_instance_q11_reg                    1      9.72       
1      clk_gate_core_instance1_sfp_instance_gen_div_3__u_div_divisor_fix_reg                  1      7.56       
1      clk_gate_core_instance1_ofifo_inst_col_idx_1__fifo_instance_q13_reg                    1      9.72       
1      clk_gate_core_instance1_sfp_instance_gen_div_1__u_div_remainder_reg                    1      15.12      
1      clk_gate_core_instance0_ofifo_inst_col_idx_7__fifo_instance_q2_reg                     1      9.72       
1      clk_gate_core_instance0_mac_array_instance_col_idx_1__mac_col_inst_query_q_reg         1      6.48       
1      clk_gate_core_instance0_mac_array_instance_col_idx_8__mac_col_inst_query_q_reg         1      15.12      
1      clk_gate_core_instance0_sfp_instance_gen_div_1__u_div_out_reg                          1      6.48       
1      clk_gate_core_instance1_ofifo_inst_col_idx_6__fifo_instance_q0_reg                     1      9.72       
1      clk_gate_core_instance1_ofifo_inst_col_idx_4__fifo_instance_q8_reg                     1      7.92       
1      clk_gate_core_instance0_ofifo_inst_col_idx_4__fifo_instance_wr_ptr_reg                 1      6.48       
1      clk_gate_core_instance0_ofifo_inst_col_idx_3__fifo_instance_q4_reg                     1      7.56       
1      clk_gate_core_instance1_psum_mem_instance_memory5_reg                                  1      9.72       
1      clk_gate_core_instance0_psum_mem_instance_memory7_reg                                  1      7.56       
1      clk_gate_core0_self_ext_fifo_mem_reg_0_                                                1      9.72       
1      clk_gate_core_instance0_ofifo_inst_col_idx_7__fifo_instance_q10_reg                    1      9.72       
1      clk_gate_core_instance1_sfp_instance_fifo_inst_wr_ptr_reg                              1      6.48       
1      clk_gate_core_instance0_ofifo_inst_col_idx_5__fifo_instance_wr_ptr_reg                 1      6.48       
1      clk_gate_core0_self_ext_fifo_mem_reg_9_                                                1      9.72       
1      clk_gate_core_instance0_mac_array_instance_col_idx_3__mac_col_inst_load_ready_q_reg    1      6.48       
1      clk_gate_core_instance0_sfp_instance_fifo_inst_q4_reg                                  1      9.72       
1      clk_gate_core_instance1_ofifo_inst_col_idx_4__fifo_instance_q14_reg                    1      7.92       
1      clk_gate_core_instance1_ofifo_inst_col_idx_2__fifo_instance_q5_reg                     1      9.72       
1      clk_gate_core_instance0_ofifo_inst_col_idx_3__fifo_instance_q13_reg                    1      7.56       
1      clk_gate_core_instance1_kmem_instance_Q_reg                                            1      6.48       
1      clk_gate_core_instance1_ofifo_inst_col_idx_1__fifo_instance_q2_reg                     1      9.72       
1      clk_gate_core_instance1_mac_array_instance_col_idx_6__mac_col_inst_cnt_q_reg           1      6.48       
1      clk_gate_core_instance0_ofifo_inst_col_idx_1__fifo_instance_q1_reg                     1      9.72       
1      clk_gate_core_instance0_kmem_instance_memory3_reg                                      1      6.48       
1      clk_gate_core_instance1_ofifo_inst_col_idx_6__fifo_instance_q8_reg                     1      9.72       
1      clk_gate_core_instance1_ofifo_inst_col_idx_1__fifo_instance_q11_reg                    1      9.72       
1      clk_gate_core_instance0_ofifo_inst_col_idx_6__fifo_instance_q2_reg                     1      9.72       
1      clk_gate_core_instance0_mac_array_instance_col_idx_5__mac_col_inst_cnt_q_reg           1      6.48       
1      clk_gate_core_instance1_sfp_instance_gen_div_4__u_div_divisor_fix_reg                  1      7.56       
1      clk_gate_core_instance1_sfp_instance_gen_div_1__u_div_divisor_fix_reg                  1      7.92       
1      clk_gate_core_instance1_sfp_instance_fifo_inst_q8_reg                                  1      9.72       
1      clk_gate_core_instance1_ofifo_inst_col_idx_5__fifo_instance_q0_reg                     1      9.72       
1      clk_gate_core_instance0_ofifo_inst_col_idx_4__fifo_instance_q10_reg                    1      7.92       
1      clk_gate_core_instance0_ofifo_inst_col_idx_5__fifo_instance_q7_reg                     1      7.56       
1      clk_gate_core_instance0_sfp_instance_fifo_inst_q12_reg                                 1      9.72       
1      clk_gate_core_instance0_ofifo_inst_col_idx_1__fifo_instance_q10_reg                    1      9.72       
1      clk_gate_core_instance0_qmem_instance_memory3_reg                                      1      6.84       
1      clk_gate_core_instance0_ofifo_inst_col_idx_7__fifo_instance_wr_ptr_reg                 1      6.48       
1      clk_gate_core_instance1_mac_array_instance_col_idx_1__mac_col_inst_query_q_reg         1      15.12      
1      clk_gate_core_instance1_mac_array_instance_col_idx_8__mac_col_inst_query_q_reg         1      15.12      
1      clk_gate_core_instance0_sfp_instance_gen_div_2__u_div_out_reg                          1      6.48       
1      clk_gate_core_instance1_ofifo_inst_col_idx_6__fifo_instance_q14_reg                    1      9.72       
1      clk_gate_core_instance1_ofifo_inst_col_idx_4__fifo_instance_q5_reg                     1      9.72       
1      clk_gate_core_instance0_ofifo_inst_col_idx_7__fifo_instance_q8_reg                     1      9.72       
1      clk_gate_core_instance1_div_done_cnt_reg                                               1      15.12      
1      clk_gate_core_instance1_sfp_instance_fifo_inst_q14_reg                                 1      9.72       
1      clk_gate_core_instance1_psum_mem_instance_memory2_reg                                  1      9.72       
1      clk_gate_core_instance1_ofifo_inst_col_idx_3__fifo_instance_q14_reg                    1      9.72       
1      clk_gate_core_instance0_ofifo_inst_col_idx_2__fifo_instance_q7_reg                     1      9.72       
1      clk_gate_core_instance1_qmem_instance_memory1_reg                                      1      15.12      
1      clk_gate_core1_self_ext_fifo_mem_reg_15_                                               1      9.72       
1      clk_gate_core_instance0_mac_array_instance_col_idx_7__mac_col_inst_query_q_reg         1      15.12      
1      clk_gate_core_instance1_ofifo_inst_col_idx_6__fifo_instance_q6_reg                     1      9.72       
1      clk_gate_core_instance0_ofifo_inst_col_idx_6__fifo_instance_q13_reg                    1      9.72       
1      clk_gate_core0_self_ext_fifo_mem_reg_6_                                                1      9.72       
1      clk_gate_core_instance0_sfp_instance_fifo_inst_q1_reg                                  1      9.72       
1      clk_gate_core_instance1_ofifo_inst_col_idx_2__fifo_instance_q2_reg                     1      9.72       
1      clk_gate_core_instance1_ofifo_inst_col_idx_1__fifo_instance_wr_ptr_reg                 1      6.48       
1      clk_gate_core_instance1_ofifo_inst_col_idx_1__fifo_instance_q8_reg                     1      7.92       
1      clk_gate_core_instance1_sfp_instance_gen_div_5__u_div_divisor_fix_reg                  1      7.56       
1      clk_gate_core_instance1_sfp_instance_gen_div_2__u_div_divisor_fix_reg                  1      7.56       
1      clk_gate_core_instance0_mac_array_instance_col_idx_2__mac_col_inst_load_ready_q_reg    1      6.48       
1      clk_gate_core_instance1_ofifo_inst_col_idx_4__fifo_instance_q3_reg                     1      9.72       
1      clk_gate_core_instance1_psum_mem_instance_memory13_reg                                 1      9.72       
1      clk_gate_core_instance0_ofifo_inst_col_idx_1__fifo_instance_q7_reg                     1      9.72       
1      clk_gate_core_instance0_qmem_instance_memory0_reg                                      1      7.56       
1      clk_gate_core_instance1_ofifo_inst_col_idx_0__fifo_instance_q13_reg                    1      7.92       
1      clk_gate_core_instance0_sfp_instance_gen_div_3__u_div_out_reg                          1      6.48       
1      clk_gate_core_instance0_ofifo_inst_col_idx_1__fifo_instance_wr_ptr_reg                 1      6.48       
1      clk_gate_core_instance0_ofifo_inst_col_idx_4__fifo_instance_q8_reg                     1      7.92       
1      clk_gate_core_instance0_kmem_instance_memory1_reg                                      1      6.48       
1      clk_gate_core_instance1_mac_array_instance_col_idx_7__mac_col_inst_query_q_reg         1      12.24      
1      clk_gate_core_instance1_ofifo_inst_col_idx_6__fifo_instance_q3_reg                     1      9.72       
1      clk_gate_core1_self_ext_fifo_mem_reg_5_                                                1      9.72       
1      clk_gate_core_instance1_ofifo_inst_col_idx_3__fifo_instance_q9_reg                     1      9.72       
1      clk_gate_core_instance0_ofifo_inst_col_idx_3__fifo_instance_q0_reg                     1      7.56       
1      clk_gate_core_instance0_psum_mem_instance_memory3_reg                                  1      9.72       
1      clk_gate_core_instance0_ofifo_inst_col_idx_0__fifo_instance_q13_reg                    1      7.56       
1      clk_gate_core_instance0_ofifo_inst_col_idx_2__fifo_instance_q5_reg                     1      9.72       
1      clk_gate_core_instance1_qmem_instance_Q_reg                                            1      12.24      
1      clk_gate_core_instance1_ofifo_inst_col_idx_7__fifo_instance_q12_reg                    1      9.72       
1      clk_gate_sfp_sum_in_0_r_reg                                                            1      9.72       
1      clk_gate_core_instance0_ofifo_inst_col_idx_1__fifo_instance_q14_reg                    1      9.72       
1      clk_gate_core_instance0_kmem_instance_Q_reg                                            1      6.48       
1      clk_gate_core_instance1_ofifo_inst_col_idx_0__fifo_instance_q3_reg                     1      9.72       
1      clk_gate_core_instance1_mac_array_instance_col_idx_3__mac_col_inst_cnt_q_reg           1      6.48       
1      clk_gate_core_instance0_ofifo_inst_col_idx_0__fifo_instance_q2_reg                     1      9.72       
1      clk_gate_core_instance0_sfp_instance_gen_div_6__u_div_divisor_fix_reg                  1      7.56       
1      clk_gate_core_instance1_ofifo_inst_col_idx_7__fifo_instance_q1_reg                     1      7.92       
1      clk_gate_core_instance1_ofifo_inst_col_idx_5__fifo_instance_q9_reg                     1      7.92       
1      clk_gate_core_instance0_ofifo_inst_col_idx_4__fifo_instance_q5_reg                     1      9.72       
1      clk_gate_core_instance0_ofifo_inst_col_idx_5__fifo_instance_q3_reg                     1      7.92       
1      clk_gate_core_instance0_sfp_instance_fifo_inst_q8_reg                                  1      9.72       
1      clk_gate_core_instance1_psum_mem_instance_memory11_reg                                 1      9.72       
1      clk_gate_core_instance1_ofifo_inst_col_idx_0__fifo_instance_q11_reg                    1      9.72       
1      clk_gate_core_instance0_sfp_instance_gen_div_4__u_div_remainder_reg                    1      10.44      
1      clk_gate_core_instance0_ofifo_inst_col_idx_6__fifo_instance_q0_reg                     1      9.72       
1      clk_gate_core1_self_ext_fifo_mem_reg_2_                                                1      9.72       
1      clk_gate_core1_self_ext_fifo_mem_reg_11_                                               1      9.72       
1      clk_gate_core_instance1_mac_array_instance_col_idx_5__mac_col_inst_query_q_reg         1      6.48       
1      clk_gate_core_instance1_sfp_instance_fifo_inst_q6_reg                                  1      9.72       
1      clk_gate_core_instance1_ofifo_inst_col_idx_5__fifo_instance_q15_reg                    1      7.92       
1      clk_gate_core_instance1_ofifo_inst_col_idx_3__fifo_instance_q6_reg                     1      7.92       
1      clk_gate_core_instance0_ofifo_inst_col_idx_3__fifo_instance_q14_reg                    1      9.72       
1      clk_gate_core_instance0_psum_mem_instance_memory0_reg                                  1      9.72       
1      clk_gate_core_instance0_ofifo_inst_col_idx_2__fifo_instance_q2_reg                     1      9.72       
1      clk_gate_core_instance1_kmem_instance_memory5_reg                                      1      6.84       
1      clk_gate_core_instance1_ofifo_inst_col_idx_2__fifo_instance_q15_reg                    1      9.72       
1      clk_gate_core_instance1_ofifo_inst_col_idx_2__fifo_instance_q12_reg                    1      9.72       
1      clk_gate_core0_self_ext_fifo_mem_reg_15_                                               1      9.72       
1      clk_gate_core_instance0_ofifo_inst_col_idx_6__fifo_instance_q8_reg                     1      9.72       
1      clk_gate_core_instance0_sfp_instance_fifo_inst_rd_ptr_reg                              1      6.48       
1      clk_gate_core_instance1_mode_reg                                                       1      12.24      
1      clk_gate_core_instance0_ofifo_inst_col_idx_4__fifo_instance_q14_reg                    1      7.92       
1      clk_gate_core_instance1_sfp_instance_gen_div_7__u_div_remainder_reg                    1      15.12      
1      clk_gate_core_instance1_psum_mem_instance_memory0_reg                                  1      9.72       
1      clk_gate_core_instance1_ofifo_inst_col_idx_4__fifo_instance_q12_reg                    1      7.92       
1      clk_gate_core_instance0_ofifo_inst_col_idx_2__fifo_instance_q11_reg                    1      7.92       
1      clk_gate_core_instance1_qmem_instance_memory5_reg                                      1      15.12      
1      clk_gate_core_instance1_ofifo_inst_col_idx_0__fifo_instance_q0_reg                     1      9.72       
1      clk_gate_core_instance0_mac_array_instance_col_idx_4__mac_col_inst_cnt_q_reg           1      6.48       
1      clk_gate_core_instance0_ofifo_inst_col_idx_0__fifo_instance_wr_ptr_reg                 1      6.48       
1      clk_gate_core_instance0_sfp_instance_gen_div_7__u_div_divisor_fix_reg                  1      7.56       
1      clk_gate_core_instance1_ofifo_inst_col_idx_7__fifo_instance_q15_reg                    1      7.92       
1      clk_gate_core_instance1_ofifo_inst_col_idx_5__fifo_instance_q6_reg                     1      9.72       
1      clk_gate_core_instance1_ofifo_inst_col_idx_0__fifo_instance_q9_reg                     1      7.92       
1      clk_gate_core_instance0_ofifo_inst_col_idx_5__fifo_instance_q0_reg                     1      7.92       
1      clk_gate_core_instance1_mac_array_instance_col_idx_2__mac_col_inst_cnt_q_reg           1      6.48       
1      clk_gate_core_instance0_sfp_instance_gen_div_4__u_div_divisor_fix_reg                  1      7.56       
1      clk_gate_core_instance0_sfp_instance_fifo_inst_q5_reg                                  1      9.72       
1      clk_gate_core_instance1_ofifo_inst_col_idx_4__fifo_instance_q15_reg                    1      7.92       
1      clk_gate_core_instance0_ofifo_inst_col_idx_3__fifo_instance_q8_reg                     1      7.56       
1      clk_gate_core_instance1_psum_mem_instance_memory8_reg                                  1      9.72       
1      clk_gate_core_instance0_psum_mem_instance_memory11_reg                                 1      9.72       
1      clk_gate_core_instance0_ofifo_inst_col_idx_0__fifo_instance_q8_reg                     1      7.92       
1      clk_gate_core_instance1_ofifo_inst_col_idx_7__fifo_instance_q7_reg                     1      9.72       
1      clk_gate_core_instance0_ofifo_inst_col_idx_6__fifo_instance_q14_reg                    1      9.72       
1      clk_gate_core1_self_ext_fifo_rd_ptr_gray_reg                                           1      6.48       
1      clk_gate_core1_self_ext_fifo_mem_reg_8_                                                1      9.72       
1      clk_gate_core_instance1_sfp_instance_fifo_inst_q3_reg                                  1      9.72       
1      clk_gate_core_instance1_ofifo_inst_col_idx_3__fifo_instance_q3_reg                     1      7.56       
1      clk_gate_core_instance0_ofifo_inst_col_idx_6__fifo_instance_q6_reg                     1      9.72       
1      clk_gate_core_instance1_sfp_instance_fifo_inst_q12_reg                                 1      9.72       
1      clk_gate_core_instance1_ofifo_inst_col_idx_3__fifo_instance_q12_reg                    1      9.72       
1      clk_gate_core_instance1_ofifo_inst_col_idx_2__fifo_instance_q9_reg                     1      9.72       
1      clk_gate_core0_self_ext_fifo_mem_reg_12_                                               1      9.72       
1      clk_gate_core_instance1_mac_array_instance_col_idx_4__mac_col_inst_query_q_reg         2      16.56      
1      clk_gate_core_instance1_ofifo_inst_col_idx_5__fifo_instance_q4_reg                     1      9.72       
1      clk_gate_core_instance0_ofifo_inst_col_idx_5__fifo_instance_q11_reg                    1      9.72       
1      clk_gate_core_instance0_sfp_instance_sum_this_core_r_reg                               1      9.72       
1      clk_gate_core_instance1_ofifo_inst_col_idx_1__fifo_instance_q7_reg                     1      9.72       
1      clk_gate_core_instance1_ofifo_inst_col_idx_0__fifo_instance_q14_reg                    1      9.72       
1      clk_gate_core_instance1_sfp_instance_gen_div_0__u_div_divisor_fix_reg                  1      7.56       
1      clk_gate_core_instance0_ofifo_inst_col_idx_2__fifo_instance_q0_reg                     1      9.72       
1      clk_gate_core_instance1_sfp_instance_gen_div_3__u_div_remainder_reg                    1      15.12      
1      clk_gate_core_instance1_kmem_instance_memory3_reg                                      1      6.48       
1      clk_gate_core_instance0_div_done_cnt_reg                                               1      6.48       
1      clk_gate_core_instance1_ofifo_inst_col_idx_3__fifo_instance_q1_reg                     1      7.92       
1      clk_gate_core_instance0_ofifo_inst_col_idx_0__fifo_instance_q5_reg                     1      9.72       
1      clk_gate_core_instance1_ofifo_inst_col_idx_7__fifo_instance_q4_reg                     1      9.72       
1      clk_gate_core_instance1_controller_instance_mac_counter_reg                            1      15.12      
1      clk_gate_core_instance1_ofifo_inst_col_idx_4__fifo_instance_q10_reg                    1      9.72       
1      clk_gate_core_instance0_ofifo_inst_col_idx_4__fifo_instance_q1_reg                     1      9.72       
1      clk_gate_core_instance0_ofifo_inst_col_idx_0__fifo_instance_q14_reg                    1      7.56       
1      clk_gate_core_instance0_ofifo_inst_col_idx_3__fifo_instance_q6_reg                     1      7.56       
1      clk_gate_core_instance0_psum_mem_instance_memory9_reg                                  1      9.72       
1      clk_gate_core_instance0_qmem_instance_memory7_reg                                      1      7.56       
1      clk_gate_core0_self_ext_fifo_mem_reg_2_                                                1      9.72       
1      clk_gate_core_instance1_ofifo_inst_col_idx_2__fifo_instance_q7_reg                     1      9.72       
1      clk_gate_core_instance0_ofifo_inst_col_idx_2__fifo_instance_q15_reg                    1      9.72       
1      clk_gate_core_instance1_kmem_instance_memory1_reg                                      1      6.84       
1      clk_gate_core_instance1_ofifo_inst_col_idx_1__fifo_instance_q4_reg                     1      9.72       
1      clk_gate_core_instance1_mac_array_instance_col_idx_6__mac_col_inst_load_ready_q_reg    2      16.56      
1      clk_gate_core_instance0_ofifo_inst_col_idx_1__fifo_instance_q3_reg                     1      9.72       
1      clk_gate_core_instance0_kmem_instance_memory5_reg                                      1      6.48       
1      clk_gate_core_instance1_ofifo_inst_col_idx_6__fifo_instance_q10_reg                    1      9.72       
1      clk_gate_core_instance0_ofifo_inst_col_idx_6__fifo_instance_q4_reg                     1      9.72       
1      clk_gate_core_instance1_sfp_instance_gen_div_4__u_div_remainder_reg                    1      15.12      
1      clk_gate_core_instance1_sfp_instance_fifo_inst_q10_reg                                 1      9.72       
1      clk_gate_core_instance0_ofifo_inst_col_idx_4__fifo_instance_q12_reg                    1      7.92       
1      clk_gate_core_instance0_ofifo_inst_col_idx_5__fifo_instance_q9_reg                     1      7.92       
1      clk_gate_core_instance1_sfp_instance_sum_this_core_r_reg                               1      9.72       
1      clk_gate_core_instance0_ofifo_inst_col_idx_1__fifo_instance_q12_reg                    1      9.72       
1      clk_gate_core_instance0_qmem_instance_memory5_reg                                      1      7.56       
1      clk_gate_core_instance0_ofifo_inst_col_idx_7__fifo_instance_q1_reg                     1      9.72       
1      clk_gate_core_instance0_mac_array_instance_col_idx_1__mac_col_inst_cnt_q_reg           1      6.48       
1      clk_gate_core_instance0_mac_array_instance_col_idx_8__mac_col_inst_cnt_q_reg           1      6.48       
1      clk_gate_core_instance0_sfp_instance_gen_div_1__u_div_divisor_fix_reg                  1      7.56       
1      clk_gate_core_instance1_ofifo_inst_col_idx_6__fifo_instance_wr_ptr_reg                 1      6.48       
1      clk_gate_core_instance1_ofifo_inst_col_idx_4__fifo_instance_q7_reg                     1      9.72       
1      clk_gate_core_instance0_ofifo_inst_col_idx_4__fifo_instance_q15_reg                    1      7.92       
1      clk_gate_core_instance0_mode_reg                                                       1      6.48       
1      clk_gate_core_instance0_ofifo_inst_col_idx_3__fifo_instance_q3_reg                     1      9.72       
1      clk_gate_core_instance1_psum_mem_instance_memory4_reg                                  1      9.72       
1      clk_gate_core_instance0_psum_mem_instance_memory6_reg                                  1      9.72       
1      clk_gate_core_instance1_ofifo_inst_col_idx_3__fifo_instance_wr_ptr_reg                 1      6.48       
1      clk_gate_core0_self_ext_fifo_rd_ptr_gray_reg                                           1      9.72       
1      clk_gate_core_instance0_ofifo_inst_col_idx_7__fifo_instance_q9_reg                     1      9.72       
1      clk_gate_core_instance1_sfp_instance_fifo_inst_q15_reg                                 1      9.72       
1      clk_gate_core_instance0_ofifo_inst_col_idx_5__fifo_instance_q15_reg                    1      9.72       
1      clk_gate_core0_self_ext_fifo_mem_reg_8_                                                1      9.72       
1      clk_gate_core_instance0_mac_array_instance_col_idx_3__mac_col_inst_query_q_reg         1      15.12      
1      clk_gate_core_instance0_sfp_instance_fifo_inst_q3_reg                                  1      9.72       
1      clk_gate_core_instance1_ofifo_inst_col_idx_5__fifo_instance_q13_reg                    1      7.92       
1      clk_gate_core_instance1_ofifo_inst_col_idx_2__fifo_instance_q4_reg                     1      9.72       
1      clk_gate_core_instance0_ofifo_inst_col_idx_3__fifo_instance_q12_reg                    1      7.56       
1      clk_gate_core_instance0_psum_mem_instance_memory15_reg                                 1      9.72       
1      clk_gate_core_instance1_ofifo_inst_col_idx_1__fifo_instance_q1_reg                     1      9.72       
1      clk_gate_core_instance0_ofifo_inst_col_idx_1__fifo_instance_q0_reg                     1      9.72       
1      clk_gate_core_instance0_kmem_instance_memory2_reg                                      1      6.48       
1      clk_gate_core_instance1_ofifo_inst_col_idx_1__fifo_instance_q10_reg                    1      9.72       
1      clk_gate_core_instance1_sfp_instance_gen_div_5__u_div_remainder_reg                    1      15.12      
1      clk_gate_core_instance1_sfp_instance_gen_div_2__u_div_remainder_reg                    1      10.44      
1      clk_gate_core_instance0_ofifo_inst_col_idx_4__fifo_instance_q9_reg                     1      7.92       
1      clk_gate_core_instance0_ofifo_inst_col_idx_5__fifo_instance_q6_reg                     1      7.56       
1      clk_gate_core_instance0_sfp_instance_fifo_inst_q11_reg                                 1      9.72       
1      clk_gate_core1_self_ext_fifo_mem_reg_6_                                                1      9.72       
1      clk_gate_core_instance1_psum_mem_instance_memory15_reg                                 1      9.72       
1      clk_gate_core_instance1_ofifo_inst_col_idx_3__fifo_instance_q10_reg                    1      9.72       
1      clk_gate_core_instance0_ofifo_inst_col_idx_1__fifo_instance_q9_reg                     1      9.72       
1      clk_gate_core_instance0_qmem_instance_memory2_reg                                      1      6.84       
1      clk_gate_core_instance0_ofifo_inst_col_idx_7__fifo_instance_q15_reg                    1      9.72       
1      clk_gate_core_instance1_mac_array_instance_col_idx_1__mac_col_inst_cnt_q_reg           1      15.12      
1      clk_gate_core_instance0_sfp_instance_gen_div_2__u_div_divisor_fix_reg                  1      7.92       
1      clk_gate_core_instance1_ofifo_inst_col_idx_4__fifo_instance_q4_reg                     1      7.92       
1      clk_gate_core_instance0_ofifo_inst_col_idx_7__fifo_instance_q7_reg                     1      9.72       
1      clk_gate_core_instance1_ofifo_valid_cnt_reg                                            1      6.84       
1      clk_gate_core_instance1_sfp_instance_fifo_inst_rd_ptr_reg                              1      15.12      
1      clk_gate_core_instance1_psum_mem_instance_memory1_reg                                  1      9.72       
1      clk_gate_core_instance1_ofifo_inst_col_idx_4__fifo_instance_q13_reg                    1      7.92       
1      clk_gate_core1_self_ext_fifo_mem_reg_14_                                               1      9.72       
1      clk_gate_core_instance0_mac_array_instance_col_idx_7__mac_col_inst_cnt_q_reg           1      6.48       
1      clk_gate_core_instance1_ofifo_inst_col_idx_6__fifo_instance_q5_reg                     1      9.72       
1      clk_gate_core_instance0_ofifo_inst_col_idx_6__fifo_instance_q12_reg                    1      9.72       
1      clk_gate_core0_self_ext_fifo_mem_reg_5_                                                1      9.72       
1      clk_gate_core_instance0_sfp_instance_fifo_inst_q0_reg                                  1      9.72       
1      clk_gate_core_instance1_ofifo_inst_col_idx_2__fifo_instance_q1_reg                     1      9.72       
1      clk_gate_core_instance1_ofifo_inst_col_idx_1__fifo_instance_q15_reg                    1      9.72       
1      clk_gate_core_instance0_ofifo_inst_col_idx_5__fifo_instance_q4_reg                     1      7.92       
1      clk_gate_core_instance0_sfp_instance_fifo_inst_q9_reg                                  1      9.72       
1      clk_gate_core_instance1_sfp_instance_gen_div_6__u_div_remainder_reg                    1      10.44      
1      clk_gate_core_instance0_mac_array_instance_col_idx_2__mac_col_inst_query_q_reg         1      6.48       
1      clk_gate_core_instance1_ofifo_inst_col_idx_4__fifo_instance_q2_reg                     1      9.72       
1      clk_gate_core_instance1_psum_mem_instance_memory12_reg                                 1      9.72       
1      clk_gate_core_instance1_ofifo_inst_col_idx_0__fifo_instance_q5_reg                     1      9.72       
1      clk_gate_core_instance1_mac_array_instance_col_idx_3__mac_col_inst_load_ready_q_reg    1      6.48       
1      clk_gate_core_instance0_ofifo_inst_col_idx_0__fifo_instance_q4_reg                     1      9.72       
1      clk_gate_core_instance0_sfp_instance_gen_div_6__u_div_remainder_reg                    1      10.44      
1      clk_gate_core_instance1_ofifo_inst_col_idx_7__fifo_instance_q3_reg                     1      9.72       
1      clk_gate_core_instance1_ofifo_inst_col_idx_5__fifo_instance_q11_reg                    1      9.72       
1      clk_gate_core1_self_ext_fifo_mem_reg_12_                                               1      9.72       
1      clk_gate_core_instance0_ofifo_inst_col_idx_1__fifo_instance_q15_reg                    1      9.72       
1      clk_gate_core_instance0_ofifo_inst_col_idx_4__fifo_instance_q7_reg                     1      9.72       
1      clk_gate_core_instance0_kmem_instance_memory0_reg                                      1      6.48       
1      clk_gate_core_instance1_ofifo_inst_col_idx_2__fifo_instance_wr_ptr_reg                 1      6.48       
1      clk_gate_core1_self_ext_fifo_mem_reg_4_                                                1      9.72       
1      clk_gate_core_instance1_ofifo_inst_col_idx_3__fifo_instance_q8_reg                     1      9.72       
1      clk_gate_core_instance0_ofifo_inst_col_idx_3__fifo_instance_wr_ptr_reg                 1      6.48       
1      clk_gate_core_instance0_psum_mem_instance_memory2_reg                                  1      9.72       
1      clk_gate_core_instance0_ofifo_inst_col_idx_0__fifo_instance_q12_reg                    1      7.92       
1      clk_gate_core_instance0_ofifo_inst_col_idx_2__fifo_instance_q4_reg                     1      9.72       
1      clk_gate_core_instance1_kmem_instance_memory7_reg                                      1      6.48       
1      clk_gate_core_instance1_ofifo_inst_col_idx_7__fifo_instance_q11_reg                    1      9.72       
1      clk_gate_core_instance1_ofifo_inst_col_idx_1__fifo_instance_q14_reg                    1      9.72       
1      clk_gate_core_instance0_ofifo_inst_col_idx_7__fifo_instance_q5_reg                     1      9.72       
1      clk_gate_sfp_sum_in_1_r_reg                                                            1      15.12      
1      clk_gate_core_instance0_sfp_instance_gen_div_0__u_div_out_reg                          1      6.48       
1      clk_gate_core_instance0_ofifo_inst_col_idx_6__fifo_instance_q10_reg                    1      9.72       
1      clk_gate_core_instance0_sfp_instance_fifo_inst_q15_reg                                 1      9.72       
1      clk_gate_core_instance1_sfp_instance_gen_div_6__u_div_out_reg                          1      6.48       
1      clk_gate_core_instance0_ofifo_inst_col_idx_2__fifo_instance_q13_reg                    1      7.56       
1      clk_gate_core_instance1_qmem_instance_memory7_reg                                      1      15.12      
1      clk_gate_core_instance1_ofifo_inst_col_idx_0__fifo_instance_q2_reg                     1      9.72       
1      clk_gate_core_instance0_mac_array_instance_col_idx_4__mac_col_inst_load_ready_q_reg    1      15.12      
1      clk_gate_core_instance0_ofifo_inst_col_idx_0__fifo_instance_q1_reg                     1      9.72       
1      clk_gate_core_instance0_sfp_instance_gen_div_7__u_div_remainder_reg                    1      15.12      
1      clk_gate_core_instance1_ofifo_inst_col_idx_7__fifo_instance_q0_reg                     1      7.92       
1      clk_gate_core_instance1_ofifo_inst_col_idx_5__fifo_instance_q8_reg                     1      9.72       
1      clk_gate_core_instance0_ofifo_inst_col_idx_5__fifo_instance_q2_reg                     1      7.56       
1      clk_gate_core_instance1_mac_array_instance_col_idx_2__mac_col_inst_load_ready_q_reg    1      6.48       
1      clk_gate_core_instance0_ofifo_inst_col_idx_4__fifo_instance_q4_reg                     1      7.56       
1      clk_gate_core_instance0_sfp_instance_fifo_inst_q7_reg                                  1      9.72       
1      clk_gate_core_instance1_ofifo_inst_col_idx_4__fifo_instance_q0_reg                     1      9.72       
1      clk_gate_core_instance0_ofifo_inst_col_idx_3__fifo_instance_q10_reg                    1      7.56       
1      clk_gate_core_instance1_psum_mem_instance_memory10_reg                                 1      9.72       
1      clk_gate_core_instance0_psum_mem_instance_memory13_reg                                 1      9.72       
1      clk_gate_core_instance0_ofifo_inst_col_idx_0__fifo_instance_q10_reg                    1      7.92       
1      clk_gate_core_instance1_ofifo_inst_col_idx_7__fifo_instance_q9_reg                     1      9.72       
1      clk_gate_core_instance0_ofifo_inst_col_idx_6__fifo_instance_wr_ptr_reg                 1      6.48       
1      clk_gate_core1_self_ext_fifo_mem_reg_1_                                                1      9.72       
1      clk_gate_core1_self_ext_fifo_mem_reg_10_                                               1      9.72       
1      clk_gate_core_instance1_mac_array_instance_col_idx_5__mac_col_inst_cnt_q_reg           1      6.48       
1      clk_gate_core_instance1_sfp_instance_fifo_inst_q5_reg                                  1      9.72       
1      clk_gate_core_instance1_ofifo_inst_col_idx_5__fifo_instance_q14_reg                    1      7.92       
1      clk_gate_core_instance1_ofifo_inst_col_idx_3__fifo_instance_q5_reg                     1      7.56       
1      clk_gate_core_instance0_ofifo_inst_col_idx_4__fifo_instance_q13_reg                    1      7.92       
1      clk_gate_core_instance0_psum_mem_instance_Q_reg                                        1      9.72       
1      clk_gate_core_instance0_ofifo_inst_col_idx_2__fifo_instance_q1_reg                     1      9.72       
1      clk_gate_core_instance1_kmem_instance_memory4_reg                                      1      6.48       
1      clk_gate_core_instance1_ofifo_inst_col_idx_2__fifo_instance_q14_reg                    1      9.72       
1      clk_gate_core_instance1_ofifo_inst_col_idx_2__fifo_instance_q11_reg                    1      9.72       
1      clk_gate_core0_self_ext_fifo_mem_reg_14_                                               1      9.72       
1      clk_gate_core_instance0_ofifo_inst_col_idx_6__fifo_instance_q7_reg                     1      9.72       
1      clk_gate_core_instance1_sfp_instance_fifo_inst_q13_reg                                 1      9.72       
1      clk_gate_core_instance0_controller_instance_mac_counter_reg                            1      6.48       
1      clk_gate_core_instance0_ofifo_inst_col_idx_5__fifo_instance_q13_reg                    1      9.72       
1      clk_gate_core_instance1_sfp_instance_gen_div_7__u_div_out_reg                          1      6.48       
1      clk_gate_core_instance1_psum_mem_instance_Q_reg                                        1      9.72       
1      clk_gate_core_instance1_ofifo_inst_col_idx_4__fifo_instance_q11_reg                    1      7.92       
1      clk_gate_core_instance0_ofifo_inst_col_idx_2__fifo_instance_q10_reg                    1      9.72       
1      clk_gate_core_instance1_qmem_instance_memory4_reg                                      1      15.12      
1      clk_gate_core_instance1_ofifo_inst_col_idx_0__fifo_instance_wr_ptr_reg                 1      15.12      
1      clk_gate_core_instance1_sfp_instance_gen_div_0__u_div_remainder_reg                    1      10.44      
1      clk_gate_core_instance1_ofifo_inst_col_idx_0__fifo_instance_q8_reg                     1      9.72       
1      clk_gate_core_instance0_sfp_instance_gen_div_5__u_div_remainder_reg                    1      10.44      
1      clk_gate_core_instance1_psum_mem_instance_memory7_reg                                  1      9.72       
1      clk_gate_core_instance0_ofifo_inst_col_idx_0__fifo_instance_q7_reg                     1      9.72       
1      clk_gate_core_instance1_ofifo_inst_col_idx_7__fifo_instance_q6_reg                     1      9.72       
1      clk_gate_core_instance0_ofifo_inst_col_idx_7__fifo_instance_q13_reg                    1      9.72       
1      clk_gate_core_instance0_acc_done_cnt_reg                                               1      6.48       
1      clk_gate_core1_self_ext_fifo_mem_reg_7_                                                1      9.72       
1      clk_gate_core_instance1_sfp_instance_fifo_inst_q2_reg                                  1      9.72       
1      clk_gate_core_instance1_ofifo_inst_col_idx_3__fifo_instance_q2_reg                     1      7.92       
