###############################################################
#  Generated by:      Cadence Innovus 15.23-s045_1
#  OS:                Linux x86_64(Host ID ieng6-ece-06.ucsd.edu)
#  Generated on:      Fri Mar 20 17:54:28 2026
#  Design:            fullchip
#  Command:           verifyGeometry -error 100000 -report ./drc_route.rpt
###############################################################

SHORT: Regular Via of Net n22962 & Blockage of Cell U19757  ( M1 )
Bounds : ( 1370.610, 1115.595 ) ( 1370.790, 1115.695 )


SHORT: Regular Via of Net FE_COEN67_FE_DBTN2_reset1 & Blockage of Cell FE_COEC67_FE_DBTN2_reset1  ( M1 )
Bounds : ( 1133.010, 746.750 ) ( 1133.390, 746.850 )


SHORT: Regular Via of Net n34799 & Blockage of Cell U22693  ( M1 )
Bounds : ( 1082.050, 584.110 ) ( 1082.150, 584.290 )


SHORT: Regular Via of Net n16983 & Blockage of Cell U28958  ( M1 )
Bounds : ( 1045.610, 515.425 ) ( 1045.790, 515.525 )



Begin Summary ...
  Cells       : 0
  SameNet     : 0
  Wiring      : 0
  Antenna     : 0
  Short       : 4
  Overlap     : 0
End Summary

  Total Violations : 4 Viols.
