###############################################################
#  Generated by:      Cadence Innovus 15.23-s045_1
#  OS:                Linux x86_64(Host ID ieng6-ece-06.ucsd.edu)
#  Generated on:      Fri Mar 20 18:21:16 2026
#  Design:            fullchip
#  Command:           report_timing -max_paths 5 > ${design}.post_route.timing.rpt
###############################################################
Path 1: MET Hold Check with Pin core_instance0_mac_array_instance_col_idx_5__
mac_col_inst_key_q_reg_42_/CP 
Endpoint:   core_instance0_mac_array_instance_col_idx_5__mac_col_inst_key_q_reg_
42_/D   (v) checked with  leading edge of 'clk0'
Beginpoint: core_instance0_mac_array_instance_col_idx_4__mac_col_inst_query_q_
reg_42_/Q (v) triggered by  leading edge of 'clk0'
Path Groups: {clk0}
Analysis View: BC_VIEW
Other End Arrival Time          0.261
+ Hold                          0.023
+ Phase Shift                   0.000
- CPPR Adjustment               0.000
= Required Time                 0.284
  Arrival Time                  0.321
  Slack Time                    0.037
     Clock Rise Edge                 0.000
     + Clock Network Latency (Prop)  0.254
     = Beginpoint Arrival Time       0.254
     +---------------------------------------------------------------------------------------------------------+ 
     |                      Instance                      |     Arc     |  Cell   | Delay | Arrival | Required | 
     |                                                    |             |         |       |  Time   |   Time   | 
     |----------------------------------------------------+-------------+---------+-------+---------+----------| 
     | core_instance0_mac_array_instance_col_idx_4__mac_c | CP ^        |         |       |   0.254 |    0.217 | 
     | ol_inst_query_q_reg_42_                            |             |         |       |         |          | 
     | core_instance0_mac_array_instance_col_idx_4__mac_c | CP ^ -> Q v | DFCNQD4 | 0.067 |   0.321 |    0.284 | 
     | ol_inst_query_q_reg_42_                            |             |         |       |         |          | 
     | core_instance0_mac_array_instance_col_idx_5__mac_c | D v         | DFCNQD1 | 0.000 |   0.321 |    0.284 | 
     | ol_inst_key_q_reg_42_                              |             |         |       |         |          | 
     +---------------------------------------------------------------------------------------------------------+ 
Path 2: MET Hold Check with Pin core_instance0_mac_array_instance_col_idx_3__
mac_col_inst_query_q_reg_34_/CP 
Endpoint:   core_instance0_mac_array_instance_col_idx_3__mac_col_inst_query_q_
reg_34_/D (v) checked with  leading edge of 'clk0'
Beginpoint: core_instance0_mac_array_instance_col_idx_2__mac_col_inst_query_q_
reg_34_/Q (v) triggered by  leading edge of 'clk0'
Path Groups: {clk0}
Analysis View: BC_VIEW
Other End Arrival Time          0.258
+ Hold                          0.023
+ Phase Shift                   0.000
- CPPR Adjustment               0.000
= Required Time                 0.281
  Arrival Time                  0.318
  Slack Time                    0.037
     Clock Rise Edge                 0.000
     + Clock Network Latency (Prop)  0.250
     = Beginpoint Arrival Time       0.250
     +---------------------------------------------------------------------------------------------------------+ 
     |                      Instance                      |     Arc     |  Cell   | Delay | Arrival | Required | 
     |                                                    |             |         |       |  Time   |   Time   | 
     |----------------------------------------------------+-------------+---------+-------+---------+----------| 
     | core_instance0_mac_array_instance_col_idx_2__mac_c | CP ^        |         |       |   0.250 |    0.213 | 
     | ol_inst_query_q_reg_34_                            |             |         |       |         |          | 
     | core_instance0_mac_array_instance_col_idx_2__mac_c | CP ^ -> Q v | DFCNQD4 | 0.068 |   0.318 |    0.281 | 
     | ol_inst_query_q_reg_34_                            |             |         |       |         |          | 
     | core_instance0_mac_array_instance_col_idx_3__mac_c | D v         | DFCNQD1 | 0.000 |   0.318 |    0.281 | 
     | ol_inst_query_q_reg_34_                            |             |         |       |         |          | 
     +---------------------------------------------------------------------------------------------------------+ 
Path 3: MET Hold Check with Pin core_instance0_mac_array_instance_col_idx_5__
mac_col_inst_key_q_reg_44_/CP 
Endpoint:   core_instance0_mac_array_instance_col_idx_5__mac_col_inst_key_q_reg_
44_/D   (v) checked with  leading edge of 'clk0'
Beginpoint: core_instance0_mac_array_instance_col_idx_4__mac_col_inst_query_q_
reg_44_/Q (v) triggered by  leading edge of 'clk0'
Path Groups: {clk0}
Analysis View: BC_VIEW
Other End Arrival Time          0.261
+ Hold                          0.023
+ Phase Shift                   0.000
- CPPR Adjustment               0.000
= Required Time                 0.284
  Arrival Time                  0.322
  Slack Time                    0.038
     Clock Rise Edge                 0.000
     + Clock Network Latency (Prop)  0.254
     = Beginpoint Arrival Time       0.254
     +---------------------------------------------------------------------------------------------------------+ 
     |                      Instance                      |     Arc     |  Cell   | Delay | Arrival | Required | 
     |                                                    |             |         |       |  Time   |   Time   | 
     |----------------------------------------------------+-------------+---------+-------+---------+----------| 
     | core_instance0_mac_array_instance_col_idx_4__mac_c | CP ^        |         |       |   0.254 |    0.216 | 
     | ol_inst_query_q_reg_44_                            |             |         |       |         |          | 
     | core_instance0_mac_array_instance_col_idx_4__mac_c | CP ^ -> Q v | DFCNQD4 | 0.067 |   0.321 |    0.284 | 
     | ol_inst_query_q_reg_44_                            |             |         |       |         |          | 
     | core_instance0_mac_array_instance_col_idx_5__mac_c | D v         | DFCNQD1 | 0.000 |   0.322 |    0.284 | 
     | ol_inst_key_q_reg_44_                              |             |         |       |         |          | 
     +---------------------------------------------------------------------------------------------------------+ 
Path 4: MET Hold Check with Pin core_instance0_mac_array_instance_col_idx_5__
mac_col_inst_key_q_reg_60_/CP 
Endpoint:   core_instance0_mac_array_instance_col_idx_5__mac_col_inst_key_q_reg_
60_/D   (v) checked with  leading edge of 'clk0'
Beginpoint: core_instance0_mac_array_instance_col_idx_4__mac_col_inst_query_q_
reg_60_/Q (v) triggered by  leading edge of 'clk0'
Path Groups: {clk0}
Analysis View: BC_VIEW
Other End Arrival Time          0.262
+ Hold                          0.023
+ Phase Shift                   0.000
- CPPR Adjustment               0.000
= Required Time                 0.285
  Arrival Time                  0.323
  Slack Time                    0.039
     Clock Rise Edge                 0.000
     + Clock Network Latency (Prop)  0.256
     = Beginpoint Arrival Time       0.256
     +---------------------------------------------------------------------------------------------------------+ 
     |                      Instance                      |     Arc     |  Cell   | Delay | Arrival | Required | 
     |                                                    |             |         |       |  Time   |   Time   | 
     |----------------------------------------------------+-------------+---------+-------+---------+----------| 
     | core_instance0_mac_array_instance_col_idx_4__mac_c | CP ^        |         |       |   0.256 |    0.217 | 
     | ol_inst_query_q_reg_60_                            |             |         |       |         |          | 
     | core_instance0_mac_array_instance_col_idx_4__mac_c | CP ^ -> Q v | DFCNQD4 | 0.067 |   0.323 |    0.285 | 
     | ol_inst_query_q_reg_60_                            |             |         |       |         |          | 
     | core_instance0_mac_array_instance_col_idx_5__mac_c | D v         | DFCNQD1 | 0.000 |   0.323 |    0.285 | 
     | ol_inst_key_q_reg_60_                              |             |         |       |         |          | 
     +---------------------------------------------------------------------------------------------------------+ 
Path 5: MET Hold Check with Pin core_instance0_mac_array_instance_col_idx_5__
mac_col_inst_key_q_reg_58_/CP 
Endpoint:   core_instance0_mac_array_instance_col_idx_5__mac_col_inst_key_q_reg_
58_/D   (v) checked with  leading edge of 'clk0'
Beginpoint: core_instance0_mac_array_instance_col_idx_4__mac_col_inst_query_q_
reg_58_/Q (v) triggered by  leading edge of 'clk0'
Path Groups: {clk0}
Analysis View: BC_VIEW
Other End Arrival Time          0.262
+ Hold                          0.023
+ Phase Shift                   0.000
- CPPR Adjustment               0.000
= Required Time                 0.285
  Arrival Time                  0.324
  Slack Time                    0.039
     Clock Rise Edge                 0.000
     + Clock Network Latency (Prop)  0.256
     = Beginpoint Arrival Time       0.256
     +---------------------------------------------------------------------------------------------------------+ 
     |                      Instance                      |     Arc     |  Cell   | Delay | Arrival | Required | 
     |                                                    |             |         |       |  Time   |   Time   | 
     |----------------------------------------------------+-------------+---------+-------+---------+----------| 
     | core_instance0_mac_array_instance_col_idx_4__mac_c | CP ^        |         |       |   0.256 |    0.217 | 
     | ol_inst_query_q_reg_58_                            |             |         |       |         |          | 
     | core_instance0_mac_array_instance_col_idx_4__mac_c | CP ^ -> Q v | DFCNQD4 | 0.067 |   0.324 |    0.285 | 
     | ol_inst_query_q_reg_58_                            |             |         |       |         |          | 
     | core_instance0_mac_array_instance_col_idx_5__mac_c | D v         | DFCNQD1 | 0.000 |   0.324 |    0.285 | 
     | ol_inst_key_q_reg_58_                              |             |         |       |         |          | 
     +---------------------------------------------------------------------------------------------------------+ 

