*----------------------------------------------------------------------------------------
*	Innovus 15.23-s045_1 (64bit) 04/22/2016 12:32 (Linux 2.6.18-194.el5)
*	
*
* 	Date & Time:	2026-Mar-21 18:59:34 (2026-Mar-22 01:59:34 GMT)
*
*----------------------------------------------------------------------------------------
*
*	Design: fullchip
*
*	Liberty Libraries used: 
*	        TC_VIEW: /home/linux/ieng6/ECE260B_WI26_A00/public/PDKdata/lib/tcbn65gplustc.lib
*
*	Power Domain used: 
*		Rail:        VDD 	Voltage:          1 
*
*       Power View : TC_VIEW
*
*       User-Defined Activity : N.A.
*
*       Activity File: N.A.
*
*       Hierarchical Global Activity: N.A.
*
*       Global Activity: N.A.
*
*       Sequential Element Activity: 0.200000
*
*       Primary Input Activity: 0.200000
*
*       Default icg ratio: N.A.
*
*       Global Comb ClockGate Ratio: N.A.
*
*	Power Units = 1mW
*
*	Time Units = 1e-09 secs 
*
*       report_power -outfile fullchip.post_route.power.rpt
*
-----------------------------------------------------------------------------------------


Total Power 
-----------------------------------------------------------------------------------------
Total Internal Power:      155.45756429 	   68.6263%
Total Switching Power:      64.25752216 	   28.3663%
Total Leakage Power:         6.81256807 	    3.0074%
Total Power:               226.52765489 
-----------------------------------------------------------------------------------------


Group                           Internal   Switching     Leakage       Total  Percentage 
                                Power      Power         Power         Power  (%)        
-----------------------------------------------------------------------------------------
Sequential                         101.6       7.865      0.8321       110.3       48.69 
Macro                                  0           0       5.146       5.146       2.272 
IO                                     0           0   1.675e-06   1.675e-06   7.394e-07 
Combinational                      43.84       36.46      0.7678       81.06       35.79 
Clock (Combinational)              3.613       10.86       0.034        14.5       6.403 
Clock (Sequential)                   6.4       9.075     0.03237       15.51       6.846 
-----------------------------------------------------------------------------------------
Total                              155.5       64.26       6.813       226.5         100 
-----------------------------------------------------------------------------------------


Rail                  Voltage   Internal   Switching     Leakage       Total  Percentage 
                                Power      Power         Power         Power  (%)        
-----------------------------------------------------------------------------------------
VDD                         1      155.5       64.26       6.813       226.5         100 


Clock                           Internal   Switching     Leakage       Total  Percentage 
                                Power      Power         Power         Power  (%)        
-----------------------------------------------------------------------------------------
clk1                               4.549       9.247     0.03286       13.83       6.105 
clk0                               5.464       10.69     0.03351       16.18       7.144 
-----------------------------------------------------------------------------------------
Total (excluding duplicates)       10.01       19.93     0.06637       30.01       13.25 
-----------------------------------------------------------------------------------------


-----------------------------------------------------------------------------------------
*	Power Distribution Summary: 
* 		Highest Average Power: CTS_ccl_BUF_clk0_G0_L4_98 (CKBD16): 	    0.1711 
* 		Highest Leakage Power: DP_OP_1173J1_132_2281_U35 (CMPE42D2): 	 0.0001489 
* 		Total Cap: 	3.94322e-10 F
* 		Total instances in design: 105253
* 		Total instances in design with no power:     0
*          Total instances in design with no activity:     0
* 		Total Fillers and Decap: 39873
-----------------------------------------------------------------------------------------

