Load RC corner of view TC_VIEW

Begin Power Analysis

    0.00V	    VSS
    1.00V	    VDD

Begin Processing Timing Library for Power Calculation

Begin Processing Timing Library for Power Calculation



Begin Processing Power Net/Grid for Power Calculation

Ended Processing Power Net/Grid for Power Calculation: (cpu=0:00:00, real=0:00:00, mem(process/total)=2083.87MB/2083.87MB)

Begin Processing Timing Window Data for Power Calculation

CK: assigning clock clk0 to net clk0
CK: assigning clock clk1 to net clk1
Ended Processing Timing Window Data for Power Calculation: (cpu=0:00:00, real=0:00:00, mem(process/total)=2083.87MB/2083.87MB)

Begin Processing User Attributes

Ended Processing User Attributes: (cpu=0:00:00, real=0:00:00, mem(process/total)=2083.87MB/2083.87MB)

Begin Processing Signal Activity


Starting Levelizing
2026-Mar-21 11:35:47 (2026-Mar-21 18:35:47 GMT)
2026-Mar-21 11:35:48 (2026-Mar-21 18:35:48 GMT): 10%
2026-Mar-21 11:35:48 (2026-Mar-21 18:35:48 GMT): 20%
2026-Mar-21 11:35:48 (2026-Mar-21 18:35:48 GMT): 30%
2026-Mar-21 11:35:48 (2026-Mar-21 18:35:48 GMT): 40%
2026-Mar-21 11:35:48 (2026-Mar-21 18:35:48 GMT): 50%
2026-Mar-21 11:35:48 (2026-Mar-21 18:35:48 GMT): 60%
2026-Mar-21 11:35:48 (2026-Mar-21 18:35:48 GMT): 70%
2026-Mar-21 11:35:48 (2026-Mar-21 18:35:48 GMT): 80%
2026-Mar-21 11:35:48 (2026-Mar-21 18:35:48 GMT): 90%

Finished Levelizing
2026-Mar-21 11:35:48 (2026-Mar-21 18:35:48 GMT)

Starting Activity Propagation
2026-Mar-21 11:35:48 (2026-Mar-21 18:35:48 GMT)
2026-Mar-21 11:35:49 (2026-Mar-21 18:35:49 GMT): 10%
2026-Mar-21 11:35:50 (2026-Mar-21 18:35:50 GMT): 20%

Finished Activity Propagation
2026-Mar-21 11:35:51 (2026-Mar-21 18:35:51 GMT)
Ended Processing Signal Activity: (cpu=0:00:03, real=0:00:03, mem(process/total)=2083.88MB/2083.88MB)

Begin Power Computation

      ----------------------------------------------------------
      # of cell(s) missing both power/leakage table: 0
      # of cell(s) missing power table: 1
      # of cell(s) missing leakage table: 0
      # of MSMV cell(s) missing power_level: 0
      ----------------------------------------------------------
CellName                                  Missing Table(s)
TIEL                                      internal power, 



Starting Calculating power
2026-Mar-21 11:35:51 (2026-Mar-21 18:35:51 GMT)
 ... Calculating switching power
2026-Mar-21 11:35:51 (2026-Mar-21 18:35:51 GMT): 10%
2026-Mar-21 11:35:51 (2026-Mar-21 18:35:51 GMT): 20%
2026-Mar-21 11:35:51 (2026-Mar-21 18:35:51 GMT): 30%
2026-Mar-21 11:35:52 (2026-Mar-21 18:35:52 GMT): 40%
2026-Mar-21 11:35:52 (2026-Mar-21 18:35:52 GMT): 50%
 ... Calculating internal and leakage power
2026-Mar-21 11:35:52 (2026-Mar-21 18:35:52 GMT): 60%
2026-Mar-21 11:35:53 (2026-Mar-21 18:35:53 GMT): 70%
2026-Mar-21 11:35:56 (2026-Mar-21 18:35:56 GMT): 80%
2026-Mar-21 11:35:58 (2026-Mar-21 18:35:58 GMT): 90%

Finished Calculating power
2026-Mar-21 11:35:59 (2026-Mar-21 18:35:59 GMT)
Ended Power Computation: (cpu=0:00:07, real=0:00:08, mem(process/total)=2084.39MB/2084.39MB)

Begin Processing User Attributes

Ended Processing User Attributes: (cpu=0:00:00, real=0:00:00, mem(process/total)=2084.39MB/2084.39MB)

Ended Power Analysis: (cpu=0:00:12, real=0:00:12, mem(process/total)=2084.39MB/2084.39MB)

Begin Static Power Report Generation
*----------------------------------------------------------------------------------------
*	Innovus 15.23-s045_1 (64bit) 04/22/2016 12:32 (Linux 2.6.18-194.el5)
*	
*
* 	Date & Time:	2026-Mar-21 11:35:59 (2026-Mar-21 18:35:59 GMT)
*
*----------------------------------------------------------------------------------------
*
*	Design: fullchip
*
*	Liberty Libraries used:
*	        TC_VIEW: /home/linux/ieng6/ECE260B_WI26_A00/sabhonsle/ECE260BProject/ECE260B-Final-Project/workspace/Alpha/pnr/scripts/cts.enc.dat/libs/mmmc/tcbn65gplustc.lib
*
*	Power Domain used:
*		Rail:        VDD 	Voltage:          1
*
*       Power View : TC_VIEW
*
*       User-Defined Activity : N.A.
*
*       Activity File: N.A.
*
*       Hierarchical Global Activity: N.A.
*
*       Global Activity: N.A.
*
*       Sequential Element Activity: 0.200000
*
*       Primary Input Activity: 0.200000
*
*       Default icg ratio: N.A.
*
*       Global Comb ClockGate Ratio: N.A.
*
*	Power Units = 1mW
*
*	Time Units = 1e-09 secs
*
*       report_power
*
-----------------------------------------------------------------------------------------


Total Power
-----------------------------------------------------------------------------------------
Total Internal Power:      156.12975944 	   68.6686%
Total Switching Power:      69.55163066 	   30.5900%
Total Leakage Power:         1.68550428 	    0.7413%
Total Power:               227.36689485
-----------------------------------------------------------------------------------------


Group                           Internal   Switching     Leakage       Total  Percentage 
                                Power      Power         Power         Power  (%)        
-----------------------------------------------------------------------------------------
Sequential                         102.3       7.294      0.8332       110.4       48.56
Macro                                  0           0           0           0           0
IO                                     0           0   1.675e-06   1.675e-06   7.367e-07
Combinational                      44.97       41.36      0.7972       87.13       38.32
Clock (Combinational)              2.665        10.2      0.0239       12.89       5.669
Clock (Sequential)                 6.216       10.69     0.03125       16.94       7.451
-----------------------------------------------------------------------------------------
Total                              156.1       69.55       1.686       227.4         100
-----------------------------------------------------------------------------------------


Rail                  Voltage   Internal   Switching     Leakage       Total  Percentage 
                                Power      Power         Power         Power  (%)        
-----------------------------------------------------------------------------------------
VDD                         1      156.1       69.55       1.686       227.4         100


Clock                           Internal   Switching     Leakage       Total  Percentage 
                                Power      Power         Power         Power  (%)        
-----------------------------------------------------------------------------------------
clk1                               4.155       9.559     0.02821       13.74       6.044
clk0                               4.726       11.34     0.02694       16.09       7.076
-----------------------------------------------------------------------------------------
Total                              8.881       20.89     0.05515       29.83       13.12
-----------------------------------------------------------------------------------------
 
 
-----------------------------------------------------------------------------------------
*	Power Distribution Summary: 
* 		Highest Average Power: CTS_ccl_BUF_clk0_G0_L5_115 (CKBD16): 	    0.2273
* 		Highest Leakage Power: DP_OP_1163J1_122_2281_U35 (CMPE42D2): 	 0.0001489
* 		Total Cap: 	4.3798e-10 F
* 		Total instances in design: 66243
* 		Total instances in design with no power:     0
*                Total instances in design with no activty:     0

* 		Total Fillers and Decap:     0
-----------------------------------------------------------------------------------------
 
Ended Static Power Report Generation: (cpu=0:00:00, real=0:00:00,
mem(process/total)=2084.39MB/2084.39MB)

