*----------------------------------------------------------------------------------------
*	Innovus 15.23-s045_1 (64bit) 04/22/2016 12:32 (Linux 2.6.18-194.el5)
*	
*
* 	Date & Time:	2026-Mar-21 11:55:44 (2026-Mar-21 18:55:44 GMT)
*
*----------------------------------------------------------------------------------------
*
*	Design: fullchip
*
*	Liberty Libraries used: 
*	        TC_VIEW: /home/linux/ieng6/ECE260B_WI26_A00/sabhonsle/ECE260BProject/ECE260B-Final-Project/workspace/Alpha/pnr/scripts/route.enc.dat/libs/mmmc/tcbn65gplustc.lib
*
*	Power Domain used: 
*		Rail:        VDD 	Voltage:          1 
*
*       Power View : TC_VIEW
*
*       User-Defined Activity : N.A.
*
*	Switching Activity File used: 
*	        ../../gls/waveform/fullchip.vcd
*                    Vcd Window used(Start Time, Stop Time):  (50,300)  
*                     Vcd Scale Factor: 1 
* *                    Design annotation coverage: 72800/72800 = 100% 
*
*       Hierarchical Global Activity: N.A.
*
*       Global Activity: N.A.
*
*       Sequential Element Activity: 0.200000
*
*       Primary Input Activity: 0.200000
*
*       Default icg ratio: N.A.
*
*       Global Comb ClockGate Ratio: N.A.
*
*	Power Units = 1mW
*
*	Time Units = 1e-09 secs 
*
*       report_power -outfile ./power_step5_vcd.rpt
*
-----------------------------------------------------------------------------------------


Total Power 
-----------------------------------------------------------------------------------------
Total Internal Power:       37.90905097 	   69.9273%
Total Switching Power:      14.60415773 	   26.9389%
Total Leakage Power:         1.69889418 	    3.1338%
Total Power:                54.21210282 
-----------------------------------------------------------------------------------------


Group                           Internal   Switching     Leakage       Total  Percentage 
                                Power      Power         Power         Power  (%)        
-----------------------------------------------------------------------------------------
Sequential                         29.41       0.907      0.8528       31.17        57.5 
Macro                                  0           0           0           0           0 
IO                                     0           0   1.675e-06   1.675e-06    3.09e-06 
Combinational                      3.249       4.273      0.7905       8.312       15.33 
Clock (Combinational)              2.284       8.459     0.02397       10.77       19.86 
Clock (Sequential)                 2.964      0.9655      0.0317       3.961       7.307 
-----------------------------------------------------------------------------------------
Total                              37.91        14.6       1.699       54.21         100 
-----------------------------------------------------------------------------------------


Rail                  Voltage   Internal   Switching     Leakage       Total  Percentage 
                                Power      Power         Power         Power  (%)        
-----------------------------------------------------------------------------------------
VDD                         1      37.91        14.6       1.699       54.21         100 


Clock                           Internal   Switching     Leakage       Total  Percentage 
                                Power      Power         Power         Power  (%)        
-----------------------------------------------------------------------------------------
clk1                               2.431        4.32      0.0285       6.779       12.51 
clk0                               2.817       5.105     0.02717       7.949       14.66 
-----------------------------------------------------------------------------------------
Total (excluding duplicates)       5.248       9.424     0.05567       14.73       27.17 
-----------------------------------------------------------------------------------------


-----------------------------------------------------------------------------------------
*	Power Distribution Summary: 
* 		Highest Average Power: CTS_ccl_BUF_clk0_G0_L5_115 (CKBD16): 	    0.2278 
* 		Highest Leakage Power: DP_OP_1163J1_122_2281_U35 (CMPE42D2): 	 0.0001533 
* 		Total Cap: 	4.3798e-10 F
* 		Total instances in design: 66243
* 		Total instances in design with no power:     0
*          Total instances in design with no activity:     0
* 		Total Fillers and Decap:     0
-----------------------------------------------------------------------------------------

