###############################################################
#  Generated by:      Cadence Innovus 15.23-s045_1
#  OS:                Linux x86_64(Host ID ieng6-ece-13.ucsd.edu)
#  Generated on:      Sat Mar 21 11:35:44 2026
#  Design:            fullchip
#  Command:           report_timing -nworst 10 > ./timing_route.rpt
###############################################################
Path 1: MET Late External Delay Assertion 
Endpoint:   out0[73]                                     (^) checked with  
leading edge of 'clk0'
Beginpoint: core_instance0_psum_mem_instance_Q_reg_73_/Q (^) triggered by  
leading edge of 'clk0'
Path Groups: {clk0}
Analysis View: TC_VIEW
Other End Arrival Time          0.000
- External Delay                0.200
+ Phase Shift                   1.000
+ CPPR Adjustment               0.000
= Required Time                 0.800
- Arrival Time                  0.799
= Slack Time                    0.001
     Clock Rise Edge                 0.000
     + Clock Network Latency (Prop)  0.313
     = Beginpoint Arrival Time       0.313
     +-----------------------------------------------------------------------------------------------+ 
     |                  Instance                  |     Arc     |  Cell | Delay | Arrival | Required | 
     |                                            |             |       |       |  Time   |   Time   | 
     |--------------------------------------------+-------------+-------+-------+---------+----------| 
     | core_instance0_psum_mem_instance_Q_reg_73_ | CP ^        |       |       |   0.313 |    0.314 | 
     | core_instance0_psum_mem_instance_Q_reg_73_ | CP ^ -> Q ^ | DFQD1 | 0.084 |   0.397 |    0.398 | 
     | FE_OFC1587_out0_73_                        | I ^ -> ZN v | CKND0 | 0.095 |   0.492 |    0.493 | 
     | FE_OFC1588_out0_73_                        | I v -> ZN ^ | CKND3 | 0.191 |   0.684 |    0.685 | 
     |                                            | out0[73] ^  |       | 0.115 |   0.799 |    0.800 | 
     +-----------------------------------------------------------------------------------------------+ 
Path 2: MET Setup Check with Pin core_instance1_sfp_instance_sum8_inst_s45_r_
reg_19_/CP 
Endpoint:   core_instance1_sfp_instance_sum8_inst_s45_r_reg_19_/D              
(^) checked with  leading edge of 'clk1'
Beginpoint: core_instance1_ofifo_inst_col_idx_4__fifo_instance_rd_ptr_reg_0_/Q 
(^) triggered by  leading edge of 'clk1'
Path Groups: {clk1}
Analysis View: TC_VIEW
Other End Arrival Time          0.314
- Setup                         0.015
+ Phase Shift                   1.200
+ CPPR Adjustment               0.000
= Required Time                 1.499
- Arrival Time                  1.492
= Slack Time                    0.007
     Clock Rise Edge                 0.000
     + Clock Network Latency (Prop)  0.318
     = Beginpoint Arrival Time       0.318
     +----------------------------------------------------------------------------------------------------------+ 
     |                      Instance                      |     Arc      |  Cell   | Delay | Arrival | Required | 
     |                                                    |              |         |       |  Time   |   Time   | 
     |----------------------------------------------------+--------------+---------+-------+---------+----------| 
     | core_instance1_ofifo_inst_col_idx_4__fifo_instance | CP ^         |         |       |   0.318 |    0.326 | 
     | _rd_ptr_reg_0_                                     |              |         |       |         |          | 
     | core_instance1_ofifo_inst_col_idx_4__fifo_instance | CP ^ -> Q ^  | DFQD1   | 0.110 |   0.428 |    0.435 | 
     | _rd_ptr_reg_0_                                     |              |         |       |         |          | 
     | U20338                                             | A2 ^ -> ZN v | ND2D2   | 0.043 |   0.471 |    0.479 | 
     | U17641                                             | A1 v -> ZN ^ | NR2D4   | 0.083 |   0.555 |    0.562 | 
     | U35918                                             | B1 ^ -> ZN v | AOI22D0 | 0.056 |   0.611 |    0.618 | 
     | U35920                                             | A3 v -> ZN ^ | ND4D1   | 0.036 |   0.647 |    0.654 | 
     | U22396                                             | A1 ^ -> ZN v | ND2D2   | 0.055 |   0.702 |    0.709 | 
     | U35927                                             | A1 v -> ZN ^ | NR2XD2  | 0.038 |   0.740 |    0.747 | 
     | U17667                                             | A1 ^ -> ZN v | NR2XD1  | 0.032 |   0.771 |    0.778 | 
     | U25174                                             | I v -> ZN ^  | INVD1   | 0.018 |   0.789 |    0.797 | 
     | U20414                                             | A2 ^ -> Z v  | XOR2D1  | 0.067 |   0.856 |    0.863 | 
     | U36290                                             | I0 v -> ZN ^ | MUX2ND0 | 0.071 |   0.927 |    0.935 | 
     | U22886                                             | A2 ^ -> ZN v | ND2D1   | 0.037 |   0.964 |    0.972 | 
     | U36295                                             | I v -> ZN ^  | CKND1   | 0.029 |   0.993 |    1.000 | 
     | U20287                                             | B ^ -> ZN v  | AOI21D4 | 0.017 |   1.011 |    1.018 | 
     | FE_RC_745_0                                        | A1 v -> ZN ^ | OAI21D4 | 0.026 |   1.037 |    1.044 | 
     | FE_RC_698_0                                        | A1 ^ -> ZN v | AOI21D4 | 0.020 |   1.057 |    1.064 | 
     | FE_RC_651_0                                        | A1 v -> ZN ^ | OAI21D4 | 0.025 |   1.082 |    1.089 | 
     | FE_RC_384_0                                        | A1 ^ -> ZN v | AOI21D4 | 0.020 |   1.102 |    1.109 | 
     | FE_RC_136_0                                        | A1 v -> ZN ^ | OAI21D4 | 0.026 |   1.128 |    1.135 | 
     | FE_RC_167_0                                        | A1 ^ -> ZN v | AOI21D4 | 0.023 |   1.151 |    1.158 | 
     | FE_RC_356_0                                        | A1 v -> ZN ^ | OAI21D4 | 0.026 |   1.177 |    1.184 | 
     | FE_RC_179_0                                        | A1 ^ -> ZN v | AOI21D4 | 0.021 |   1.198 |    1.205 | 
     | FE_RC_246_0                                        | A1 v -> ZN ^ | OAI21D4 | 0.026 |   1.224 |    1.231 | 
     | FE_RC_231_0                                        | A1 ^ -> ZN v | AOI21D4 | 0.021 |   1.245 |    1.252 | 
     | FE_RC_360_0                                        | A1 v -> ZN ^ | OAI21D4 | 0.027 |   1.272 |    1.279 | 
     | FE_RC_299_0                                        | A1 ^ -> ZN v | AOI21D4 | 0.021 |   1.293 |    1.300 | 
     | FE_RC_604_0                                        | A1 v -> ZN ^ | OAI21D4 | 0.026 |   1.319 |    1.326 | 
     | FE_RC_109_0                                        | A1 ^ -> ZN v | AOI21D4 | 0.019 |   1.338 |    1.345 | 
     | U18259                                             | A1 v -> ZN ^ | OAI21D2 | 0.035 |   1.373 |    1.380 | 
     | U24566                                             | A1 ^ -> ZN v | AOI21D2 | 0.022 |   1.395 |    1.402 | 
     | FE_RC_108_0                                        | A1 v -> ZN ^ | OAI21D1 | 0.028 |   1.423 |    1.431 | 
     | U36321                                             | A1 ^ -> ZN v | XNR2D1  | 0.048 |   1.471 |    1.478 | 
     | U18257                                             | A1 v -> ZN ^ | NR2XD1  | 0.021 |   1.492 |    1.499 | 
     | core_instance1_sfp_instance_sum8_inst_s45_r_reg_19 | D ^          | DFQD1   | 0.000 |   1.492 |    1.499 | 
     | _                                                  |              |         |       |         |          | 
     +----------------------------------------------------------------------------------------------------------+ 
Path 3: MET Setup Check with Pin core_instance1_sfp_instance_sum8_inst_s45_r_
reg_19_/CP 
Endpoint:   core_instance1_sfp_instance_sum8_inst_s45_r_reg_19_/D              
(^) checked with  leading edge of 'clk1'
Beginpoint: core_instance1_ofifo_inst_col_idx_4__fifo_instance_rd_ptr_reg_1_/Q 
(^) triggered by  leading edge of 'clk1'
Path Groups: {clk1}
Analysis View: TC_VIEW
Other End Arrival Time          0.314
- Setup                         0.015
+ Phase Shift                   1.200
+ CPPR Adjustment               0.000
= Required Time                 1.499
- Arrival Time                  1.492
= Slack Time                    0.007
     Clock Rise Edge                 0.000
     + Clock Network Latency (Prop)  0.318
     = Beginpoint Arrival Time       0.318
     +----------------------------------------------------------------------------------------------------------+ 
     |                      Instance                      |     Arc      |  Cell   | Delay | Arrival | Required | 
     |                                                    |              |         |       |  Time   |   Time   | 
     |----------------------------------------------------+--------------+---------+-------+---------+----------| 
     | core_instance1_ofifo_inst_col_idx_4__fifo_instance | CP ^         |         |       |   0.318 |    0.326 | 
     | _rd_ptr_reg_1_                                     |              |         |       |         |          | 
     | core_instance1_ofifo_inst_col_idx_4__fifo_instance | CP ^ -> Q ^  | DFQD2   | 0.111 |   0.429 |    0.437 | 
     | _rd_ptr_reg_1_                                     |              |         |       |         |          | 
     | U20338                                             | A1 ^ -> ZN v | ND2D2   | 0.042 |   0.471 |    0.479 | 
     | U17641                                             | A1 v -> ZN ^ | NR2D4   | 0.083 |   0.555 |    0.562 | 
     | U35918                                             | B1 ^ -> ZN v | AOI22D0 | 0.056 |   0.611 |    0.618 | 
     | U35920                                             | A3 v -> ZN ^ | ND4D1   | 0.036 |   0.647 |    0.654 | 
     | U22396                                             | A1 ^ -> ZN v | ND2D2   | 0.055 |   0.702 |    0.709 | 
     | U35927                                             | A1 v -> ZN ^ | NR2XD2  | 0.038 |   0.739 |    0.747 | 
     | U17667                                             | A1 ^ -> ZN v | NR2XD1  | 0.032 |   0.771 |    0.778 | 
     | U25174                                             | I v -> ZN ^  | INVD1   | 0.018 |   0.789 |    0.797 | 
     | U20414                                             | A2 ^ -> Z v  | XOR2D1  | 0.067 |   0.856 |    0.863 | 
     | U36290                                             | I0 v -> ZN ^ | MUX2ND0 | 0.071 |   0.927 |    0.935 | 
     | U22886                                             | A2 ^ -> ZN v | ND2D1   | 0.037 |   0.964 |    0.972 | 
     | U36295                                             | I v -> ZN ^  | CKND1   | 0.029 |   0.993 |    1.000 | 
     | U20287                                             | B ^ -> ZN v  | AOI21D4 | 0.017 |   1.011 |    1.018 | 
     | FE_RC_745_0                                        | A1 v -> ZN ^ | OAI21D4 | 0.026 |   1.036 |    1.044 | 
     | FE_RC_698_0                                        | A1 ^ -> ZN v | AOI21D4 | 0.020 |   1.057 |    1.064 | 
     | FE_RC_651_0                                        | A1 v -> ZN ^ | OAI21D4 | 0.025 |   1.082 |    1.089 | 
     | FE_RC_384_0                                        | A1 ^ -> ZN v | AOI21D4 | 0.020 |   1.102 |    1.109 | 
     | FE_RC_136_0                                        | A1 v -> ZN ^ | OAI21D4 | 0.026 |   1.128 |    1.135 | 
     | FE_RC_167_0                                        | A1 ^ -> ZN v | AOI21D4 | 0.023 |   1.151 |    1.158 | 
     | FE_RC_356_0                                        | A1 v -> ZN ^ | OAI21D4 | 0.026 |   1.176 |    1.184 | 
     | FE_RC_179_0                                        | A1 ^ -> ZN v | AOI21D4 | 0.021 |   1.198 |    1.205 | 
     | FE_RC_246_0                                        | A1 v -> ZN ^ | OAI21D4 | 0.026 |   1.224 |    1.231 | 
     | FE_RC_231_0                                        | A1 ^ -> ZN v | AOI21D4 | 0.021 |   1.245 |    1.252 | 
     | FE_RC_360_0                                        | A1 v -> ZN ^ | OAI21D4 | 0.027 |   1.271 |    1.279 | 
     | FE_RC_299_0                                        | A1 ^ -> ZN v | AOI21D4 | 0.021 |   1.293 |    1.300 | 
     | FE_RC_604_0                                        | A1 v -> ZN ^ | OAI21D4 | 0.026 |   1.319 |    1.326 | 
     | FE_RC_109_0                                        | A1 ^ -> ZN v | AOI21D4 | 0.019 |   1.338 |    1.345 | 
     | U18259                                             | A1 v -> ZN ^ | OAI21D2 | 0.035 |   1.373 |    1.380 | 
     | U24566                                             | A1 ^ -> ZN v | AOI21D2 | 0.022 |   1.395 |    1.402 | 
     | FE_RC_108_0                                        | A1 v -> ZN ^ | OAI21D1 | 0.028 |   1.423 |    1.431 | 
     | U36321                                             | A1 ^ -> ZN v | XNR2D1  | 0.048 |   1.471 |    1.478 | 
     | U18257                                             | A1 v -> ZN ^ | NR2XD1  | 0.021 |   1.492 |    1.499 | 
     | core_instance1_sfp_instance_sum8_inst_s45_r_reg_19 | D ^          | DFQD1   | 0.000 |   1.492 |    1.499 | 
     | _                                                  |              |         |       |         |          | 
     +----------------------------------------------------------------------------------------------------------+ 
Path 4: MET Setup Check with Pin core_instance0_mac_array_instance_col_idx_5__
mac_col_inst_mac_8in_instance_product3_reg_14_/CP 
Endpoint:   core_instance0_mac_array_instance_col_idx_5__mac_col_inst_mac_8in_
instance_product3_reg_14_/D (^) checked with  leading edge of 'clk0'
Beginpoint: core_instance0_mac_array_instance_col_idx_5__mac_col_inst_query_q_
reg_30_/Q                   (^) triggered by  leading edge of 'clk0'
Path Groups: {clk0}
Analysis View: TC_VIEW
Other End Arrival Time          0.317
- Setup                         0.007
+ Phase Shift                   1.000
+ CPPR Adjustment               0.000
= Required Time                 1.310
- Arrival Time                  1.303
= Slack Time                    0.008
     Clock Rise Edge                 0.000
     + Clock Network Latency (Prop)  0.337
     = Beginpoint Arrival Time       0.337
     +-----------------------------------------------------------------------------------------------------------+ 
     |                      Instance                      |     Arc      |   Cell   | Delay | Arrival | Required | 
     |                                                    |              |          |       |  Time   |   Time   | 
     |----------------------------------------------------+--------------+----------+-------+---------+----------| 
     | core_instance0_mac_array_instance_col_idx_5__mac_c | CP ^         |          |       |   0.337 |    0.345 | 
     | ol_inst_query_q_reg_30_                            |              |          |       |         |          | 
     | core_instance0_mac_array_instance_col_idx_5__mac_c | CP ^ -> Q ^  | DFCNQD1  | 0.184 |   0.521 |    0.529 | 
     | ol_inst_query_q_reg_30_                            |              |          |       |         |          | 
     | U19883                                             | A2 ^ -> ZN v | XNR2D2   | 0.097 |   0.619 |    0.626 | 
     | U18204                                             | A1 v -> ZN ^ | CKND2D2  | 0.044 |   0.663 |    0.670 | 
     | U20790                                             | A1 ^ -> ZN v | OAI22D0  | 0.043 |   0.705 |    0.713 | 
     | U40470                                             | A v -> S ^   | HA1D0    | 0.068 |   0.773 |    0.781 | 
     | mult_x_562_U26                                     | D ^ -> S v   | CMPE42D1 | 0.121 |   0.894 |    0.902 | 
     | U19212                                             | B v -> CO v  | FA1D1    | 0.083 |   0.977 |    0.985 | 
     | U19137                                             | CI v -> CO v | FA1D1    | 0.045 |   1.023 |    1.030 | 
     | U19047                                             | CI v -> CO v | FA1D1    | 0.045 |   1.067 |    1.075 | 
     | U18890                                             | CI v -> CO v | FA1D1    | 0.044 |   1.112 |    1.119 | 
     | U18786                                             | CI v -> CO v | FA1D1    | 0.043 |   1.155 |    1.162 | 
     | U18694                                             | CI v -> CO v | FA1D1    | 0.043 |   1.198 |    1.206 | 
     | U18579                                             | CI v -> CO v | FA1D1    | 0.047 |   1.245 |    1.252 | 
     | U18442                                             | CI v -> S ^  | FA1D1    | 0.058 |   1.303 |    1.310 | 
     | core_instance0_mac_array_instance_col_idx_5__mac_c | D ^          | DFQD1    | 0.000 |   1.303 |    1.310 | 
     | ol_inst_mac_8in_instance_product3_reg_14_          |              |          |       |         |          | 
     +-----------------------------------------------------------------------------------------------------------+ 
Path 5: MET Setup Check with Pin core_instance0_mac_array_instance_col_idx_5__
mac_col_inst_mac_8in_instance_product3_reg_14_/CP 
Endpoint:   core_instance0_mac_array_instance_col_idx_5__mac_col_inst_mac_8in_
instance_product3_reg_14_/D (^) checked with  leading edge of 'clk0'
Beginpoint: core_instance0_mac_array_instance_col_idx_5__mac_col_inst_query_q_
reg_30_/Q                   (^) triggered by  leading edge of 'clk0'
Path Groups: {clk0}
Analysis View: TC_VIEW
Other End Arrival Time          0.317
- Setup                         0.007
+ Phase Shift                   1.000
+ CPPR Adjustment               0.000
= Required Time                 1.310
- Arrival Time                  1.302
= Slack Time                    0.008
     Clock Rise Edge                 0.000
     + Clock Network Latency (Prop)  0.337
     = Beginpoint Arrival Time       0.337
     +-----------------------------------------------------------------------------------------------------------+ 
     |                      Instance                      |     Arc      |   Cell   | Delay | Arrival | Required | 
     |                                                    |              |          |       |  Time   |   Time   | 
     |----------------------------------------------------+--------------+----------+-------+---------+----------| 
     | core_instance0_mac_array_instance_col_idx_5__mac_c | CP ^         |          |       |   0.337 |    0.346 | 
     | ol_inst_query_q_reg_30_                            |              |          |       |         |          | 
     | core_instance0_mac_array_instance_col_idx_5__mac_c | CP ^ -> Q ^  | DFCNQD1  | 0.184 |   0.521 |    0.530 | 
     | ol_inst_query_q_reg_30_                            |              |          |       |         |          | 
     | U19883                                             | A2 ^ -> ZN v | XNR2D2   | 0.097 |   0.619 |    0.627 | 
     | U40459                                             | B1 v -> ZN ^ | INR2XD0  | 0.034 |   0.653 |    0.661 | 
     | mult_x_562_U28                                     | B ^ -> S v   | CMPE42D1 | 0.183 |   0.836 |    0.844 | 
     | U17925                                             | A v -> CO v  | FA1D1    | 0.094 |   0.930 |    0.938 | 
     | U19212                                             | CI v -> CO v | FA1D1    | 0.046 |   0.976 |    0.985 | 
     | U19137                                             | CI v -> CO v | FA1D1    | 0.045 |   1.022 |    1.030 | 
     | U19047                                             | CI v -> CO v | FA1D1    | 0.045 |   1.067 |    1.075 | 
     | U18890                                             | CI v -> CO v | FA1D1    | 0.044 |   1.111 |    1.119 | 
     | U18786                                             | CI v -> CO v | FA1D1    | 0.043 |   1.154 |    1.162 | 
     | U18694                                             | CI v -> CO v | FA1D1    | 0.043 |   1.197 |    1.206 | 
     | U18579                                             | CI v -> CO v | FA1D1    | 0.047 |   1.244 |    1.252 | 
     | U18442                                             | CI v -> S ^  | FA1D1    | 0.058 |   1.302 |    1.310 | 
     | core_instance0_mac_array_instance_col_idx_5__mac_c | D ^          | DFQD1    | 0.000 |   1.302 |    1.310 | 
     | ol_inst_mac_8in_instance_product3_reg_14_          |              |          |       |         |          | 
     +-----------------------------------------------------------------------------------------------------------+ 
Path 6: MET Late External Delay Assertion 
Endpoint:   out0[73]                                     (v) checked with  
leading edge of 'clk0'
Beginpoint: core_instance0_psum_mem_instance_Q_reg_73_/Q (v) triggered by  
leading edge of 'clk0'
Path Groups: {clk0}
Analysis View: TC_VIEW
Other End Arrival Time          0.000
- External Delay                0.200
+ Phase Shift                   1.000
+ CPPR Adjustment               0.000
= Required Time                 0.800
- Arrival Time                  0.790
= Slack Time                    0.010
     Clock Rise Edge                 0.000
     + Clock Network Latency (Prop)  0.313
     = Beginpoint Arrival Time       0.313
     +-----------------------------------------------------------------------------------------------+ 
     |                  Instance                  |     Arc     |  Cell | Delay | Arrival | Required | 
     |                                            |             |       |       |  Time   |   Time   | 
     |--------------------------------------------+-------------+-------+-------+---------+----------| 
     | core_instance0_psum_mem_instance_Q_reg_73_ | CP ^        |       |       |   0.313 |    0.323 | 
     | core_instance0_psum_mem_instance_Q_reg_73_ | CP ^ -> Q v | DFQD1 | 0.095 |   0.408 |    0.418 | 
     | FE_OFC1587_out0_73_                        | I v -> ZN ^ | CKND0 | 0.121 |   0.529 |    0.539 | 
     | FE_OFC1588_out0_73_                        | I ^ -> ZN v | CKND3 | 0.153 |   0.682 |    0.692 | 
     |                                            | out0[73] v  |       | 0.108 |   0.790 |    0.800 | 
     +-----------------------------------------------------------------------------------------------+ 
Path 7: MET Setup Check with Pin core_instance0_mac_array_instance_col_idx_5__
mac_col_inst_mac_8in_instance_product3_reg_14_/CP 
Endpoint:   core_instance0_mac_array_instance_col_idx_5__mac_col_inst_mac_8in_
instance_product3_reg_14_/D (^) checked with  leading edge of 'clk0'
Beginpoint: core_instance0_mac_array_instance_col_idx_5__mac_col_inst_query_q_
reg_30_/Q                   (^) triggered by  leading edge of 'clk0'
Path Groups: {clk0}
Analysis View: TC_VIEW
Other End Arrival Time          0.317
- Setup                         0.007
+ Phase Shift                   1.000
+ CPPR Adjustment               0.000
= Required Time                 1.310
- Arrival Time                  1.300
= Slack Time                    0.010
     Clock Rise Edge                 0.000
     + Clock Network Latency (Prop)  0.337
     = Beginpoint Arrival Time       0.337
     +-----------------------------------------------------------------------------------------------------------+ 
     |                      Instance                      |     Arc      |   Cell   | Delay | Arrival | Required | 
     |                                                    |              |          |       |  Time   |   Time   | 
     |----------------------------------------------------+--------------+----------+-------+---------+----------| 
     | core_instance0_mac_array_instance_col_idx_5__mac_c | CP ^         |          |       |   0.337 |    0.347 | 
     | ol_inst_query_q_reg_30_                            |              |          |       |         |          | 
     | core_instance0_mac_array_instance_col_idx_5__mac_c | CP ^ -> Q ^  | DFCNQD1  | 0.184 |   0.521 |    0.531 | 
     | ol_inst_query_q_reg_30_                            |              |          |       |         |          | 
     | U19883                                             | A2 ^ -> ZN ^ | XNR2D2   | 0.082 |   0.604 |    0.614 | 
     | U18204                                             | A1 ^ -> ZN v | CKND2D2  | 0.040 |   0.644 |    0.654 | 
     | U20790                                             | A1 v -> ZN ^ | OAI22D0  | 0.059 |   0.703 |    0.713 | 
     | U40470                                             | A ^ -> S ^   | HA1D0    | 0.068 |   0.771 |    0.781 | 
     | mult_x_562_U26                                     | D ^ -> S v   | CMPE42D1 | 0.121 |   0.892 |    0.902 | 
     | U19212                                             | B v -> CO v  | FA1D1    | 0.083 |   0.975 |    0.985 | 
     | U19137                                             | CI v -> CO v | FA1D1    | 0.045 |   1.020 |    1.030 | 
     | U19047                                             | CI v -> CO v | FA1D1    | 0.045 |   1.065 |    1.075 | 
     | U18890                                             | CI v -> CO v | FA1D1    | 0.044 |   1.109 |    1.119 | 
     | U18786                                             | CI v -> CO v | FA1D1    | 0.043 |   1.153 |    1.162 | 
     | U18694                                             | CI v -> CO v | FA1D1    | 0.043 |   1.196 |    1.206 | 
     | U18579                                             | CI v -> CO v | FA1D1    | 0.047 |   1.242 |    1.252 | 
     | U18442                                             | CI v -> S ^  | FA1D1    | 0.058 |   1.300 |    1.310 | 
     | core_instance0_mac_array_instance_col_idx_5__mac_c | D ^          | DFQD1    | 0.000 |   1.300 |    1.310 | 
     | ol_inst_mac_8in_instance_product3_reg_14_          |              |          |       |         |          | 
     +-----------------------------------------------------------------------------------------------------------+ 
Path 8: MET Setup Check with Pin core_instance0_sfp_instance_sum8_inst_s23_r_
reg_16_/CP 
Endpoint:   core_instance0_sfp_instance_sum8_inst_s23_r_reg_16_/D              
(^) checked with  leading edge of 'clk0'
Beginpoint: core_instance0_ofifo_inst_col_idx_3__fifo_instance_rd_ptr_reg_1_/Q 
(v) triggered by  leading edge of 'clk0'
Path Groups: {clk0}
Analysis View: TC_VIEW
Other End Arrival Time          0.308
- Setup                         0.006
+ Phase Shift                   1.000
+ CPPR Adjustment               0.000
= Required Time                 1.303
- Arrival Time                  1.292
= Slack Time                    0.011
     Clock Rise Edge                 0.000
     + Clock Network Latency (Prop)  0.333
     = Beginpoint Arrival Time       0.333
     +------------------------------------------------------------------------------------------------------------+ 
     |                      Instance                      |     Arc      |   Cell    | Delay | Arrival | Required | 
     |                                                    |              |           |       |  Time   |   Time   | 
     |----------------------------------------------------+--------------+-----------+-------+---------+----------| 
     | core_instance0_ofifo_inst_col_idx_3__fifo_instance | CP ^         |           |       |   0.333 |    0.344 | 
     | _rd_ptr_reg_1_                                     |              |           |       |         |          | 
     | core_instance0_ofifo_inst_col_idx_3__fifo_instance | CP ^ -> Q v  | DFQD4     | 0.111 |   0.444 |    0.454 | 
     | _rd_ptr_reg_1_                                     |              |           |       |         |          | 
     | U30932                                             | I v -> ZN ^  | INVD4     | 0.028 |   0.472 |    0.482 | 
     | U30935                                             | A1 ^ -> ZN v | ND2D4     | 0.024 |   0.496 |    0.506 | 
     | U20037                                             | A1 v -> ZN ^ | NR2D8     | 0.062 |   0.558 |    0.568 | 
     | U30990                                             | A1 ^ -> Z ^  | AO22D1    | 0.056 |   0.614 |    0.624 | 
     | U22661                                             | B ^ -> ZN v  | AOI211XD1 | 0.021 |   0.635 |    0.645 | 
     | FE_RC_1849_0                                       | A1 v -> ZN v | INR2D1    | 0.038 |   0.673 |    0.683 | 
     | FE_RC_517_0                                        | A2 v -> ZN ^ | NR2D2     | 0.045 |   0.718 |    0.728 | 
     | U30997                                             | I1 ^ -> Z ^  | MUX2D2    | 0.056 |   0.774 |    0.784 | 
     | U30998                                             | A2 ^ -> ZN v | NR2XD2    | 0.026 |   0.800 |    0.810 | 
     | FE_RC_1937_0                                       | A1 v -> ZN ^ | ND3D4     | 0.021 |   0.820 |    0.831 | 
     | U20036                                             | A1 ^ -> ZN v | NR3D3     | 0.017 |   0.837 |    0.847 | 
     | U31054                                             | I v -> ZN ^  | INVD3     | 0.024 |   0.860 |    0.871 | 
     | FE_RC_2040_0                                       | B1 ^ -> ZN v | INR2XD0   | 0.021 |   0.881 |    0.892 | 
     | U22558                                             | A1 v -> ZN ^ | XNR2D1    | 0.061 |   0.942 |    0.953 | 
     | U31238                                             | I0 ^ -> ZN v | MUX2ND4   | 0.053 |   0.994 |    1.005 | 
     | U21431                                             | A2 v -> ZN ^ | ND2D1     | 0.018 |   1.012 |    1.023 | 
     | U31271                                             | I ^ -> ZN v  | CKND1     | 0.015 |   1.027 |    1.038 | 
     | U20079                                             | B v -> ZN ^  | AOI21D2   | 0.033 |   1.061 |    1.071 | 
     | U31275                                             | A1 ^ -> ZN v | OAI21D1   | 0.024 |   1.085 |    1.096 | 
     | U31276                                             | B v -> ZN ^  | AOI21D2   | 0.045 |   1.130 |    1.141 | 
     | U52265                                             | I ^ -> ZN v  | INVD2     | 0.027 |   1.157 |    1.168 | 
     | U21425                                             | A1 v -> ZN ^ | AOI21D4   | 0.024 |   1.181 |    1.191 | 
     | U52327                                             | A1 ^ -> ZN v | OAI21D1   | 0.021 |   1.202 |    1.212 | 
     | U18263                                             | A1 v -> ZN ^ | XNR2D2    | 0.060 |   1.262 |    1.272 | 
     | U52328                                             | A1 ^ -> Z ^  | AN2XD1    | 0.031 |   1.292 |    1.303 | 
     | core_instance0_sfp_instance_sum8_inst_s23_r_reg_16 | D ^          | DFQD1     | 0.000 |   1.292 |    1.303 | 
     | _                                                  |              |           |       |         |          | 
     +------------------------------------------------------------------------------------------------------------+ 
Path 9: MET Setup Check with Pin core_instance1_mac_array_instance_col_idx_2__
mac_col_inst_mac_8in_instance_product2_reg_15_/CP 
Endpoint:   core_instance1_mac_array_instance_col_idx_2__mac_col_inst_mac_8in_
instance_product2_reg_15_/D (^) checked with  leading edge of 'clk1'
Beginpoint: core_instance1_mac_array_instance_col_idx_2__mac_col_inst_query_q_
reg_19_/QN                  (v) triggered by  leading edge of 'clk1'
Path Groups: {clk1}
Analysis View: TC_VIEW
Other End Arrival Time          0.291
- Setup                         0.007
+ Phase Shift                   1.200
+ CPPR Adjustment               0.000
= Required Time                 1.483
- Arrival Time                  1.473
= Slack Time                    0.011
     Clock Rise Edge                 0.000
     + Clock Network Latency (Prop)  0.302
     = Beginpoint Arrival Time       0.302
     +-----------------------------------------------------------------------------------------------------------+ 
     |                      Instance                      |     Arc      |   Cell   | Delay | Arrival | Required | 
     |                                                    |              |          |       |  Time   |   Time   | 
     |----------------------------------------------------+--------------+----------+-------+---------+----------| 
     | core_instance1_mac_array_instance_col_idx_2__mac_c | CP ^         |          |       |   0.302 |    0.313 | 
     | ol_inst_query_q_reg_19_                            |              |          |       |         |          | 
     | core_instance1_mac_array_instance_col_idx_2__mac_c | CP ^ -> QN v | DFCND1   | 0.157 |   0.460 |    0.470 | 
     | ol_inst_query_q_reg_19_                            |              |          |       |         |          | 
     | U22017                                             | I0 v -> ZN ^ | MUX2ND1  | 0.118 |   0.577 |    0.588 | 
     | U22016                                             | C ^ -> ZN v  | OAI221D1 | 0.131 |   0.709 |    0.719 | 
     | U37561                                             | B2 v -> ZN ^ | AOI221D1 | 0.099 |   0.807 |    0.818 | 
     | U41832                                             | A ^ -> S ^   | HA1D0    | 0.063 |   0.871 |    0.882 | 
     | U37565                                             | CI ^ -> S v  | FA1D0    | 0.072 |   0.942 |    0.953 | 
     | U41823                                             | A v -> CO v  | FA1D1    | 0.088 |   1.030 |    1.041 | 
     | U41822                                             | CI v -> CO v | FA1D0    | 0.062 |   1.092 |    1.103 | 
     | U41821                                             | CI v -> CO v | FA1D1    | 0.047 |   1.139 |    1.150 | 
     | U24440                                             | CI v -> CO v | FA1D1    | 0.044 |   1.183 |    1.194 | 
     | U41820                                             | CI v -> CO v | FA1D1    | 0.043 |   1.226 |    1.237 | 
     | U17558                                             | CI v -> CO v | FA1D1    | 0.045 |   1.271 |    1.282 | 
     | U18916                                             | CI v -> CO v | FA1D1    | 0.046 |   1.317 |    1.327 | 
     | U18777                                             | CI v -> CO v | FA1D1    | 0.045 |   1.362 |    1.372 | 
     | U18749                                             | CI v -> CO v | FA1D1    | 0.044 |   1.406 |    1.417 | 
     | U18507                                             | CI v -> CO v | FA1D1    | 0.044 |   1.450 |    1.461 | 
     | U24439                                             | I v -> ZN ^  | CKND0    | 0.023 |   1.473 |    1.483 | 
     | core_instance1_mac_array_instance_col_idx_2__mac_c | D ^          | DFQD1    | 0.000 |   1.473 |    1.483 | 
     | ol_inst_mac_8in_instance_product2_reg_15_          |              |          |       |         |          | 
     +-----------------------------------------------------------------------------------------------------------+ 
Path 10: MET Setup Check with Pin core_instance0_sfp_instance_sum8_inst_s23_r_
reg_16_/CP 
Endpoint:   core_instance0_sfp_instance_sum8_inst_s23_r_reg_16_/D              
(^) checked with  leading edge of 'clk0'
Beginpoint: core_instance0_ofifo_inst_col_idx_3__fifo_instance_rd_ptr_reg_1_/Q 
(^) triggered by  leading edge of 'clk0'
Path Groups: {clk0}
Analysis View: TC_VIEW
Other End Arrival Time          0.308
- Setup                         0.006
+ Phase Shift                   1.000
+ CPPR Adjustment               0.000
= Required Time                 1.303
- Arrival Time                  1.292
= Slack Time                    0.011
     Clock Rise Edge                 0.000
     + Clock Network Latency (Prop)  0.333
     = Beginpoint Arrival Time       0.333
     +-----------------------------------------------------------------------------------------------------------+ 
     |                      Instance                      |     Arc      |   Cell   | Delay | Arrival | Required | 
     |                                                    |              |          |       |  Time   |   Time   | 
     |----------------------------------------------------+--------------+----------+-------+---------+----------| 
     | core_instance0_ofifo_inst_col_idx_3__fifo_instance | CP ^         |          |       |   0.333 |    0.344 | 
     | _rd_ptr_reg_1_                                     |              |          |       |         |          | 
     | core_instance0_ofifo_inst_col_idx_3__fifo_instance | CP ^ -> Q ^  | DFQD4    | 0.106 |   0.439 |    0.450 | 
     | _rd_ptr_reg_1_                                     |              |          |       |         |          | 
     | U30932                                             | I ^ -> ZN v  | INVD4    | 0.023 |   0.462 |    0.473 | 
     | U30935                                             | A1 v -> ZN ^ | ND2D4    | 0.021 |   0.483 |    0.494 | 
     | U20037                                             | A1 ^ -> ZN v | NR2D8    | 0.024 |   0.507 |    0.518 | 
     | U25256                                             | A1 v -> ZN ^ | AOI22D0  | 0.075 |   0.582 |    0.593 | 
     | U30986                                             | A2 ^ -> ZN v | ND3D1    | 0.052 |   0.633 |    0.644 | 
     | U22662                                             | B2 v -> ZN ^ | OAI22D2  | 0.057 |   0.691 |    0.702 | 
     | U25764                                             | I1 ^ -> Z ^  | MUX2D2   | 0.054 |   0.745 |    0.756 | 
     | U30987                                             | A2 ^ -> ZN v | CKND2D2  | 0.023 |   0.768 |    0.779 | 
     | U30998                                             | A1 v -> ZN ^ | NR2XD2   | 0.025 |   0.794 |    0.805 | 
     | FE_RC_1937_0                                       | A1 ^ -> ZN v | ND3D4    | 0.028 |   0.822 |    0.833 | 
     | U20036                                             | A1 v -> ZN ^ | NR3D3    | 0.028 |   0.850 |    0.861 | 
     | U31054                                             | I ^ -> ZN v  | INVD3    | 0.020 |   0.870 |    0.881 | 
     | U31223                                             | A1 v -> ZN ^ | NR2D3    | 0.023 |   0.893 |    0.904 | 
     | U31230                                             | A1 ^ -> ZN v | CKND2D2  | 0.018 |   0.912 |    0.923 | 
     | U31231                                             | A1 v -> Z v  | CKXOR2D4 | 0.037 |   0.948 |    0.959 | 
     | FE_RC_121_0                                        | A1 v -> ZN ^ | ND2D2    | 0.019 |   0.968 |    0.978 | 
     | FE_RC_120_0                                        | A1 ^ -> ZN v | CKND2D4  | 0.016 |   0.983 |    0.994 | 
     | U24796                                             | A2 v -> Z v  | OR2D1    | 0.045 |   1.028 |    1.039 | 
     | U31274                                             | A1 v -> ZN ^ | AOI21D1  | 0.027 |   1.055 |    1.066 | 
     | U31275                                             | B ^ -> ZN v  | OAI21D1  | 0.030 |   1.085 |    1.096 | 
     | U31276                                             | B v -> ZN ^  | AOI21D2  | 0.045 |   1.130 |    1.141 | 
     | U52265                                             | I ^ -> ZN v  | INVD2    | 0.027 |   1.157 |    1.168 | 
     | U21425                                             | A1 v -> ZN ^ | AOI21D4  | 0.024 |   1.180 |    1.191 | 
     | U52327                                             | A1 ^ -> ZN v | OAI21D1  | 0.021 |   1.202 |    1.212 | 
     | U18263                                             | A1 v -> ZN ^ | XNR2D2   | 0.060 |   1.261 |    1.272 | 
     | U52328                                             | A1 ^ -> Z ^  | AN2XD1   | 0.031 |   1.292 |    1.303 | 
     | core_instance0_sfp_instance_sum8_inst_s23_r_reg_16 | D ^          | DFQD1    | 0.000 |   1.292 |    1.303 | 
     | _                                                  |              |          |       |         |          | 
     +-----------------------------------------------------------------------------------------------------------+ 

