xrun(64): 20.09-s017: (c) Copyright 1995-2021 Cadence Design Systems, Inc.
TOOL:	xrun(64)	20.09-s017: Started on Mar 14, 2026 at 02:53:33 PDT
xrun
	-R
Loading snapshot worklib.step1_tb:v .................... Done
xcelium> source /software/ECE/XCELIUM-2009/tools/xcelium/files/xmsimrc
xcelium> run
##### Q data txt reading #####
xmsim: *W,VCDFOP: Unable to open VCD file ../sim/waveform/step1.vcd (check file permissions).
            Time: 0 FS + 1

##### K data txt reading #####
##### Qmem writing #####
##### Kmem writing #####
##### K loading to MAC #####
##### Execute #####
QK phase verification
  [row]  RTL   : col0 col1 col2 col3 col4 col5 col6 col7
[0] RTL:      93     -20      -7      94     -48     -45     -63     -86
     golden:      93     -20      -7      94     -48     -45     -63     -86
        [OK]

[1] RTL:      52     -21     -73      24      -5     -33     -41     -23
     golden:      52     -21     -73      24      -5     -33     -41     -23
        [OK]

[2] RTL:      38      27      50      63     -28      21      -3     -55
     golden:      38      27      50      63     -28      21      -3     -55
        [OK]

[3] RTL:      33     -74      17     125     -37     -17     -27     -51
     golden:      33     -74      17     125     -37     -17     -27     -51
        [OK]

[4] RTL:      80     -10     -10      13    -138     -37     -90     -56
     golden:      80     -10     -10      13    -138     -37     -90     -56
        [OK]

[5] RTL:      42       1      26      68       7       7      -8     -45
     golden:      42       1      26      68       7       7      -8     -45
        [OK]

[6] RTL:     -19      48      99      -7      -1      23      46     -20
     golden:     -19      48      99      -7      -1      23      46     -20
        [OK]

[7] RTL:     -63      41     128     -46      -1      78      74      37
     golden:     -63      41     128     -46      -1      78      74      37
        [OK]

--------------------------------------------
PASS: all 8 x 8 results correct
--------------------------------------------
Simulation complete via $finish(1) at time 111 NS + 0
./netlist/step1_tb.v:238     #10 $finish;
xcelium> exit
TOOL:	xrun(64)	20.09-s017: Exiting on Mar 14, 2026 at 02:53:34 PDT  (total: 00:00:01)
