*----------------------------------------------------------------------------------------
*	Innovus 15.23-s045_1 (64bit) 04/22/2016 12:32 (Linux 2.6.18-194.el5)
*	
*
* 	Date & Time:	2026-Mar-17 04:36:59 (2026-Mar-17 11:36:59 GMT)
*
*----------------------------------------------------------------------------------------
*
*	Design: core
*
*	Liberty Libraries used: 
*	        WC_VIEW: /home/linux/ieng6/ECE260B_WI26_A00/public/PDKdata/lib/tcbn65gpluswc.lib
*	        WC_VIEW: ../../sram_pnr_64b/scripts/sram_w16_WC.lib
*	        WC_VIEW: ../../sram_pnr_160b/scripts/sram_160b_w16_WC.lib
*
*	Power Domain used: 
*		Rail:        VDD 	Voltage:        0.9 
*
*       Power View : WC_VIEW
*
*       User-Defined Activity : N.A.
*
*       Activity File: N.A.
*
*       Hierarchical Global Activity: N.A.
*
*       Global Activity: N.A.
*
*       Sequential Element Activity: 0.200000
*
*       Primary Input Activity: 0.200000
*
*       Default icg ratio: N.A.
*
*       Global Comb ClockGate Ratio: N.A.
*
*	Power Units = 1mW
*
*	Time Units = 1e-09 secs 
*
*       report_power -outfile core.post_route.power.rpt
*
-----------------------------------------------------------------------------------------


Total Power 
-----------------------------------------------------------------------------------------
Total Internal Power:      207.45443980 	   55.8114%
Total Switching Power:     157.73314630 	   42.4349%
Total Leakage Power:         6.51869857 	    1.7537%
Total Power:               371.70628485 
-----------------------------------------------------------------------------------------


Group                           Internal   Switching     Leakage       Total  Percentage 
                                Power      Power         Power         Power  (%)        
-----------------------------------------------------------------------------------------
Sequential                         35.51       1.645      0.2534       37.41       10.07 
Macro                                  0       3.076        3.29       6.366       1.713 
IO                                     0           0   1.444e-05   1.444e-05   3.885e-06 
Combinational                      167.2       145.3       2.943       315.5       84.87 
Clock (Combinational)              4.704       7.729     0.03194       12.47       3.354 
Clock (Sequential)                     0           0           0           0           0 
-----------------------------------------------------------------------------------------
Total                              207.5       157.7       6.519       371.7         100 
-----------------------------------------------------------------------------------------


Rail                  Voltage   Internal   Switching     Leakage       Total  Percentage 
                                Power      Power         Power         Power  (%)        
-----------------------------------------------------------------------------------------
VDD                       0.9      207.5       157.7       6.519       371.7         100 


Clock                           Internal   Switching     Leakage       Total  Percentage 
                                Power      Power         Power         Power  (%)        
-----------------------------------------------------------------------------------------
clk                                4.704       7.729     0.03194       12.47       3.354 
-----------------------------------------------------------------------------------------
Total (excluding duplicates)       4.704       7.729     0.03194       12.47       3.354 
-----------------------------------------------------------------------------------------


-----------------------------------------------------------------------------------------
*	Power Distribution Summary: 
* 		Highest Average Power:         psum_mem_instance (sram_160b_w16): 	     2.803 
* 		Highest Leakage Power: sfp_instance/fifo_inst_int/U530 (ND3D8): 	 0.0002819 
* 		Total Cap: 	5.41444e-10 F
* 		Total instances in design: 158112
* 		Total instances in design with no power:     0
*          Total instances in design with no activity:     0
* 		Total Fillers and Decap: 80882
-----------------------------------------------------------------------------------------

