###############################################################
#  Generated by:      Cadence Innovus 15.23-s045_1
#  OS:                Linux x86_64(Host ID ieng6-ece-02.ucsd.edu)
#  Generated on:      Sun Mar 15 16:11:14 2026
#  Design:            core
#  Command:           verifyGeometry
###############################################################

SHORT: Regular Via of Net ofifo_inst/col_idx_7__fifo_instance/n114 & Blockage of Cell ofifo_inst/col_idx_7__fifo_instance/U200  ( M1 )
Bounds : ( 844.050, 668.510 ) ( 844.150, 668.930 )


SHORT: Regular Via of Net sfp_instance/div3/div_19/FE_RN_4375_0 & Blockage of Cell sfp_instance/div3/div_19/FE_RC_5632_0  ( M1 )
Bounds : ( 910.810, 1042.750 ) ( 911.190, 1042.850 )


SHORT: Regular Via of Net ofifo_inst/col_idx_3__fifo_instance/n226 & Blockage of Cell ofifo_inst/col_idx_3__fifo_instance/U566  ( M1 )
Bounds : ( 814.850, 389.870 ) ( 814.950, 390.290 )



Begin Summary ...
  Cells       : 0
  SameNet     : 0
  Wiring      : 0
  Antenna     : 0
  Short       : 3
  Overlap     : 0
End Summary

  Total Violations : 3 Viols.
