*----------------------------------------------------------------------------------------
*	Innovus 15.23-s045_1 (64bit) 04/22/2016 12:32 (Linux 2.6.18-194.el5)
*	
*
* 	Date & Time:	2026-Mar-19 11:57:42 (2026-Mar-19 18:57:42 GMT)
*
*----------------------------------------------------------------------------------------
*
*	Design: core
*
*	Liberty Libraries used: 
*	        WC_VIEW: /home/linux/ieng6/ECE260B_WI26_A00/sabhonsle/ECE260BProject/ECE260B-Final-Project/workspace/Step3_norm/pnr/hier_pnr/scripts/route.enc.dat/libs/mmmc/tcbn65gpluswc.lib
*	        WC_VIEW: /home/linux/ieng6/ECE260B_WI26_A00/sabhonsle/ECE260BProject/ECE260B-Final-Project/workspace/Step3_norm/pnr/hier_pnr/scripts/route.enc.dat/libs/mmmc/sram_w16_WC.lib
*	        WC_VIEW: /home/linux/ieng6/ECE260B_WI26_A00/sabhonsle/ECE260BProject/ECE260B-Final-Project/workspace/Step3_norm/pnr/hier_pnr/scripts/route.enc.dat/libs/mmmc/sram_160b_w16_WC.lib
*
*	Power Domain used: 
*		Rail:        VDD 	Voltage:        0.9 
*
*       Power View : WC_VIEW
*
*       User-Defined Activity : N.A.
*
*	Switching Activity File used: 
*	        ../../../gls/waveform/core.vcd
*                    Vcd Window used(Start Time, Stop Time):  (50,250)  
*                     Vcd Scale Factor: 1 
* *                    Design annotation coverage: 86247/86247 = 100% 
*
*       Hierarchical Global Activity: N.A.
*
*       Global Activity: N.A.
*
*       Sequential Element Activity: 0.200000
*
*       Primary Input Activity: 0.200000
*
*       Default icg ratio: N.A.
*
*       Global Comb ClockGate Ratio: N.A.
*
*	Power Units = 1mW
*
*	Time Units = 1e-09 secs 
*
*       report_power -outfile ./power_step3_vcd.rpt
*
-----------------------------------------------------------------------------------------


Total Power 
-----------------------------------------------------------------------------------------
Total Internal Power:       42.30909102 	   69.1013%
Total Switching Power:      15.61267246 	   25.4994%
Total Leakage Power:         3.30585388 	    5.3993%
Total Power:                61.22761763 
-----------------------------------------------------------------------------------------


Group                           Internal   Switching     Leakage       Total  Percentage 
                                Power      Power         Power         Power  (%)        
-----------------------------------------------------------------------------------------
Sequential                         26.46       0.167      0.2652        26.9       43.93 
Macro                                  0      0.2533           0      0.2533      0.4137 
IO                                     0           0   1.444e-05   1.444e-05   2.358e-05 
Combinational                       5.77       6.503       2.969       15.24       24.89 
Clock (Combinational)              10.07       8.689     0.07161       18.84       30.76 
Clock (Sequential)                     0           0           0           0           0 
-----------------------------------------------------------------------------------------
Total                              42.31       15.61       3.306       61.23         100 
-----------------------------------------------------------------------------------------


Rail                  Voltage   Internal   Switching     Leakage       Total  Percentage 
                                Power      Power         Power         Power  (%)        
-----------------------------------------------------------------------------------------
VDD                       0.9      42.31       15.61       3.306       61.23         100 


Clock                           Internal   Switching     Leakage       Total  Percentage 
                                Power      Power         Power         Power  (%)        
-----------------------------------------------------------------------------------------
clk                                10.07       8.689     0.07161       18.84       30.76 
-----------------------------------------------------------------------------------------
Total (excluding duplicates)       10.07       8.689     0.07161       18.84       30.76 
-----------------------------------------------------------------------------------------


-----------------------------------------------------------------------------------------
*	Power Distribution Summary: 
* 		Highest Average Power:         psum_mem_instance (sram_160b_w16): 	    0.2232 
* 		Highest Leakage Power: sfp_instance/div7/div_19/FE_RC_57436_0 (ND3D8): 	 0.0002837 
* 		Total Cap: 	5.47063e-10 F
* 		Total instances in design: 77985
* 		Total instances in design with no power:     0
*          Total instances in design with no activity:     0
* 		Total Fillers and Decap:     0
-----------------------------------------------------------------------------------------

