*----------------------------------------------------------------------------------------
*	Innovus 15.23-s045_1 (64bit) 04/22/2016 12:32 (Linux 2.6.18-194.el5)
*	
*
* 	Date & Time:	2026-Mar-04 17:17:18 (2026-Mar-05 01:17:18 GMT)
*
*----------------------------------------------------------------------------------------
*
*	Design: sram_w16
*
*	Liberty Libraries used: 
*	        WC_VIEW: /home/linux/ieng6/ECE260B_WI26_A00/public/PDKdata/lib/tcbn65gpluswc.lib
*
*	Power Domain used: 
*		Rail:        VDD 	Voltage:        0.9 
*
*       Power View : WC_VIEW
*
*       User-Defined Activity : N.A.
*
*       Activity File: N.A.
*
*       Hierarchical Global Activity: N.A.
*
*       Global Activity: N.A.
*
*       Sequential Element Activity: 0.200000
*
*       Primary Input Activity: 0.200000
*
*       Default icg ratio: N.A.
*
*       Global Comb ClockGate Ratio: N.A.
*
*	Power Units = 1mW
*
*	Time Units = 1e-09 secs 
*
*       report_power -outfile sram_w16.post_route.power.rpt
*
-----------------------------------------------------------------------------------------


Total Power 
-----------------------------------------------------------------------------------------
Total Internal Power:        9.40657081 	   80.5586%
Total Switching Power:       2.18402728 	   18.7042%
Total Leakage Power:         0.08608830 	    0.7373%
Total Power:                11.67668654 
-----------------------------------------------------------------------------------------


Group                           Internal   Switching     Leakage       Total  Percentage 
                                Power      Power         Power         Power  (%)        
-----------------------------------------------------------------------------------------
Sequential                         8.826      0.2458     0.06241       9.134       78.22 
Macro                                  0           0     0.01074     0.01074     0.09195 
IO                                     0           0           0           0           0 
Combinational                     0.1309      0.5097    0.009984      0.6506       5.572 
Clock (Combinational)             0.4499       1.429    0.002958       1.881       16.11 
Clock (Sequential)                     0           0           0           0           0 
-----------------------------------------------------------------------------------------
Total                              9.407       2.184     0.08609       11.68         100 
-----------------------------------------------------------------------------------------


Rail                  Voltage   Internal   Switching     Leakage       Total  Percentage 
                                Power      Power         Power         Power  (%)        
-----------------------------------------------------------------------------------------
VDD                       0.9      9.407       2.184     0.08609       11.68         100 


Clock                           Internal   Switching     Leakage       Total  Percentage 
                                Power      Power         Power         Power  (%)        
-----------------------------------------------------------------------------------------
CLK                               0.4499       1.429    0.002958       1.881       16.11 
-----------------------------------------------------------------------------------------
Total (excluding duplicates)      0.4499       1.429    0.002958       1.881       16.11 
-----------------------------------------------------------------------------------------


-----------------------------------------------------------------------------------------
*	Power Distribution Summary: 
* 		Highest Average Power:   CTS_ccl_BUF_CLK_G0_L2_1 (CKBD16): 	    0.1266 
* 		Highest Leakage Power:   CTS_ccl_BUF_CLK_G0_L1_1 (CKBD16): 	 0.0002228 
* 		Total Cap: 	1.26801e-11 F
* 		Total instances in design:  3805
* 		Total instances in design with no power:     0
*          Total instances in design with no activity:     0
* 		Total Fillers and Decap:  1862
-----------------------------------------------------------------------------------------

