###############################################################
#  Generated by:      Cadence Innovus 15.23-s045_1
#  OS:                Linux x86_64(Host ID ieng6-ece-05.ucsd.edu)
#  Generated on:      Sat Mar 21 00:08:13 2026
#  Design:            fullchip
#  Command:           report_timing -max_paths 5 > ${design}.post_route.timing.rpt
###############################################################
Path 1: MET Setup Check with Pin core_instance1_sfp_instance_sum8_inst_s45_r_
reg_19_/CP 
Endpoint:   core_instance1_sfp_instance_sum8_inst_s45_r_reg_19_/D              
(^) checked with  leading edge of 'clk1'
Beginpoint: core_instance1_ofifo_inst_col_idx_4__fifo_instance_rd_ptr_reg_0_/Q 
(v) triggered by  leading edge of 'clk1'
Path Groups: {clk1}
Analysis View: TC_VIEW
Other End Arrival Time          0.182
- Setup                         0.007
+ Phase Shift                   1.200
+ CPPR Adjustment               0.000
= Required Time                 1.376
- Arrival Time                  1.371
= Slack Time                    0.004
     Clock Rise Edge                 0.000
     + Clock Network Latency (Prop)  0.195
     = Beginpoint Arrival Time       0.195
     +----------------------------------------------------------------------------------------------------------+ 
     |                      Instance                      |     Arc      |  Cell   | Delay | Arrival | Required | 
     |                                                    |              |         |       |  Time   |   Time   | 
     |----------------------------------------------------+--------------+---------+-------+---------+----------| 
     | core_instance1_ofifo_inst_col_idx_4__fifo_instance | CP ^         |         |       |   0.195 |    0.200 | 
     | _rd_ptr_reg_0_                                     |              |         |       |         |          | 
     | core_instance1_ofifo_inst_col_idx_4__fifo_instance | CP ^ -> Q v  | DFQD1   | 0.106 |   0.301 |    0.306 | 
     | _rd_ptr_reg_0_                                     |              |         |       |         |          | 
     | U43794                                             | I v -> ZN ^  | CKND1   | 0.036 |   0.338 |    0.342 | 
     | U21797                                             | A1 ^ -> ZN v | ND2D2   | 0.040 |   0.378 |    0.382 | 
     | U24794                                             | A1 v -> ZN ^ | NR2D8   | 0.074 |   0.452 |    0.456 | 
     | U43947                                             | A1 ^ -> ZN ^ | IOA21D0 | 0.063 |   0.515 |    0.519 | 
     | U43948                                             | B ^ -> ZN v  | AOI21D0 | 0.026 |   0.541 |    0.546 | 
     | U43952                                             | A1 v -> Z v  | AN4XD1  | 0.040 |   0.582 |    0.586 | 
     | U43953                                             | B v -> ZN ^  | AOI31D2 | 0.079 |   0.661 |    0.665 | 
     | U47748                                             | I1 ^ -> ZN v | MUX2ND4 | 0.062 |   0.723 |    0.727 | 
     | U47749                                             | A2 v -> ZN ^ | CKND2D2 | 0.020 |   0.742 |    0.747 | 
     | U47774                                             | A1 ^ -> ZN v | NR2XD1  | 0.016 |   0.758 |    0.762 | 
     | U47775                                             | A2 v -> ZN ^ | CKND2D2 | 0.024 |   0.782 |    0.786 | 
     | U17752                                             | I ^ -> ZN v  | CKND2   | 0.020 |   0.802 |    0.806 | 
     | U22467                                             | A1 v -> ZN ^ | ND2D1   | 0.017 |   0.819 |    0.823 | 
     | U24846                                             | A1 ^ -> ZN v | XNR2D1  | 0.042 |   0.861 |    0.865 | 
     | U49320                                             | I0 v -> ZN ^ | MUX2ND0 | 0.081 |   0.942 |    0.946 | 
     | U25238                                             | A1 ^ -> ZN v | NR2XD1  | 0.033 |   0.975 |    0.979 | 
     | U21831                                             | A2 v -> ZN ^ | NR2XD0  | 0.038 |   1.013 |    1.017 | 
     | U21997                                             | A2 ^ -> ZN v | CKND2D0 | 0.035 |   1.048 |    1.052 | 
     | U49344                                             | A2 v -> ZN ^ | NR2XD0  | 0.047 |   1.095 |    1.099 | 
     | FE_RC_546_0                                        | A1 ^ -> ZN v | AOI21D4 | 0.023 |   1.118 |    1.122 | 
     | U19810                                             | A1 v -> ZN ^ | OAI21D2 | 0.026 |   1.144 |    1.149 | 
     | U50361                                             | CI ^ -> CO ^ | FA1D1   | 0.043 |   1.187 |    1.191 | 
     | U52272                                             | CI ^ -> CO ^ | FA1D1   | 0.043 |   1.229 |    1.234 | 
     | U52296                                             | CI ^ -> CO ^ | FA1D1   | 0.042 |   1.272 |    1.276 | 
     | U52622                                             | CI ^ -> S ^  | FA1D4   | 0.066 |   1.338 |    1.342 | 
     | U52623                                             | A1 ^ -> Z ^  | AN2D4   | 0.033 |   1.371 |    1.376 | 
     | core_instance1_sfp_instance_sum8_inst_s45_r_reg_19 | D ^          | DFQD1   | 0.000 |   1.371 |    1.376 | 
     | _                                                  |              |         |       |         |          | 
     +----------------------------------------------------------------------------------------------------------+ 
Path 2: MET Clock Gating Setup Check with Pin clk_gate_core0_self_ext_fifo_mem_
reg_2_/latch/CP 
Endpoint:   clk_gate_core0_self_ext_fifo_mem_reg_2_/latch/E (^) checked with  
leading edge of 'clk0'
Beginpoint: core0_self_ext_fifo_wr_ptr_bin_reg_1_/Q         (^) triggered by  
leading edge of 'clk0'
Path Groups: {clock_gating_default}
Analysis View: TC_VIEW
Other End Arrival Time          0.123
- Clock Gating Setup            0.032
+ Phase Shift                   1.000
+ CPPR Adjustment               0.000
= Required Time                 1.092
- Arrival Time                  1.086
= Slack Time                    0.006
     Clock Rise Edge                 0.000
     + Clock Network Latency (Prop)  0.198
     = Beginpoint Arrival Time       0.198
     +-----------------------------------------------------------------------------------------------------+ 
     |                   Instance                    |     Arc      |  Cell   | Delay | Arrival | Required | 
     |                                               |              |         |       |  Time   |   Time   | 
     |-----------------------------------------------+--------------+---------+-------+---------+----------| 
     | core0_self_ext_fifo_wr_ptr_bin_reg_1_         | CP ^         |         |       |   0.198 |    0.204 | 
     | core0_self_ext_fifo_wr_ptr_bin_reg_1_         | CP ^ -> Q ^  | DFCNQD1 | 0.120 |   0.318 |    0.324 | 
     | U30530                                        | I ^ -> ZN v  | CKND0   | 0.051 |   0.369 |    0.376 | 
     | U22372                                        | A1 v -> ZN ^ | NR2D1   | 0.059 |   0.428 |    0.434 | 
     | U46311                                        | A1 ^ -> ZN ^ | IND2D0  | 0.047 |   0.475 |    0.481 | 
     | U46312                                        | A2 ^ -> ZN v | CKND2D0 | 0.051 |   0.526 |    0.532 | 
     | U47265                                        | A1 v -> ZN ^ | OAI32D0 | 0.138 |   0.664 |    0.670 | 
     | U47268                                        | I0 ^ -> ZN v | MUX2ND0 | 0.049 |   0.712 |    0.718 | 
     | U23236                                        | A2 v -> ZN ^ | AOI31D1 | 0.074 |   0.787 |    0.793 | 
     | U26267                                        | I ^ -> ZN v  | CKND0   | 0.037 |   0.824 |    0.830 | 
     | U22221                                        | A2 v -> ZN ^ | NR2D0   | 0.059 |   0.883 |    0.889 | 
     | U22222                                        | A1 ^ -> ZN v | CKND2D0 | 0.058 |   0.940 |    0.947 | 
     | U47436                                        | A2 v -> ZN ^ | NR2D0   | 0.145 |   1.086 |    1.092 | 
     | clk_gate_core0_self_ext_fifo_mem_reg_2_/latch | E ^          | CKLNQD8 | 0.000 |   1.086 |    1.092 | 
     +-----------------------------------------------------------------------------------------------------+ 
Path 3: MET Setup Check with Pin core_instance1_sfp_instance_sum8_inst_s67_r_
reg_19_/CP 
Endpoint:   core_instance1_sfp_instance_sum8_inst_s67_r_reg_19_/D              
(^) checked with  leading edge of 'clk1'
Beginpoint: core_instance1_ofifo_inst_col_idx_7__fifo_instance_rd_ptr_reg_0_/Q 
(v) triggered by  leading edge of 'clk1'
Path Groups: {clk1}
Analysis View: TC_VIEW
Other End Arrival Time          0.182
- Setup                         0.008
+ Phase Shift                   1.200
+ CPPR Adjustment               0.000
= Required Time                 1.375
- Arrival Time                  1.365
= Slack Time                    0.010
     Clock Rise Edge                 0.000
     + Clock Network Latency (Prop)  0.210
     = Beginpoint Arrival Time       0.210
     +-----------------------------------------------------------------------------------------------------------+ 
     |                      Instance                      |     Arc      |   Cell   | Delay | Arrival | Required | 
     |                                                    |              |          |       |  Time   |   Time   | 
     |----------------------------------------------------+--------------+----------+-------+---------+----------| 
     | core_instance1_ofifo_inst_col_idx_7__fifo_instance | CP ^         |          |       |   0.210 |    0.219 | 
     | _rd_ptr_reg_0_                                     |              |          |       |         |          | 
     | core_instance1_ofifo_inst_col_idx_7__fifo_instance | CP ^ -> Q v  | DFQD4    | 0.097 |   0.307 |    0.317 | 
     | _rd_ptr_reg_0_                                     |              |          |       |         |          | 
     | U22811                                             | A2 v -> ZN ^ | CKND2D2  | 0.032 |   0.339 |    0.349 | 
     | U43754                                             | A1 ^ -> ZN v | NR2D4    | 0.032 |   0.372 |    0.381 | 
     | FE_OFC2033_n36429                                  | I v -> Z v   | BUFFD4   | 0.044 |   0.416 |    0.426 | 
     | U44988                                             | A1 v -> ZN ^ | AOI22D0  | 0.047 |   0.463 |    0.472 | 
     | U44990                                             | A2 ^ -> ZN v | ND3D0    | 0.078 |   0.541 |    0.550 | 
     | U44998                                             | A2 v -> ZN ^ | OAI22D1  | 0.061 |   0.602 |    0.612 | 
     | FE_OFC2255_n35597                                  | I ^ -> Z ^   | BUFFD6   | 0.056 |   0.658 |    0.667 | 
     | U47444                                             | A1 ^ -> Z ^  | OA21D1   | 0.058 |   0.716 |    0.726 | 
     | U47677                                             | I ^ -> ZN v  | CKND1    | 0.030 |   0.746 |    0.755 | 
     | FE_RC_621_0                                        | B2 v -> ZN v | MOAI22D1 | 0.047 |   0.793 |    0.802 | 
     | U48504                                             | I0 v -> ZN ^ | MUX2ND0  | 0.073 |   0.866 |    0.875 | 
     | U48508                                             | A1 ^ -> ZN v | ND2D1    | 0.050 |   0.916 |    0.926 | 
     | FE_RC_613_0                                        | B v -> ZN ^  | OAI21D4  | 0.028 |   0.944 |    0.954 | 
     | U20155                                             | A2 ^ -> ZN v | AOI21D4  | 0.022 |   0.966 |    0.976 | 
     | FE_RC_514_0                                        | A1 v -> ZN ^ | OAI21D4  | 0.025 |   0.991 |    1.001 | 
     | FE_RC_385_0                                        | A1 ^ -> ZN v | AOI21D4  | 0.021 |   1.013 |    1.022 | 
     | FE_RC_506_0                                        | A1 v -> ZN ^ | OAI21D4  | 0.026 |   1.039 |    1.048 | 
     | U19796                                             | A2 ^ -> ZN v | AOI21D4  | 0.023 |   1.061 |    1.071 | 
     | FE_RC_282_0                                        | A1 v -> ZN ^ | OAI21D4  | 0.025 |   1.086 |    1.096 | 
     | FE_RC_323_0                                        | A1 ^ -> ZN v | AOI21D4  | 0.021 |   1.108 |    1.117 | 
     | FE_RC_352_0                                        | A1 v -> ZN ^ | OAI21D4  | 0.027 |   1.135 |    1.144 | 
     | U19836                                             | A2 ^ -> ZN v | AOI21D4  | 0.022 |   1.157 |    1.167 | 
     | FE_RC_392_0                                        | A1 v -> ZN ^ | OAI21D4  | 0.025 |   1.182 |    1.192 | 
     | FE_RC_377_0                                        | A1 ^ -> ZN v | AOI21D4  | 0.022 |   1.204 |    1.213 | 
     | FE_RC_513_0                                        | A1 v -> ZN ^ | OAI21D4  | 0.024 |   1.228 |    1.238 | 
     | U24763                                             | A2 ^ -> ZN v | AOI21D2  | 0.021 |   1.249 |    1.259 | 
     | U52614                                             | A1 v -> ZN ^ | OAI21D1  | 0.028 |   1.277 |    1.287 | 
     | U52615                                             | A1 ^ -> Z ^  | CKXOR2D2 | 0.054 |   1.331 |    1.340 | 
     | U32603                                             | A1 ^ -> Z ^  | AN2XD1   | 0.034 |   1.365 |    1.375 | 
     | core_instance1_sfp_instance_sum8_inst_s67_r_reg_19 | D ^          | DFQD1    | 0.000 |   1.365 |    1.375 | 
     | _                                                  |              |          |       |         |          | 
     +-----------------------------------------------------------------------------------------------------------+ 
Path 4: MET Setup Check with Pin core_instance1_mac_array_instance_col_idx_6__
mac_col_inst_mac_8in_instance_product4_reg_14_/CP 
Endpoint:   core_instance1_mac_array_instance_col_idx_6__mac_col_inst_mac_8in_
instance_product4_reg_14_/D (^) checked with  leading edge of 'clk1'
Beginpoint: core_instance1_mac_array_instance_col_idx_6__mac_col_inst_query_q_
reg_39_/Q                   (^) triggered by  leading edge of 'clk1'
Path Groups: {clk1}
Analysis View: TC_VIEW
Other End Arrival Time          0.200
- Setup                         0.011
+ Phase Shift                   1.200
+ CPPR Adjustment               0.000
= Required Time                 1.390
- Arrival Time                  1.380
= Slack Time                    0.010
     Clock Rise Edge                 0.000
     + Clock Network Latency (Prop)  0.202
     = Beginpoint Arrival Time       0.202
     +-----------------------------------------------------------------------------------------------------------+ 
     |                      Instance                      |     Arc      |   Cell   | Delay | Arrival | Required | 
     |                                                    |              |          |       |  Time   |   Time   | 
     |----------------------------------------------------+--------------+----------+-------+---------+----------| 
     | core_instance1_mac_array_instance_col_idx_6__mac_c | CP ^         |          |       |   0.202 |    0.212 | 
     | ol_inst_query_q_reg_39_                            |              |          |       |         |          | 
     | core_instance1_mac_array_instance_col_idx_6__mac_c | CP ^ -> Q ^  | DFCND1   | 0.287 |   0.488 |    0.498 | 
     | ol_inst_query_q_reg_39_                            |              |          |       |         |          | 
     | U21586                                             | B2 ^ -> ZN v | OAI221D1 | 0.132 |   0.621 |    0.630 | 
     | U42211                                             | C v -> ZN ^  | AOI221D0 | 0.113 |   0.734 |    0.743 | 
     | U42212                                             | B ^ -> Z ^   | AO21D0   | 0.062 |   0.796 |    0.805 | 
     | U42213                                             | B ^ -> S ^   | HA1D0    | 0.044 |   0.840 |    0.849 | 
     | mult_x_644_U26                                     | D ^ -> S v   | CMPE42D1 | 0.123 |   0.963 |    0.973 | 
     | U42204                                             | B v -> CO v  | FA1D1    | 0.084 |   1.046 |    1.056 | 
     | U17607                                             | CI v -> CO v | FA1D1    | 0.046 |   1.093 |    1.102 | 
     | U18955                                             | CI v -> CO v | FA1D1    | 0.045 |   1.138 |    1.147 | 
     | U18735                                             | CI v -> CO v | FA1D1    | 0.044 |   1.182 |    1.191 | 
     | U18712                                             | CI v -> CO v | FA1D1    | 0.047 |   1.229 |    1.238 | 
     | U18540                                             | CI v -> CO v | FA1D1    | 0.044 |   1.273 |    1.283 | 
     | U18415                                             | CI v -> CO v | FA1D1    | 0.044 |   1.317 |    1.326 | 
     | U17871                                             | CI v -> S ^  | FA1D1    | 0.063 |   1.380 |    1.389 | 
     | core_instance1_mac_array_instance_col_idx_6__mac_c | D ^          | DFQD1    | 0.000 |   1.380 |    1.390 | 
     | ol_inst_mac_8in_instance_product4_reg_14_          |              |          |       |         |          | 
     +-----------------------------------------------------------------------------------------------------------+ 
Path 5: MET Setup Check with Pin core_instance1_sfp_instance_sum8_inst_s67_r_
reg_16_/CP 
Endpoint:   core_instance1_sfp_instance_sum8_inst_s67_r_reg_16_/D              
(^) checked with  leading edge of 'clk1'
Beginpoint: core_instance1_ofifo_inst_col_idx_6__fifo_instance_rd_ptr_reg_1_/Q 
(^) triggered by  leading edge of 'clk1'
Path Groups: {clk1}
Analysis View: TC_VIEW
Other End Arrival Time          0.183
- Setup                         0.010
+ Phase Shift                   1.200
+ CPPR Adjustment               0.000
= Required Time                 1.373
- Arrival Time                  1.363
= Slack Time                    0.010
     Clock Rise Edge                 0.000
     + Clock Network Latency (Prop)  0.209
     = Beginpoint Arrival Time       0.209
     +------------------------------------------------------------------------------------------------------------+ 
     |                      Instance                      |     Arc      |   Cell    | Delay | Arrival | Required | 
     |                                                    |              |           |       |  Time   |   Time   | 
     |----------------------------------------------------+--------------+-----------+-------+---------+----------| 
     | core_instance1_ofifo_inst_col_idx_6__fifo_instance | CP ^         |           |       |   0.209 |    0.220 | 
     | _rd_ptr_reg_1_                                     |              |           |       |         |          | 
     | core_instance1_ofifo_inst_col_idx_6__fifo_instance | CP ^ -> Q ^  | DFQD4     | 0.095 |   0.304 |    0.315 | 
     | _rd_ptr_reg_1_                                     |              |           |       |         |          | 
     | U20160                                             | I ^ -> ZN v  | INVD3     | 0.025 |   0.329 |    0.340 | 
     | U20159                                             | A2 v -> ZN ^ | ND2D4     | 0.058 |   0.387 |    0.398 | 
     | FE_OFC2232_n36017                                  | I ^ -> Z ^   | BUFFD2    | 0.053 |   0.441 |    0.451 | 
     | U45034                                             | B1 ^ -> ZN v | INR2D0    | 0.019 |   0.460 |    0.470 | 
     | U45035                                             | B v -> ZN ^  | AOI211XD0 | 0.055 |   0.516 |    0.526 | 
     | U45039                                             | A1 ^ -> ZN v | ND4D1     | 0.071 |   0.586 |    0.596 | 
     | U45046                                             | A1 v -> ZN ^ | ND2D4     | 0.053 |   0.639 |    0.649 | 
     | U47801                                             | A1 ^ -> ZN v | NR2D1     | 0.024 |   0.663 |    0.674 | 
     | U47804                                             | A1 v -> ZN ^ | NR2XD1    | 0.036 |   0.699 |    0.709 | 
     | U47806                                             | A1 ^ -> ZN v | CKND2D1   | 0.028 |   0.727 |    0.737 | 
     | U47825                                             | A1 v -> ZN ^ | NR2XD0    | 0.025 |   0.752 |    0.763 | 
     | U20311                                             | A2 ^ -> ZN v | CKND2D1   | 0.031 |   0.783 |    0.793 | 
     | U21908                                             | A1 v -> ZN ^ | NR2XD0    | 0.042 |   0.825 |    0.835 | 
     | U47919                                             | A ^ -> CO ^  | HA1D1     | 0.047 |   0.872 |    0.882 | 
     | U47916                                             | A ^ -> CO ^  | HA1D1     | 0.043 |   0.915 |    0.925 | 
     | U47914                                             | A ^ -> CO ^  | HA1D1     | 0.041 |   0.957 |    0.967 | 
     | U47905                                             | A ^ -> CO ^  | HA1D1     | 0.043 |   1.000 |    1.010 | 
     | U47902                                             | A ^ -> S v   | HA1D1     | 0.046 |   1.045 |    1.056 | 
     | U47903                                             | I v -> ZN ^  | CKND0     | 0.025 |   1.070 |    1.081 | 
     | U49583                                             | I0 ^ -> ZN v | MUX2ND0   | 0.047 |   1.117 |    1.128 | 
     | U18267                                             | A2 v -> ZN ^ | NR2D1     | 0.063 |   1.180 |    1.191 | 
     | U49584                                             | I ^ -> ZN v  | CKND0     | 0.023 |   1.204 |    1.214 | 
     | U24289                                             | A1 v -> ZN ^ | CKND2D0   | 0.031 |   1.235 |    1.245 | 
     | U24288                                             | A1 ^ -> Z ^  | XOR2D0    | 0.074 |   1.309 |    1.319 | 
     | U24287                                             | A1 ^ -> Z ^  | CKAN2D0   | 0.054 |   1.363 |    1.373 | 
     | core_instance1_sfp_instance_sum8_inst_s67_r_reg_16 | D ^          | DFQD1     | 0.000 |   1.363 |    1.373 | 
     | _                                                  |              |           |       |         |          | 
     +------------------------------------------------------------------------------------------------------------+ 

